Archive member included to satisfy reference by file (symbol)

c:/program files (x86)/atmel/studio/7.0/toolchain/arm/arm-gnu-toolchain/bin/../lib/gcc/arm-none-eabi/6.3.1/thumb/v7e-m\libgcc.a(_arm_addsubdf3.o)
                              hpl/sercom/hpl_sercom.o (__aeabi_dsub)
c:/program files (x86)/atmel/studio/7.0/toolchain/arm/arm-gnu-toolchain/bin/../lib/gcc/arm-none-eabi/6.3.1/thumb/v7e-m\libgcc.a(_arm_muldivdf3.o)
                              hpl/sercom/hpl_sercom.o (__aeabi_dmul)
c:/program files (x86)/atmel/studio/7.0/toolchain/arm/arm-gnu-toolchain/bin/../lib/gcc/arm-none-eabi/6.3.1/thumb/v7e-m\libgcc.a(_arm_fixunsdfsi.o)
                              hpl/sercom/hpl_sercom.o (__aeabi_d2uiz)
c:/program files (x86)/atmel/studio/7.0/toolchain/arm/arm-gnu-toolchain/bin/../lib/gcc/arm-none-eabi/6.3.1/thumb/v7e-m\libgcc.a(_aeabi_uldivmod.o)
                              hpl/sercom/hpl_sercom.o (__aeabi_uldivmod)
c:/program files (x86)/atmel/studio/7.0/toolchain/arm/arm-gnu-toolchain/bin/../lib/gcc/arm-none-eabi/6.3.1/thumb/v7e-m\libgcc.a(_udivmoddi4.o)
                              c:/program files (x86)/atmel/studio/7.0/toolchain/arm/arm-gnu-toolchain/bin/../lib/gcc/arm-none-eabi/6.3.1/thumb/v7e-m\libgcc.a(_aeabi_uldivmod.o) (__udivmoddi4)
c:/program files (x86)/atmel/studio/7.0/toolchain/arm/arm-gnu-toolchain/bin/../lib/gcc/arm-none-eabi/6.3.1/thumb/v7e-m\libgcc.a(_dvmd_tls.o)
                              c:/program files (x86)/atmel/studio/7.0/toolchain/arm/arm-gnu-toolchain/bin/../lib/gcc/arm-none-eabi/6.3.1/thumb/v7e-m\libgcc.a(_aeabi_uldivmod.o) (__aeabi_ldiv0)
c:/program files (x86)/atmel/studio/7.0/toolchain/arm/arm-gnu-toolchain/bin/../lib/gcc/arm-none-eabi/6.3.1/../../../../arm-none-eabi/lib/thumb/v7e-m\libc_nano.a(lib_a-exit.o)
                              c:/program files (x86)/atmel/studio/7.0/toolchain/arm/arm-gnu-toolchain/bin/../lib/gcc/arm-none-eabi/6.3.1/../../../../arm-none-eabi/lib/thumb/v7e-m/crt0.o (exit)
c:/program files (x86)/atmel/studio/7.0/toolchain/arm/arm-gnu-toolchain/bin/../lib/gcc/arm-none-eabi/6.3.1/../../../../arm-none-eabi/lib/thumb/v7e-m\libc_nano.a(lib_a-impure.o)
                              c:/program files (x86)/atmel/studio/7.0/toolchain/arm/arm-gnu-toolchain/bin/../lib/gcc/arm-none-eabi/6.3.1/../../../../arm-none-eabi/lib/thumb/v7e-m\libc_nano.a(lib_a-exit.o) (_global_impure_ptr)
c:/program files (x86)/atmel/studio/7.0/toolchain/arm/arm-gnu-toolchain/bin/../lib/gcc/arm-none-eabi/6.3.1/../../../../arm-none-eabi/lib/thumb/v7e-m\libc_nano.a(lib_a-init.o)
                              c:/program files (x86)/atmel/studio/7.0/toolchain/arm/arm-gnu-toolchain/bin/../lib/gcc/arm-none-eabi/6.3.1/../../../../arm-none-eabi/lib/thumb/v7e-m/crt0.o (__libc_init_array)
c:/program files (x86)/atmel/studio/7.0/toolchain/arm/arm-gnu-toolchain/bin/../lib/gcc/arm-none-eabi/6.3.1/../../../../arm-none-eabi/lib/thumb/v7e-m\libc_nano.a(lib_a-memcpy-stub.o)
                              hpl/gmac/hpl_gmac.o (memcpy)
c:/program files (x86)/atmel/studio/7.0/toolchain/arm/arm-gnu-toolchain/bin/../lib/gcc/arm-none-eabi/6.3.1/../../../../arm-none-eabi/lib/thumb/v7e-m\libc_nano.a(lib_a-memset.o)
                              c:/program files (x86)/atmel/studio/7.0/toolchain/arm/arm-gnu-toolchain/bin/../lib/gcc/arm-none-eabi/6.3.1/../../../../arm-none-eabi/lib/thumb/v7e-m/crt0.o (memset)
c:/program files (x86)/atmel/studio/7.0/toolchain/arm/arm-gnu-toolchain/bin/../lib/gcc/arm-none-eabi/6.3.1/../../../../arm-none-eabi/lib/thumb/v7e-m\libc_nano.a(lib_a-printf.o)
                              hal/utils/src/utils_syscalls.o (printf)
c:/program files (x86)/atmel/studio/7.0/toolchain/arm/arm-gnu-toolchain/bin/../lib/gcc/arm-none-eabi/6.3.1/../../../../arm-none-eabi/lib/thumb/v7e-m\libc_nano.a(lib_a-findfp.o)
                              c:/program files (x86)/atmel/studio/7.0/toolchain/arm/arm-gnu-toolchain/bin/../lib/gcc/arm-none-eabi/6.3.1/../../../../arm-none-eabi/lib/thumb/v7e-m\libc_nano.a(lib_a-printf.o) (__sinit)
c:/program files (x86)/atmel/studio/7.0/toolchain/arm/arm-gnu-toolchain/bin/../lib/gcc/arm-none-eabi/6.3.1/../../../../arm-none-eabi/lib/thumb/v7e-m\libc_nano.a(lib_a-fwalk.o)
                              c:/program files (x86)/atmel/studio/7.0/toolchain/arm/arm-gnu-toolchain/bin/../lib/gcc/arm-none-eabi/6.3.1/../../../../arm-none-eabi/lib/thumb/v7e-m\libc_nano.a(lib_a-findfp.o) (_fwalk)
c:/program files (x86)/atmel/studio/7.0/toolchain/arm/arm-gnu-toolchain/bin/../lib/gcc/arm-none-eabi/6.3.1/../../../../arm-none-eabi/lib/thumb/v7e-m\libc_nano.a(lib_a-nano-mallocr.o)
                              c:/program files (x86)/atmel/studio/7.0/toolchain/arm/arm-gnu-toolchain/bin/../lib/gcc/arm-none-eabi/6.3.1/../../../../arm-none-eabi/lib/thumb/v7e-m\libc_nano.a(lib_a-findfp.o) (_malloc_r)
c:/program files (x86)/atmel/studio/7.0/toolchain/arm/arm-gnu-toolchain/bin/../lib/gcc/arm-none-eabi/6.3.1/../../../../arm-none-eabi/lib/thumb/v7e-m\libc_nano.a(lib_a-nano-vfprintf.o)
[...]
Memory Configuration

Name             Origin             Length             Attributes
rom              0x00000000         0x00100000         xr
ram              0x20000000         0x00040000         xrw
bkupram          0x47000000         0x00002000         xrw
qspi             0x04000000         0x01000000         xrw
*default*        0x00000000         0xffffffff

Linker script and memory map

LOAD c:/program files (x86)/atmel/studio/7.0/toolchain/arm/arm-gnu-toolchain/bin/../lib/gcc/arm-none-eabi/6.3.1/thumb/v7e-m/crti.o
LOAD c:/program files (x86)/atmel/studio/7.0/toolchain/arm/arm-gnu-toolchain/bin/../lib/gcc/arm-none-eabi/6.3.1/thumb/v7e-m/crtbegin.o
LOAD c:/program files (x86)/atmel/studio/7.0/toolchain/arm/arm-gnu-toolchain/bin/../lib/gcc/arm-none-eabi/6.3.1/../../../../arm-none-eabi/lib/thumb/v7e-m/crt0.o
LOAD atmel_start.o
LOAD Device_Startup/startup_same53.o
LOAD Device_Startup/system_same53.o
LOAD driver_init.o
LOAD examples/driver_examples.o
LOAD hal/src/hal_atomic.o
LOAD hal/src/hal_cache.o
LOAD hal/src/hal_delay.o
LOAD hal/src/hal_gpio.o
LOAD hal/src/hal_init.o
LOAD hal/src/hal_io.o
LOAD hal/src/hal_mac_async.o
LOAD hal/src/hal_sleep.o
LOAD hal/src/hal_timer.o
LOAD hal/src/hal_usart_sync.o
LOAD hal/utils/src/utils_assert.o
LOAD hal/utils/src/utils_event.o
LOAD hal/utils/src/utils_list.o
LOAD hal/utils/src/utils_syscalls.o
LOAD hpl/cmcc/hpl_cmcc.o
LOAD hpl/core/hpl_core_m4.o
LOAD hpl/core/hpl_init.o
LOAD hpl/dmac/hpl_dmac.o
LOAD hpl/gclk/hpl_gclk.o
LOAD hpl/gmac/hpl_gmac.o
LOAD hpl/mclk/hpl_mclk.o
LOAD hpl/osc32kctrl/hpl_osc32kctrl.o
LOAD hpl/oscctrl/hpl_oscctrl.o
LOAD hpl/pm/hpl_pm.o
LOAD hpl/ramecc/hpl_ramecc.o
LOAD hpl/rtc/hpl_rtc.o
LOAD hpl/sercom/hpl_sercom.o
LOAD main.o
START GROUP
LOAD c:/program files (x86)/atmel/studio/7.0/toolchain/arm/arm-gnu-toolchain/bin/../lib/gcc/arm-none-eabi/6.3.1/../../../../arm-none-eabi/lib/thumb/v7e-m\libm.a
END GROUP
START GROUP
LOAD c:/program files (x86)/atmel/studio/7.0/toolchain/arm/arm-gnu-toolchain/bin/../lib/gcc/arm-none-eabi/6.3.1/thumb/v7e-m\libgcc.a
LOAD c:/program files (x86)/atmel/studio/7.0/toolchain/arm/arm-gnu-toolchain/bin/../lib/gcc/arm-none-eabi/6.3.1/../../../../arm-none-eabi/lib/thumb/v7e-m\libc_nano.a
END GROUP
START GROUP
LOAD c:/program files (x86)/atmel/studio/7.0/toolchain/arm/arm-gnu-toolchain/bin/../lib/gcc/arm-none-eabi/6.3.1/thumb/v7e-m\libgcc.a
LOAD c:/program files (x86)/atmel/studio/7.0/toolchain/arm/arm-gnu-toolchain/bin/../lib/gcc/arm-none-eabi/6.3.1/../../../../arm-none-eabi/lib/thumb/v7e-m\libc_nano.a
END GROUP
LOAD c:/program files (x86)/atmel/studio/7.0/toolchain/arm/arm-gnu-toolchain/bin/../lib/gcc/arm-none-eabi/6.3.1/thumb/v7e-m/crtend.o
LOAD c:/program files (x86)/atmel/studio/7.0/toolchain/arm/arm-gnu-toolchain/bin/../lib/gcc/arm-none-eabi/6.3.1/thumb/v7e-m/crtn.o
                0x00010000                STACK_SIZE = DEFINED (STACK_SIZE)?STACK_SIZE:DEFINED (__stack_size__)?__stack_size__:0x10000

.text           0x00000000      0xd44
                0x00000000                . = ALIGN (0x4)
                0x00000000                _sfixed = .
 *(.vectors .vectors.*)
 .vectors       0x00000000      0x264 Device_Startup/startup_same53.o
                0x00000000                exception_table
 *(.text .text.* .gnu.linkonce.t.*)
 .text          0x00000264       0x6c c:/program files (x86)/atmel/studio/7.0/toolchain/arm/arm-gnu-toolchain/bin/../lib/gcc/arm-none-eabi/6.3.1/thumb/v7e-m/crtbegin.o
 .text.atmel_start_init
                0x000002d0        0xc atmel_start.o
                0x000002d0                atmel_start_init
 .text.Dummy_Handler
                0x000002dc        0x2 Device_Startup/startup_same53.o
                0x000002dc                EIC_5_Handler
                0x000002dc                SERCOM0_2_Handler
                0x000002dc                DebugMon_Handler
                0x000002dc                EIC_13_Handler
                0x000002dc                EVSYS_0_Handler
                0x000002dc                TCC1_3_Handler
                0x000002dc                DAC_3_Handler
                0x000002dc                TRNG_Handler
                0x000002dc                HardFault_Handler
                0x000002dc                TC2_Handler
                0x000002dc                PDEC_2_Handler
                0x000002dc                EIC_4_Handler
                0x000002dc                AC_Handler
                0x000002dc                SERCOM3_1_Handler
                0x000002dc                SysTick_Handler
                0x000002dc                TCC2_3_Handler
                0x000002dc                SERCOM3_2_Handler
                0x000002dc                PendSV_Handler
                0x000002dc                NMI_Handler
                0x000002dc                ADC1_1_Handler
                0x000002dc                EVSYS_3_Handler
                0x000002dc                PDEC_0_Handler
                0x000002dc                QSPI_Handler
                0x000002dc                TCC0_0_Handler
                0x000002dc                EIC_3_Handler
                0x000002dc                TAL_0_Handler
                0x000002dc                DAC_2_Handler
                0x000002dc                SERCOM0_0_Handler
                0x000002dc                UsageFault_Handler
                0x000002dc                SERCOM4_0_Handler
                0x000002dc                EIC_10_Handler
                0x000002dc                SERCOM0_3_Handler
                0x000002dc                EIC_11_Handler
                0x000002dc                EIC_9_Handler
                0x000002dc                OSC32KCTRL_Handler
                0x000002dc                TCC2_1_Handler
                0x000002dc                SUPC_1_Handler
                0x000002dc                TCC0_5_Handler
                0x000002dc                TCC0_6_Handler
                0x000002dc                EVSYS_1_Handler
                0x000002dc                TCC1_4_Handler
                0x000002dc                DMAC_0_Handler
                0x000002dc                WDT_Handler
                0x000002dc                EIC_8_Handler
                0x000002dc                EIC_15_Handler
                0x000002dc                SERCOM5_0_Handler
                0x000002dc                TC4_Handler
                0x000002dc                TC1_Handler
                0x000002dc                OSCCTRL_4_Handler
                0x000002dc                SERCOM4_3_Handler
                0x000002dc                EIC_12_Handler
                0x000002dc                DMAC_4_Handler
                0x000002dc                TCC4_2_Handler
                0x000002dc                PAC_Handler
                0x000002dc                TCC1_0_Handler
                0x000002dc                USB_0_Handler
                0x000002dc                OSCCTRL_0_Handler
                0x000002dc                EIC_0_Handler
                0x000002dc                OSCCTRL_3_Handler
                0x000002dc                SERCOM4_1_Handler
                0x000002dc                TC3_Handler
                0x000002dc                Dummy_Handler
                0x000002dc                TCC3_0_Handler
                0x000002dc                TCC2_2_Handler
                0x000002dc                SERCOM5_1_Handler
                0x000002dc                TCC1_1_Handler
                0x000002dc                DMAC_2_Handler
                0x000002dc                ADC0_0_Handler
                0x000002dc                SERCOM0_1_Handler
                0x000002dc                OSCCTRL_2_Handler
                0x000002dc                ADC1_0_Handler
                0x000002dc                TCC1_2_Handler
                0x000002dc                USB_1_Handler
                0x000002dc                PM_Handler
                0x000002dc                SERCOM2_3_Handler
                0x000002dc                DAC_4_Handler
                0x000002dc                TCC3_2_Handler
                0x000002dc                TCC0_2_Handler
                0x000002dc                DMAC_1_Handler
                0x000002dc                TCC4_0_Handler
                0x000002dc                USB_3_Handler
                0x000002dc                TCC2_0_Handler
                0x000002dc                PDEC_1_Handler
                0x000002dc                MemManage_Handler
                0x000002dc                TCC4_1_Handler
                0x000002dc                SERCOM5_3_Handler
                0x000002dc                USB_2_Handler
                0x000002dc                SVC_Handler
                0x000002dc                SDHC0_Handler
                0x000002dc                SERCOM1_1_Handler
                0x000002dc                I2S_Handler
                0x000002dc                EIC_2_Handler
                0x000002dc                PCC_Handler
                0x000002dc                DAC_0_Handler
                0x000002dc                TCC0_1_Handler
                0x000002dc                SERCOM1_3_Handler
                0x000002dc                EIC_6_Handler
                0x000002dc                OSCCTRL_1_Handler
                0x000002dc                SERCOM1_0_Handler
                0x000002dc                PUKCC_Handler
                0x000002dc                SERCOM2_1_Handler
                0x000002dc                SERCOM1_2_Handler
                0x000002dc                SERCOM3_0_Handler
                0x000002dc                EIC_1_Handler
                0x000002dc                SERCOM4_2_Handler
                0x000002dc                EVSYS_4_Handler
                0x000002dc                EIC_7_Handler
                0x000002dc                NVMCTRL_1_Handler
                0x000002dc                SERCOM5_2_Handler
                0x000002dc                SERCOM3_3_Handler
                0x000002dc                ADC0_1_Handler
                0x000002dc                SERCOM2_2_Handler
                0x000002dc                TCC3_1_Handler
                0x000002dc                EIC_14_Handler
                0x000002dc                DAC_1_Handler
                0x000002dc                NVMCTRL_0_Handler
                0x000002dc                TAL_1_Handler
                0x000002dc                MCLK_Handler
                0x000002dc                EVSYS_2_Handler
                0x000002dc                SUPC_0_Handler
                0x000002dc                BusFault_Handler
                0x000002dc                FREQM_Handler
                0x000002dc                TC0_Handler
                0x000002dc                TCC0_3_Handler
                0x000002dc                DMAC_3_Handler
                0x000002dc                TCC0_4_Handler
                0x000002dc                TC5_Handler
                0x000002dc                SERCOM2_0_Handler
                0x000002dc                AES_Handler
                0x000002dc                ICM_Handler
 *fill*         0x000002de        0x2 
 .text.Reset_Handler
                0x000002e0       0x98 Device_Startup/startup_same53.o
                0x000002e0                Reset_Handler
 .text.USART_0_PORT_init
                0x00000378       0x48 driver_init.o
                0x00000378                USART_0_PORT_init
 .text.USART_0_CLOCK_init
                0x000003c0       0x24 driver_init.o
                0x000003c0                USART_0_CLOCK_init
 .text.USART_0_init
                0x000003e4       0x2c driver_init.o
                0x000003e4                USART_0_init
 .text.ETHERNET_MAC_0_PORT_init
                0x00000410       0x88 driver_init.o
                0x00000410                ETHERNET_MAC_0_PORT_init
 .text.ETHERNET_MAC_0_CLOCK_init
                0x00000498       0x18 driver_init.o
                0x00000498                ETHERNET_MAC_0_CLOCK_init
 .text.ETHERNET_MAC_0_init
                0x000004b0       0x28 driver_init.o
                0x000004b0                ETHERNET_MAC_0_init
 .text.system_init
                0x000004d8       0x48 driver_init.o
                0x000004d8                system_init
 .text.delay_ms
                0x00000520       0x20 hal/src/hal_delay.o
                0x00000520                delay_ms
 .text.mac_async_init
                0x00000540       0x30 hal/src/hal_mac_async.o
                0x00000540                mac_async_init
 .text.timer_add_timer_task
                0x00000570       0x58 hal/src/hal_timer.o
 .text.timer_process_counted
                0x000005c8       0x80 hal/src/hal_timer.o
 .text.timer_init
                0x00000648       0x3c hal/src/hal_timer.o
                0x00000648                timer_init
 .text.usart_sync_write
                0x00000684       0x74 hal/src/hal_usart_sync.o
 .text.usart_sync_read
                0x000006f8       0x60 hal/src/hal_usart_sync.o
 .text.usart_sync_init
                0x00000758       0x48 hal/src/hal_usart_sync.o
                0x00000758                usart_sync_init
 .text.assert   0x000007a0        0x6 hal/utils/src/utils_assert.o
                0x000007a0                assert
 .text.is_list_element
                0x000007a6       0x20 hal/utils/src/utils_list.o
                0x000007a6                is_list_element
 *fill*         0x000007c6        0x2 
 .text.list_insert_as_head
                0x000007c8       0x2c hal/utils/src/utils_list.o
                0x000007c8                list_insert_as_head
 .text.list_insert_after
                0x000007f4        0x8 hal/utils/src/utils_list.o
                0x000007f4                list_insert_after
 .text.list_remove_head
                0x000007fc        0xc hal/utils/src/utils_list.o
                0x000007fc                list_remove_head
 .text._get_cycles_for_ms
                0x00000808       0x1c hpl/core/hpl_core_m4.o
                0x00000808                _get_cycles_for_ms
 .text._delay_cycles
                0x00000824        0x6 hpl/core/hpl_core_m4.o
                0x00000824                _delay_cycles
 *fill*         0x0000082a        0x2 
 .text._init_chip
                0x0000082c       0x3c hpl/core/hpl_init.o
                0x0000082c                _init_chip
 .text._gclk_init_generators_by_fref
                0x00000868       0x18 hpl/gclk/hpl_gclk.o
                0x00000868                _gclk_init_generators_by_fref
 .text.GMAC_Handler
                0x00000880       0x5c hpl/gmac/hpl_gmac.o
                0x00000880                GMAC_Handler
 .text._mac_async_init
                0x000008dc       0xc4 hpl/gmac/hpl_gmac.o
                0x000008dc                _mac_async_init
 .text._mclk_init
                0x000009a0        0xc hpl/mclk/hpl_mclk.o
                0x000009a0                _mclk_init
 .text._osc32kctrl_init_sources
                0x000009ac       0x14 hpl/osc32kctrl/hpl_osc32kctrl.o
                0x000009ac                _osc32kctrl_init_sources
 .text._oscctrl_init_sources
                0x000009c0       0x1c hpl/oscctrl/hpl_oscctrl.o
                0x000009c0                _oscctrl_init_sources
 .text._oscctrl_init_referenced_generators
                0x000009dc        0x2 hpl/oscctrl/hpl_oscctrl.o
                0x000009dc                _oscctrl_init_referenced_generators
 *fill*         0x000009de        0x2 
 .text.RAMECC_Handler
                0x000009e0       0x44 hpl/ramecc/hpl_ramecc.o
                0x000009e0                RAMECC_Handler
 .text._timer_init
                0x00000a24       0x4c hpl/rtc/hpl_rtc.o
                0x00000a24                _timer_init
 .text._rtc_get_timer
                0x00000a70        0x4 hpl/rtc/hpl_rtc.o
                0x00000a70                _rtc_get_timer
 .text.RTC_Handler
                0x00000a74       0x28 hpl/rtc/hpl_rtc.o
                0x00000a74                RTC_Handler
 .text._sercom_get_hardware_index
                0x00000a9c       0x40 hpl/sercom/hpl_sercom.o
 .text._usart_init
                0x00000adc       0x80 hpl/sercom/hpl_sercom.o
 .text._usart_sync_init
                0x00000b5c       0x2c hpl/sercom/hpl_sercom.o
                0x00000b5c                _usart_sync_init
 .text._usart_sync_write_byte
                0x00000b88        0x6 hpl/sercom/hpl_sercom.o
                0x00000b88                _usart_sync_write_byte
 .text._usart_sync_read_byte
                0x00000b8e        0x8 hpl/sercom/hpl_sercom.o
                0x00000b8e                _usart_sync_read_byte
 .text._usart_sync_is_ready_to_send
                0x00000b96        0xa hpl/sercom/hpl_sercom.o
                0x00000b96                _usart_sync_is_ready_to_send
 .text._usart_sync_is_transmit_done
                0x00000ba0        0xa hpl/sercom/hpl_sercom.o
                0x00000ba0                _usart_sync_is_transmit_done
 .text._usart_sync_is_byte_received
                0x00000baa        0xa hpl/sercom/hpl_sercom.o
                0x00000baa                _usart_sync_is_byte_received
 .text.main     0x00000bb4       0x54 main.o
                0x00000bb4                main
 .text.__libc_init_array
                0x00000c08       0x48 c:/program files (x86)/atmel/studio/7.0/toolchain/arm/arm-gnu-toolchain/bin/../lib/gcc/arm-none-eabi/6.3.1/../../../../arm-none-eabi/lib/thumb/v7e-m\libc_nano.a(lib_a-init.o)
                0x00000c08                __libc_init_array
 *(.glue_7t)
 .glue_7t       0x00000c50        0x0 linker stubs
 *(.glue_7)
 .glue_7        0x00000c50        0x0 linker stubs
 *(.rodata .rodata* .gnu.linkonce.r.*)
 .rodata.str1.4
                0x00000c50       0x1b hal/src/hal_mac_async.o
 *fill*         0x00000c6b        0x1 
 .rodata.str1.4
                0x00000c6c       0x17 hal/src/hal_timer.o
 *fill*         0x00000c83        0x1 
 .rodata.str1.4
                0x00000c84       0x1c hal/src/hal_usart_sync.o
 .rodata.str1.4
                0x00000ca0       0x1e hal/utils/src/utils_list.o
 *fill*         0x00000cbe        0x2 
 .rodata.str1.4
                0x00000cc0       0x15 hpl/rtc/hpl_rtc.o
 *fill*         0x00000cd5        0x3 
 .rodata        0x00000cd8       0x30 hpl/sercom/hpl_sercom.o
 .rodata.str1.4
                0x00000d08       0x1c hpl/sercom/hpl_sercom.o
                                 0x1b (size before relaxing)
 *(.ARM.extab* .gnu.linkonce.armextab.*)
                0x00000d24                . = ALIGN (0x4)
 *(.init)
 .init          0x00000d24        0x4 c:/program files (x86)/atmel/studio/7.0/toolchain/arm/arm-gnu-toolchain/bin/../lib/gcc/arm-none-eabi/6.3.1/thumb/v7e-m/crti.o
                0x00000d24                _init
 .init          0x00000d28        0x8 c:/program files (x86)/atmel/studio/7.0/toolchain/arm/arm-gnu-toolchain/bin/../lib/gcc/arm-none-eabi/6.3.1/thumb/v7e-m/crtn.o
                0x00000d30                . = ALIGN (0x4)
                0x00000d30                __preinit_array_start = .
 *(.preinit_array)
                0x00000d30                __preinit_array_end = .
                0x00000d30                . = ALIGN (0x4)
                0x00000d30                __init_array_start = .
 *(SORT(.init_array.*))
 *(.init_array)
 .init_array    0x00000d30        0x4 c:/program files (x86)/atmel/studio/7.0/toolchain/arm/arm-gnu-toolchain/bin/../lib/gcc/arm-none-eabi/6.3.1/thumb/v7e-m/crtbegin.o
                0x00000d34                __init_array_end = .
                0x00000d34                . = ALIGN (0x4)
 *crtbegin.o(.ctors)
 *(EXCLUDE_FILE(*crtend.o) .ctors)
 *(SORT(.ctors.*))
 *crtend.o(.ctors)
                0x00000d34                . = ALIGN (0x4)
 *(.fini)
 .fini          0x00000d34        0x4 c:/program files (x86)/atmel/studio/7.0/toolchain/arm/arm-gnu-toolchain/bin/../lib/gcc/arm-none-eabi/6.3.1/thumb/v7e-m/crti.o
                0x00000d34                _fini
 .fini          0x00000d38        0x8 c:/program files (x86)/atmel/studio/7.0/toolchain/arm/arm-gnu-toolchain/bin/../lib/gcc/arm-none-eabi/6.3.1/thumb/v7e-m/crtn.o
                0x00000d40                . = ALIGN (0x4)
                0x00000d40                __fini_array_start = .
 *(.fini_array)
 .fini_array    0x00000d40        0x4 c:/program files (x86)/atmel/studio/7.0/toolchain/arm/arm-gnu-toolchain/bin/../lib/gcc/arm-none-eabi/6.3.1/thumb/v7e-m/crtbegin.o
 *(SORT(.fini_array.*))
                0x00000d44                __fini_array_end = .
 *crtbegin.o(.dtors)
 *(EXCLUDE_FILE(*crtend.o) .dtors)
 *(SORT(.dtors.*))
 *crtend.o(.dtors)
                0x00000d44                . = ALIGN (0x4)
                0x00000d44                _efixed = .
                [!provide]                PROVIDE (__exidx_start, .)

.vfp11_veneer   0x00000d44        0x0
 .vfp11_veneer  0x00000d44        0x0 linker stubs

.v4_bx          0x00000d44        0x0
 .v4_bx         0x00000d44        0x0 linker stubs

.iplt           0x00000d44        0x0
 .iplt          0x00000d44        0x0 c:/program files (x86)/atmel/studio/7.0/toolchain/arm/arm-gnu-toolchain/bin/../lib/gcc/arm-none-eabi/6.3.1/thumb/v7e-m/crtbegin.o

.eh_frame       0x00000d44        0x0
 .eh_frame      0x00000d44        0x0 c:/program files (x86)/atmel/studio/7.0/toolchain/arm/arm-gnu-toolchain/bin/../lib/gcc/arm-none-eabi/6.3.1/thumb/v7e-m/crtbegin.o

.rel.dyn        0x00000d44        0x0
 .rel.iplt      0x00000d44        0x0 c:/program files (x86)/atmel/studio/7.0/toolchain/arm/arm-gnu-toolchain/bin/../lib/gcc/arm-none-eabi/6.3.1/thumb/v7e-m/crtbegin.o

.jcr            0x00000d44        0x0
 .jcr           0x00000d44        0x0 c:/program files (x86)/atmel/studio/7.0/toolchain/arm/arm-gnu-toolchain/bin/../lib/gcc/arm-none-eabi/6.3.1/thumb/v7e-m/crtbegin.o

.igot.plt       0x00000d44        0x0
 .igot.plt      0x00000d44        0x0 c:/program files (x86)/atmel/studio/7.0/toolchain/arm/arm-gnu-toolchain/bin/../lib/gcc/arm-none-eabi/6.3.1/thumb/v7e-m/crtbegin.o

.ARM.exidx
 *(.ARM.exidx* .gnu.linkonce.armexidx.*)
                [!provide]                PROVIDE (__exidx_end, .)
                0x00000d44                . = ALIGN (0x4)
                0x00000d44                _etext = .

.relocate       0x20000000        0x0 load address 0x00000d44
                0x20000000                . = ALIGN (0x4)
                0x20000000                _srelocate = .
 *(.ramfunc .ramfunc.*)
 *(.data .data.*)
                0x20000000                . = ALIGN (0x4)
                0x20000000                _erelocate = .

.bkupram        0x47000000        0x0
                0x47000000                . = ALIGN (0x8)
                0x47000000                _sbkupram = .
 *(.bkupram .bkupram.*)
                0x47000000                . = ALIGN (0x8)
                0x47000000                _ebkupram = .

.qspi           0x04000000        0x0
                0x04000000                . = ALIGN (0x8)
                0x04000000                _sqspi = .
 *(.qspi .qspi.*)
                0x04000000                . = ALIGN (0x8)
                0x04000000                _eqspi = .

.bss            0x20000000     0x14dc
                0x20000000                . = ALIGN (0x4)
                0x20000000                _sbss = .
                0x20000000                _szero = .
 *(.bss .bss.*)
 .bss           0x20000000       0x1c c:/program files (x86)/atmel/studio/7.0/toolchain/arm/arm-gnu-toolchain/bin/../lib/gcc/arm-none-eabi/6.3.1/thumb/v7e-m/crtbegin.o
 .bss           0x2000001c        0x4 hal/src/hal_delay.o
 .bss           0x20000020     0x1464 hpl/gmac/hpl_gmac.o
 .bss           0x20001484        0x4 hpl/rtc/hpl_rtc.o
 *(COMMON)
 COMMON         0x20001488       0x44 driver_init.o
                0x20001488                USART_0
                0x20001494                ETHERNET_MAC_0
                0x200014b0                TIMER_0
 COMMON         0x200014cc       0x10 hpl/ramecc/hpl_ramecc.o
                0x200014cc                device
                0x200014dc                . = ALIGN (0x4)
                0x200014dc                _ebss = .
                0x200014dc                _ezero = .

.stack          0x200014dc    0x10004
                0x200014e0                . = ALIGN (0x8)
 *fill*         0x200014dc        0x4 
                0x200014e0                _sstack = .
                0x200114e0                . = (. + STACK_SIZE)
 *fill*         0x200014e0    0x10000 
                0x200114e0                . = ALIGN (0x8)
                0x200114e0                _estack = .
                0x200114e0                . = ALIGN (0x4)
                0x200114e0                _end = .
OUTPUT(TestProject01.elf elf32-littlearm)

.ARM.attributes
                0x00000000       0x2e
 .ARM.attributes
                0x00000000       0x1e c:/program files (x86)/atmel/studio/7.0/toolchain/arm/arm-gnu-toolchain/bin/../lib/gcc/arm-none-eabi/6.3.1/thumb/v7e-m/crti.o
 .ARM.attributes
                0x0000001e       0x2e c:/program files (x86)/atmel/studio/7.0/toolchain/arm/arm-gnu-toolchain/bin/../lib/gcc/arm-none-eabi/6.3.1/thumb/v7e-m/crtbegin.o
 .ARM.attributes
                0x0000004c       0x37 atmel_start.o
 .ARM.attributes
                0x00000083       0x37 Device_Startup/startup_same53.o
 .ARM.attributes
                0x000000ba       0x37 driver_init.o
 .ARM.attributes
                0x000000f1       0x37 hal/src/hal_delay.o
 .ARM.attributes
                0x00000128       0x37 hal/src/hal_mac_async.o
 .ARM.attributes
                0x0000015f       0x37 hal/src/hal_timer.o
 .ARM.attributes
                0x00000196       0x37 hal/src/hal_usart_sync.o
 .ARM.attributes
                0x000001cd       0x37 hal/utils/src/utils_assert.o
 .ARM.attributes
                0x00000204       0x37 hal/utils/src/utils_list.o
 .ARM.attributes
                0x0000023b       0x37 hpl/core/hpl_core_m4.o
 .ARM.attributes
                0x00000272       0x37 hpl/core/hpl_init.o
 .ARM.attributes
                0x000002a9       0x37 hpl/gclk/hpl_gclk.o
 .ARM.attributes
                0x000002e0       0x37 hpl/gmac/hpl_gmac.o
 .ARM.attributes
                0x00000317       0x37 hpl/mclk/hpl_mclk.o
 .ARM.attributes
                0x0000034e       0x37 hpl/osc32kctrl/hpl_osc32kctrl.o
 .ARM.attributes
                0x00000385       0x37 hpl/oscctrl/hpl_oscctrl.o
 .ARM.attributes
                0x000003bc       0x37 hpl/ramecc/hpl_ramecc.o
 .ARM.attributes
                0x000003f3       0x37 hpl/rtc/hpl_rtc.o
 .ARM.attributes
                0x0000042a       0x37 hpl/sercom/hpl_sercom.o
 .ARM.attributes
                0x00000461       0x37 main.o
 .ARM.attributes
                0x00000498       0x2e c:/program files (x86)/atmel/studio/7.0/toolchain/arm/arm-gnu-toolchain/bin/../lib/gcc/arm-none-eabi/6.3.1/../../../../arm-none-eabi/lib/thumb/v7e-m\libc_nano.a(lib_a-init.o)
 .ARM.attributes
                0x000004c6       0x1e c:/program files (x86)/atmel/studio/7.0/toolchain/arm/arm-gnu-toolchain/bin/../lib/gcc/arm-none-eabi/6.3.1/thumb/v7e-m/crtn.o

.comment        0x00000000       0x59
 .comment       0x00000000       0x59 atmel_start.o
                                 0x5a (size before relaxing)
 .comment       0x00000059       0x5a Device_Startup/startup_same53.o
 .comment       0x00000059       0x5a driver_init.o
 .comment       0x00000059       0x5a hal/src/hal_delay.o
 .comment       0x00000059       0x5a hal/src/hal_mac_async.o
 .comment       0x00000059       0x5a hal/src/hal_timer.o
 .comment       0x00000059       0x5a hal/src/hal_usart_sync.o
 .comment       0x00000059       0x5a hal/utils/src/utils_assert.o
 .comment       0x00000059       0x5a hal/utils/src/utils_list.o
 .comment       0x00000059       0x5a hpl/core/hpl_core_m4.o
 .comment       0x00000059       0x5a hpl/core/hpl_init.o
 .comment       0x00000059       0x5a hpl/gclk/hpl_gclk.o
 .comment       0x00000059       0x5a hpl/gmac/hpl_gmac.o
 .comment       0x00000059       0x5a hpl/mclk/hpl_mclk.o
 .comment       0x00000059       0x5a hpl/osc32kctrl/hpl_osc32kctrl.o
 .comment       0x00000059       0x5a hpl/oscctrl/hpl_oscctrl.o
 .comment       0x00000059       0x5a hpl/ramecc/hpl_ramecc.o
 .comment       0x00000059       0x5a hpl/rtc/hpl_rtc.o
 .comment       0x00000059       0x5a hpl/sercom/hpl_sercom.o
 .comment       0x00000059       0x5a main.o

.debug_info     0x00000000    0x278d6
 .debug_info    0x00000000      0x469 atmel_start.o
 .debug_info    0x00000469      0xd74 Device_Startup/startup_same53.o
 .debug_info    0x000011dd     0x9ed8 driver_init.o
 .debug_info    0x0000b0b5      0x205 hal/src/hal_delay.o
 .debug_info    0x0000b2ba      0xb51 hal/src/hal_mac_async.o
 .debug_info    0x0000be0b      0xbe9 hal/src/hal_timer.o
 .debug_info    0x0000c9f4      0xcc9 hal/src/hal_usart_sync.o
 .debug_info    0x0000d6bd      0x130 hal/utils/src/utils_assert.o
 .debug_info    0x0000d7ed      0x33a hal/utils/src/utils_list.o
 .debug_info    0x0000db27      0xc24 hpl/core/hpl_core_m4.o
 .debug_info    0x0000e74b      0xbce hpl/core/hpl_init.o
 .debug_info    0x0000f319      0x57c hpl/gclk/hpl_gclk.o
 .debug_info    0x0000f895     0x582a hpl/gmac/hpl_gmac.o
 .debug_info    0x000150bf      0xa41 hpl/mclk/hpl_mclk.o
 .debug_info    0x00015b00      0x714 hpl/osc32kctrl/hpl_osc32kctrl.o
 .debug_info    0x00016214     0x1109 hpl/oscctrl/hpl_oscctrl.o
 .debug_info    0x0001731d      0xbd7 hpl/ramecc/hpl_ramecc.o
 .debug_info    0x00017ef4     0x3644 hpl/rtc/hpl_rtc.o
 .debug_info    0x0001b538     0xb1bb hpl/sercom/hpl_sercom.o
 .debug_info    0x000266f3     0x11e3 main.o

.debug_abbrev   0x00000000     0x2f03
 .debug_abbrev  0x00000000       0xfb atmel_start.o
 .debug_abbrev  0x000000fb      0x171 Device_Startup/startup_same53.o
 .debug_abbrev  0x0000026c      0x34d driver_init.o
 .debug_abbrev  0x000005b9       0xf9 hal/src/hal_delay.o
 .debug_abbrev  0x000006b2      0x1d2 hal/src/hal_mac_async.o
 .debug_abbrev  0x00000884      0x232 hal/src/hal_timer.o
 .debug_abbrev  0x00000ab6      0x22f hal/src/hal_usart_sync.o
 .debug_abbrev  0x00000ce5       0x9e hal/utils/src/utils_assert.o
 .debug_abbrev  0x00000d83      0x18d hal/utils/src/utils_list.o
 .debug_abbrev  0x00000f10      0x2b0 hpl/core/hpl_core_m4.o
 .debug_abbrev  0x000011c0      0x1dd hpl/core/hpl_init.o
 .debug_abbrev  0x0000139d      0x172 hpl/gclk/hpl_gclk.o
 .debug_abbrev  0x0000150f      0x4e6 hpl/gmac/hpl_gmac.o
 .debug_abbrev  0x000019f5      0x1bd hpl/mclk/hpl_mclk.o
 .debug_abbrev  0x00001bb2      0x1fc hpl/osc32kctrl/hpl_osc32kctrl.o
 .debug_abbrev  0x00001dae      0x1dc hpl/oscctrl/hpl_oscctrl.o
 .debug_abbrev  0x00001f8a      0x2e8 hpl/ramecc/hpl_ramecc.o
 .debug_abbrev  0x00002272      0x3bd hpl/rtc/hpl_rtc.o
 .debug_abbrev  0x0000262f      0x5c5 hpl/sercom/hpl_sercom.o
 .debug_abbrev  0x00002bf4      0x30f main.o

.debug_loc      0x00000000     0xa43e
 .debug_loc     0x00000000       0x20 atmel_start.o
 .debug_loc     0x00000020       0x6b Device_Startup/startup_same53.o
 .debug_loc     0x0000008b      0x59c driver_init.o
 .debug_loc     0x00000627       0xc3 hal/src/hal_delay.o
 .debug_loc     0x000006ea      0x7d0 hal/src/hal_mac_async.o
 .debug_loc     0x00000eba      0x691 hal/src/hal_timer.o
 .debug_loc     0x0000154b      0x912 hal/src/hal_usart_sync.o
 .debug_loc     0x00001e5d      0x29f hal/utils/src/utils_list.o
 .debug_loc     0x000020fc      0x1d7 hpl/core/hpl_core_m4.o
 .debug_loc     0x000022d3       0x4c hpl/core/hpl_init.o
 .debug_loc     0x0000231f       0x88 hpl/gclk/hpl_gclk.o
 .debug_loc     0x000023a7     0x100f hpl/gmac/hpl_gmac.o
 .debug_loc     0x000033b6       0x2c hpl/mclk/hpl_mclk.o
 .debug_loc     0x000033e2       0x95 hpl/osc32kctrl/hpl_osc32kctrl.o
 .debug_loc     0x00003477       0x18 hpl/oscctrl/hpl_oscctrl.o
 .debug_loc     0x0000348f      0x130 hpl/ramecc/hpl_ramecc.o
 .debug_loc     0x000035bf      0x44c hpl/rtc/hpl_rtc.o
 .debug_loc     0x00003a0b     0x68a6 hpl/sercom/hpl_sercom.o
 .debug_loc     0x0000a2b1      0x18d main.o

.debug_aranges  0x00000000      0xa48
 .debug_aranges
                0x00000000       0x20 atmel_start.o
 .debug_aranges
                0x00000020       0x28 Device_Startup/startup_same53.o
 .debug_aranges
                0x00000048       0x58 driver_init.o
 .debug_aranges
                0x000000a0       0x38 hal/src/hal_delay.o
 .debug_aranges
                0x000000d8       0xa0 hal/src/hal_mac_async.o
 .debug_aranges
                0x00000178       0x70 hal/src/hal_timer.o
 .debug_aranges
                0x000001e8       0xa8 hal/src/hal_usart_sync.o
 .debug_aranges
                0x00000290       0x20 hal/utils/src/utils_assert.o
 .debug_aranges
                0x000002b0       0x48 hal/utils/src/utils_list.o
 .debug_aranges
                0x000002f8       0x80 hpl/core/hpl_core_m4.o
 .debug_aranges
                0x00000378       0x20 hpl/core/hpl_init.o
 .debug_aranges
                0x00000398       0x28 hpl/gclk/hpl_gclk.o
 .debug_aranges
                0x000003c0       0x90 hpl/gmac/hpl_gmac.o
 .debug_aranges
                0x00000450       0x20 hpl/mclk/hpl_mclk.o
 .debug_aranges
                0x00000470       0x20 hpl/osc32kctrl/hpl_osc32kctrl.o
 .debug_aranges
                0x00000490       0x28 hpl/oscctrl/hpl_oscctrl.o
 .debug_aranges
                0x000004b8       0x30 hpl/ramecc/hpl_ramecc.o
 .debug_aranges
                0x000004e8       0x68 hpl/rtc/hpl_rtc.o
 .debug_aranges
                0x00000550      0x4d8 hpl/sercom/hpl_sercom.o
 .debug_aranges
                0x00000a28       0x20 main.o

.debug_ranges   0x00000000      0xdb0
 .debug_ranges  0x00000000       0x10 atmel_start.o
 .debug_ranges  0x00000010       0x18 Device_Startup/startup_same53.o
 .debug_ranges  0x00000028       0x48 driver_init.o
 .debug_ranges  0x00000070       0x28 hal/src/hal_delay.o
 .debug_ranges  0x00000098       0x90 hal/src/hal_mac_async.o
 .debug_ranges  0x00000128       0xa8 hal/src/hal_timer.o
 .debug_ranges  0x000001d0       0x98 hal/src/hal_usart_sync.o
 .debug_ranges  0x00000268       0x10 hal/utils/src/utils_assert.o
 .debug_ranges  0x00000278       0x58 hal/utils/src/utils_list.o
 .debug_ranges  0x000002d0       0x70 hpl/core/hpl_core_m4.o
 .debug_ranges  0x00000340       0x10 hpl/core/hpl_init.o
 .debug_ranges  0x00000350       0x18 hpl/gclk/hpl_gclk.o
 .debug_ranges  0x00000368       0xb0 hpl/gmac/hpl_gmac.o
 .debug_ranges  0x00000418       0x10 hpl/mclk/hpl_mclk.o
 .debug_ranges  0x00000428       0x10 hpl/osc32kctrl/hpl_osc32kctrl.o
 .debug_ranges  0x00000438       0x18 hpl/oscctrl/hpl_oscctrl.o
 .debug_ranges  0x00000450       0x38 hpl/ramecc/hpl_ramecc.o
 .debug_ranges  0x00000488       0x58 hpl/rtc/hpl_rtc.o
 .debug_ranges  0x000004e0      0x8a8 hpl/sercom/hpl_sercom.o
 .debug_ranges  0x00000d88       0x28 main.o

.debug_macro    0x00000000    0x2c9d2
 .debug_macro   0x00000000      0x72e atmel_start.o
 .debug_macro   0x0000072e      0x8b0 atmel_start.o
 .debug_macro   0x00000fde      0x16d atmel_start.o
 .debug_macro   0x0000114b       0x22 atmel_start.o
 .debug_macro   0x0000116d       0x87 atmel_start.o
 .debug_macro   0x000011f4       0x51 atmel_start.o
 .debug_macro   0x00001245       0xef atmel_start.o
 .debug_macro   0x00001334       0x6a atmel_start.o
 .debug_macro   0x0000139e      0x1df atmel_start.o
 .debug_macro   0x0000157d       0x22 atmel_start.o
 .debug_macro   0x0000159f       0x5b atmel_start.o
 .debug_macro   0x000015fa       0x28 atmel_start.o
 .debug_macro   0x00001622       0xaf atmel_start.o
 .debug_macro   0x000016d1      0xfe7 atmel_start.o
 .debug_macro   0x000026b8      0x706 atmel_start.o
 .debug_macro   0x00002dbe      0xb5b atmel_start.o
 .debug_macro   0x00003919      0x3c0 atmel_start.o
 .debug_macro   0x00003cd9      0x336 atmel_start.o
 .debug_macro   0x0000400f      0x3b7 atmel_start.o
 .debug_macro   0x000043c6      0x668 atmel_start.o
 .debug_macro   0x00004a2e     0x143f atmel_start.o
 .debug_macro   0x00005e6d      0xf20 atmel_start.o
 .debug_macro   0x00006d8d      0x67b atmel_start.o
 .debug_macro   0x00007408      0x6d7 atmel_start.o
 .debug_macro   0x00007adf      0x172 atmel_start.o
 .debug_macro   0x00007c51      0x395 atmel_start.o
 .debug_macro   0x00007fe6     0x19dd atmel_start.o
 .debug_macro   0x000099c3       0x3a atmel_start.o
 .debug_macro   0x000099fd      0x72a atmel_start.o
 .debug_macro   0x0000a127      0xb12 atmel_start.o
 .debug_macro   0x0000ac39      0x5c9 atmel_start.o
 .debug_macro   0x0000b202      0xcdf atmel_start.o
 .debug_macro   0x0000bee1      0x9b9 atmel_start.o
 .debug_macro   0x0000c89a      0x2a3 atmel_start.o
 .debug_macro   0x0000cb3d      0x8af atmel_start.o
 .debug_macro   0x0000d3ec      0x1ea atmel_start.o
 .debug_macro   0x0000d5d6      0x8f4 atmel_start.o
 .debug_macro   0x0000deca      0x216 atmel_start.o
 .debug_macro   0x0000e0e0      0x3f9 atmel_start.o
 .debug_macro   0x0000e4d9      0x620 atmel_start.o
 .debug_macro   0x0000eaf9      0x10d atmel_start.o
 .debug_macro   0x0000ec06       0xb8 atmel_start.o
 .debug_macro   0x0000ecbe     0x1df7 atmel_start.o
 .debug_macro   0x00010ab5     0x2e69 atmel_start.o
 .debug_macro   0x0001391e     0x11ed atmel_start.o
 .debug_macro   0x00014b0b      0x752 atmel_start.o
 .debug_macro   0x0001525d     0x180c atmel_start.o
 .debug_macro   0x00016a69      0x930 atmel_start.o
 .debug_macro   0x00017399     0x1ad8 atmel_start.o
 .debug_macro   0x00018e71       0xe7 atmel_start.o
 .debug_macro   0x00018f58     0x13e6 atmel_start.o
 .debug_macro   0x0001a33e      0x36a atmel_start.o
 .debug_macro   0x0001a6a8       0x94 atmel_start.o
 .debug_macro   0x0001a73c       0xdc atmel_start.o
 .debug_macro   0x0001a818       0xe2 atmel_start.o
 .debug_macro   0x0001a8fa       0xdc atmel_start.o
 .debug_macro   0x0001a9d6       0x46 atmel_start.o
 .debug_macro   0x0001aa1c       0x4c atmel_start.o
 .debug_macro   0x0001aa68       0xc4 atmel_start.o
 .debug_macro   0x0001ab2c      0x7d5 atmel_start.o
 .debug_macro   0x0001b301      0x106 atmel_start.o
 .debug_macro   0x0001b407       0x7c atmel_start.o
 .debug_macro   0x0001b483      0xc35 atmel_start.o
 .debug_macro   0x0001c0b8       0x46 atmel_start.o
 .debug_macro   0x0001c0fe      0x25b atmel_start.o
 .debug_macro   0x0001c359      0x31a atmel_start.o
 .debug_macro   0x0001c673      0x170 atmel_start.o
 .debug_macro   0x0001c7e3       0x7c atmel_start.o
 .debug_macro   0x0001c85f       0xbe atmel_start.o
 .debug_macro   0x0001c91d       0x4c atmel_start.o
 .debug_macro   0x0001c969       0x82 atmel_start.o
 .debug_macro   0x0001c9eb      0x1a3 atmel_start.o
 .debug_macro   0x0001cb8e       0x46 atmel_start.o
 .debug_macro   0x0001cbd4       0x6a atmel_start.o
 .debug_macro   0x0001cc3e       0x46 atmel_start.o
 .debug_macro   0x0001cc84       0x88 atmel_start.o
 .debug_macro   0x0001cd0c       0x46 atmel_start.o
 .debug_macro   0x0001cd52      0x1e1 atmel_start.o
 .debug_macro   0x0001cf33       0x76 atmel_start.o
 .debug_macro   0x0001cfa9       0x3a atmel_start.o
 .debug_macro   0x0001cfe3       0x2e atmel_start.o
 .debug_macro   0x0001d011      0x196 atmel_start.o
 .debug_macro   0x0001d1a7      0x16f atmel_start.o
 .debug_macro   0x0001d316      0x25d atmel_start.o
 .debug_macro   0x0001d573      0x25d atmel_start.o
 .debug_macro   0x0001d7d0      0x25d atmel_start.o
 .debug_macro   0x0001da2d      0x25d atmel_start.o
 .debug_macro   0x0001dc8a      0x25d atmel_start.o
 .debug_macro   0x0001dee7      0x25d atmel_start.o
 .debug_macro   0x0001e144       0x58 atmel_start.o
 .debug_macro   0x0001e19c      0x711 atmel_start.o
 .debug_macro   0x0001e8ad       0xfa atmel_start.o
 .debug_macro   0x0001e9a7       0xfa atmel_start.o
 .debug_macro   0x0001eaa1       0xfa atmel_start.o
 .debug_macro   0x0001eb9b       0xfa atmel_start.o
 .debug_macro   0x0001ec95       0xfa atmel_start.o
 .debug_macro   0x0001ed8f       0xfa atmel_start.o
 .debug_macro   0x0001ee89      0x148 atmel_start.o
 .debug_macro   0x0001efd1      0x124 atmel_start.o
 .debug_macro   0x0001f0f5      0x106 atmel_start.o
 .debug_macro   0x0001f1fb       0xee atmel_start.o
 .debug_macro   0x0001f2e9       0xee atmel_start.o
 .debug_macro   0x0001f3d7       0x2e atmel_start.o
 .debug_macro   0x0001f405      0x46a atmel_start.o
 .debug_macro   0x0001f86f       0x3a atmel_start.o
 .debug_macro   0x0001f8a9      0x601 atmel_start.o
 .debug_macro   0x0001feaa     0x3217 atmel_start.o
 .debug_macro   0x000230c1       0xcf atmel_start.o
 .debug_macro   0x00023190       0x10 atmel_start.o
 .debug_macro   0x000231a0       0x10 atmel_start.o
 .debug_macro   0x000231b0       0x16 atmel_start.o
 .debug_macro   0x000231c6       0x16 atmel_start.o
 .debug_macro   0x000231dc       0x16 atmel_start.o
 .debug_macro   0x000231f2       0x16 atmel_start.o
 .debug_macro   0x00023208       0x16 atmel_start.o
 .debug_macro   0x0002321e       0x16 atmel_start.o
 .debug_macro   0x00023234       0x16 atmel_start.o
 .debug_macro   0x0002324a       0x16 atmel_start.o
 .debug_macro   0x00023260       0x16 atmel_start.o
 .debug_macro   0x00023276       0x16 atmel_start.o
 .debug_macro   0x0002328c       0x16 atmel_start.o
 .debug_macro   0x000232a2       0x16 atmel_start.o
 .debug_macro   0x000232b8       0x16 atmel_start.o
 .debug_macro   0x000232ce       0x16 atmel_start.o
 .debug_macro   0x000232e4       0x16 atmel_start.o
 .debug_macro   0x000232fa       0x16 atmel_start.o
 .debug_macro   0x00023310       0x16 atmel_start.o
 .debug_macro   0x00023326       0x16 atmel_start.o
 .debug_macro   0x0002333c       0x16 atmel_start.o
 .debug_macro   0x00023352       0x16 atmel_start.o
 .debug_macro   0x00023368       0x16 atmel_start.o
 .debug_macro   0x0002337e       0x16 atmel_start.o
 .debug_macro   0x00023394       0x16 atmel_start.o
 .debug_macro   0x000233aa       0x16 atmel_start.o
 .debug_macro   0x000233c0       0x16 atmel_start.o
 .debug_macro   0x000233d6       0x16 atmel_start.o
 .debug_macro   0x000233ec       0x16 atmel_start.o
 .debug_macro   0x00023402       0x16 atmel_start.o
 .debug_macro   0x00023418       0x16 atmel_start.o
 .debug_macro   0x0002342e       0x16 atmel_start.o
 .debug_macro   0x00023444       0x16 atmel_start.o
 .debug_macro   0x0002345a       0x16 atmel_start.o
 .debug_macro   0x00023470       0x16 atmel_start.o
 .debug_macro   0x00023486       0x16 atmel_start.o
 .debug_macro   0x0002349c       0x16 atmel_start.o
 .debug_macro   0x000234b2       0x16 atmel_start.o
 .debug_macro   0x000234c8       0xca atmel_start.o
 .debug_macro   0x00023592       0x1c atmel_start.o
 .debug_macro   0x000235ae       0x16 atmel_start.o
 .debug_macro   0x000235c4       0x7c atmel_start.o
 .debug_macro   0x00023640       0xc9 atmel_start.o
 .debug_macro   0x00023709      0x44c Device_Startup/startup_same53.o
 .debug_macro   0x00023b55       0x55 Device_Startup/startup_same53.o
 .debug_macro   0x00023baa      0x738 driver_init.o
 .debug_macro   0x000242e2       0x34 driver_init.o
 .debug_macro   0x00024316      0x658 hal/src/hal_delay.o
 .debug_macro   0x0002496e      0x656 hal/src/hal_mac_async.o
 .debug_macro   0x00024fc4      0x66d hal/src/hal_timer.o
 .debug_macro   0x00025631      0x661 hal/src/hal_usart_sync.o
 .debug_macro   0x00025c92      0x62b hal/utils/src/utils_assert.o
 .debug_macro   0x000262bd       0x10 hal/utils/src/utils_assert.o
 .debug_macro   0x000262cd      0x630 hal/utils/src/utils_list.o
 .debug_macro   0x000268fd      0x660 hpl/core/hpl_core_m4.o
 .debug_macro   0x00026f5d      0x6ba hpl/core/hpl_init.o
 .debug_macro   0x00027617       0x2e hpl/core/hpl_init.o
 .debug_macro   0x00027645      0xd7b hpl/core/hpl_init.o
 .debug_macro   0x000283c0      0x63a hpl/gclk/hpl_gclk.o
 .debug_macro   0x000289fa      0x2f0 hpl/gclk/hpl_gclk.o
 .debug_macro   0x00028cea      0x71e hpl/gmac/hpl_gmac.o
 .debug_macro   0x00029408      0x168 hpl/gmac/hpl_gmac.o
 .debug_macro   0x00029570      0x635 hpl/mclk/hpl_mclk.o
 .debug_macro   0x00029ba5      0x630 hpl/osc32kctrl/hpl_osc32kctrl.o
 .debug_macro   0x0002a1d5       0x80 hpl/osc32kctrl/hpl_osc32kctrl.o
 .debug_macro   0x0002a255      0x63a hpl/oscctrl/hpl_oscctrl.o
 .debug_macro   0x0002a88f      0x216 hpl/oscctrl/hpl_oscctrl.o
 .debug_macro   0x0002aaa5      0x64b hpl/ramecc/hpl_ramecc.o
 .debug_macro   0x0002b0f0      0x65f hpl/rtc/hpl_rtc.o
 .debug_macro   0x0002b74f      0x115 hpl/rtc/hpl_rtc.o
 .debug_macro   0x0002b864      0x884 hpl/sercom/hpl_sercom.o
 .debug_macro   0x0002c0e8       0x70 hpl/sercom/hpl_sercom.o
 .debug_macro   0x0002c158       0xe4 hpl/sercom/hpl_sercom.o
 .debug_macro   0x0002c23c       0x10 hpl/sercom/hpl_sercom.o
 .debug_macro   0x0002c24c       0x1c hpl/sercom/hpl_sercom.o
 .debug_macro   0x0002c268       0x22 hpl/sercom/hpl_sercom.o
 .debug_macro   0x0002c28a       0x10 hpl/sercom/hpl_sercom.o
 .debug_macro   0x0002c29a      0x738 main.o

.debug_line     0x00000000    0x11891
 .debug_line    0x00000000      0xcfb atmel_start.o
 .debug_line    0x00000cfb      0x825 Device_Startup/startup_same53.o
 .debug_line    0x00001520      0xe1c driver_init.o
 .debug_line    0x0000233c      0xbe7 hal/src/hal_delay.o
 .debug_line    0x00002f23      0xd5c hal/src/hal_mac_async.o
 .debug_line    0x00003c7f      0xd60 hal/src/hal_timer.o
 .debug_line    0x000049df      0xdac hal/src/hal_usart_sync.o
 .debug_line    0x0000578b      0xb88 hal/utils/src/utils_assert.o
 .debug_line    0x00006313      0xc1b hal/utils/src/utils_list.o
 .debug_line    0x00006f2e      0xd01 hpl/core/hpl_core_m4.o
 .debug_line    0x00007c2f      0xc81 hpl/core/hpl_init.o
 .debug_line    0x000088b0      0xbc7 hpl/gclk/hpl_gclk.o
 .debug_line    0x00009477     0x104e hpl/gmac/hpl_gmac.o
 .debug_line    0x0000a4c5      0xbab hpl/mclk/hpl_mclk.o
 .debug_line    0x0000b070      0xbc0 hpl/osc32kctrl/hpl_osc32kctrl.o
 .debug_line    0x0000bc30      0xbe4 hpl/oscctrl/hpl_oscctrl.o
 .debug_line    0x0000c814      0xc47 hpl/ramecc/hpl_ramecc.o
 .debug_line    0x0000d45b      0xd73 hpl/rtc/hpl_rtc.o
 .debug_line    0x0000e1ce     0x299b hpl/sercom/hpl_sercom.o
 .debug_line    0x00010b69      0xd28 main.o

.debug_str      0x00000000    0xf548d
 .debug_str     0x00000000    0xe3f9a atmel_start.o
                              0xe44fa (size before relaxing)
 .debug_str     0x000e3f9a      0xba2 Device_Startup/startup_same53.o
                              0xe31a8 (size before relaxing)
 .debug_str     0x000e4b3c     0x1fd4 driver_init.o
                              0xe65dd (size before relaxing)
 .debug_str     0x000e6b10       0xb6 hal/src/hal_delay.o
                              0xe3a9d (size before relaxing)
 .debug_str     0x000e6bc6      0x1d9 hal/src/hal_mac_async.o
                              0xe42f6 (size before relaxing)
 .debug_str     0x000e6d9f      0x305 hal/src/hal_timer.o
                              0xe4360 (size before relaxing)
 .debug_str     0x000e70a4      0x4ba hal/src/hal_usart_sync.o
                              0xe456e (size before relaxing)
 .debug_str     0x000e755e       0x2a hal/utils/src/utils_assert.o
                              0xe3a43 (size before relaxing)
 .debug_str     0x000e7588       0x31 hal/utils/src/utils_list.o
                              0xe3aed (size before relaxing)
 .debug_str     0x000e75b9      0x7ff hpl/core/hpl_core_m4.o
                              0xe495a (size before relaxing)
 .debug_str     0x000e7db8     0x310e hpl/core/hpl_init.o
                              0xe6dcb (size before relaxing)
 .debug_str     0x000eaec6      0xbc5 hpl/gclk/hpl_gclk.o
                              0xe473f (size before relaxing)
 .debug_str     0x000eba8b     0x3734 hpl/gmac/hpl_gmac.o
                              0xe8b5f (size before relaxing)
 .debug_str     0x000ef1bf       0x47 hpl/mclk/hpl_mclk.o
                              0xe3f0a (size before relaxing)
 .debug_str     0x000ef206      0x466 hpl/osc32kctrl/hpl_osc32kctrl.o
                              0xe3e9b (size before relaxing)
 .debug_str     0x000ef66c      0xab4 hpl/oscctrl/hpl_oscctrl.o
                              0xe50ab (size before relaxing)
 .debug_str     0x000f0120      0x25d hpl/ramecc/hpl_ramecc.o
                              0xe48e6 (size before relaxing)
 .debug_str     0x000f037d      0x5e2 hpl/rtc/hpl_rtc.o
                              0xe4f95 (size before relaxing)
 .debug_str     0x000f095f     0x4980 hpl/sercom/hpl_sercom.o
                              0xe9e6f (size before relaxing)
 .debug_str     0x000f52df      0x1ae main.o
                              0xe49ad (size before relaxing)

.debug_frame    0x00000000     0x1a60
 .debug_frame   0x00000000       0x28 atmel_start.o
 .debug_frame   0x00000028       0x38 Device_Startup/startup_same53.o
 .debug_frame   0x00000060       0xb0 driver_init.o
 .debug_frame   0x00000110       0x68 hal/src/hal_delay.o
 .debug_frame   0x00000178      0x1c8 hal/src/hal_mac_async.o
 .debug_frame   0x00000340      0x148 hal/src/hal_timer.o
 .debug_frame   0x00000488      0x1f8 hal/src/hal_usart_sync.o
 .debug_frame   0x00000680       0x20 hal/utils/src/utils_assert.o
 .debug_frame   0x000006a0       0x9c hal/utils/src/utils_list.o
 .debug_frame   0x0000073c       0xec hpl/core/hpl_core_m4.o
 .debug_frame   0x00000828       0x28 hpl/core/hpl_init.o
 .debug_frame   0x00000850       0x30 hpl/gclk/hpl_gclk.o
 .debug_frame   0x00000880      0x1a0 hpl/gmac/hpl_gmac.o
 .debug_frame   0x00000a20       0x20 hpl/mclk/hpl_mclk.o
 .debug_frame   0x00000a40       0x20 hpl/osc32kctrl/hpl_osc32kctrl.o
 .debug_frame   0x00000a60       0x30 hpl/oscctrl/hpl_oscctrl.o
 .debug_frame   0x00000a90       0x4c hpl/ramecc/hpl_ramecc.o
 .debug_frame   0x00000adc       0xdc hpl/rtc/hpl_rtc.o
 .debug_frame   0x00000bb8      0xe54 hpl/sercom/hpl_sercom.o
 .debug_frame   0x00001a0c       0x28 main.o
 .debug_frame   0x00001a34       0x2c c:/program files (x86)/atmel/studio/7.0/toolchain/arm/arm-gnu-toolchain/bin/../lib/gcc/arm-none-eabi/6.3.1/../../../../arm-none-eabi/lib/thumb/v7e-m\libc_nano.a(lib_a-init.o)
