Archive member included to satisfy reference by file (symbol)

c:/program files (x86)/atmel/studio/7.0/toolchain/arm/arm-gnu-toolchain/bin/../lib/gcc/arm-none-eabi/6.3.1/thumb/v7e-m\libgcc.a(_arm_addsubdf3.o)
                              hpl/sercom/hpl_sercom.o (__aeabi_dsub)
c:/program files (x86)/atmel/studio/7.0/toolchain/arm/arm-gnu-toolchain/bin/../lib/gcc/arm-none-eabi/6.3.1/thumb/v7e-m\libgcc.a(_arm_muldivdf3.o)
                              hpl/sercom/hpl_sercom.o (__aeabi_dmul)
c:/program files (x86)/atmel/studio/7.0/toolchain/arm/arm-gnu-toolchain/bin/../lib/gcc/arm-none-eabi/6.3.1/thumb/v7e-m\libgcc.a(_arm_fixunsdfsi.o)
                              hpl/sercom/hpl_sercom.o (__aeabi_d2uiz)
c:/program files (x86)/atmel/studio/7.0/toolchain/arm/arm-gnu-toolchain/bin/../lib/gcc/arm-none-eabi/6.3.1/thumb/v7e-m\libgcc.a(_aeabi_uldivmod.o)
                              hpl/sercom/hpl_sercom.o (__aeabi_uldivmod)
c:/program files (x86)/atmel/studio/7.0/toolchain/arm/arm-gnu-toolchain/bin/../lib/gcc/arm-none-eabi/6.3.1/thumb/v7e-m\libgcc.a(_udivmoddi4.o)
                              c:/program files (x86)/atmel/studio/7.0/toolchain/arm/arm-gnu-toolchain/bin/../lib/gcc/arm-none-eabi/6.3.1/thumb/v7e-m\libgcc.a(_aeabi_uldivmod.o) (__udivmoddi4)
c:/program files (x86)/atmel/studio/7.0/toolchain/arm/arm-gnu-toolchain/bin/../lib/gcc/arm-none-eabi/6.3.1/thumb/v7e-m\libgcc.a(_dvmd_tls.o)
                              c:/program files (x86)/atmel/studio/7.0/toolchain/arm/arm-gnu-toolchain/bin/../lib/gcc/arm-none-eabi/6.3.1/thumb/v7e-m\libgcc.a(_aeabi_uldivmod.o) (__aeabi_ldiv0)
c:/program files (x86)/atmel/studio/7.0/toolchain/arm/arm-gnu-toolchain/bin/../lib/gcc/arm-none-eabi/6.3.1/../../../../arm-none-eabi/lib/thumb/v7e-m\libc_nano.a(lib_a-exit.o)
                              c:/program files (x86)/atmel/studio/7.0/toolchain/arm/arm-gnu-toolchain/bin/../lib/gcc/arm-none-eabi/6.3.1/../../../../arm-none-eabi/lib/thumb/v7e-m/crt0.o (exit)
c:/program files (x86)/atmel/studio/7.0/toolchain/arm/arm-gnu-toolchain/bin/../lib/gcc/arm-none-eabi/6.3.1/../../../../arm-none-eabi/lib/thumb/v7e-m\libc_nano.a(lib_a-impure.o)
                              c:/program files (x86)/atmel/studio/7.0/toolchain/arm/arm-gnu-toolchain/bin/../lib/gcc/arm-none-eabi/6.3.1/../../../../arm-none-eabi/lib/thumb/v7e-m\libc_nano.a(lib_a-exit.o) (_global_impure_ptr)
c:/program files (x86)/atmel/studio/7.0/toolchain/arm/arm-gnu-toolchain/bin/../lib/gcc/arm-none-eabi/6.3.1/../../../../arm-none-eabi/lib/thumb/v7e-m\libc_nano.a(lib_a-init.o)
                              c:/program files (x86)/atmel/studio/7.0/toolchain/arm/arm-gnu-toolchain/bin/../lib/gcc/arm-none-eabi/6.3.1/../../../../arm-none-eabi/lib/thumb/v7e-m/crt0.o (__libc_init_array)
c:/program files (x86)/atmel/studio/7.0/toolchain/arm/arm-gnu-toolchain/bin/../lib/gcc/arm-none-eabi/6.3.1/../../../../arm-none-eabi/lib/thumb/v7e-m\libc_nano.a(lib_a-memcmp.o)
                              lwip/lwip-1.4.0/src/netif/etharp.o (memcmp)
c:/program files (x86)/atmel/studio/7.0/toolchain/arm/arm-gnu-toolchain/bin/../lib/gcc/arm-none-eabi/6.3.1/../../../../arm-none-eabi/lib/thumb/v7e-m\libc_nano.a(lib_a-memcpy-stub.o)
                              hpl/gmac/hpl_gmac.o (memcpy)
c:/program files (x86)/atmel/studio/7.0/toolchain/arm/arm-gnu-toolchain/bin/../lib/gcc/arm-none-eabi/6.3.1/../../../../arm-none-eabi/lib/thumb/v7e-m\libc_nano.a(lib_a-memset.o)
                              c:/program files (x86)/atmel/studio/7.0/toolchain/arm/arm-gnu-toolchain/bin/../lib/gcc/arm-none-eabi/6.3.1/../../../../arm-none-eabi/lib/thumb/v7e-m/crt0.o (memset)
c:/program files (x86)/atmel/studio/7.0/toolchain/arm/arm-gnu-toolchain/bin/../lib/gcc/arm-none-eabi/6.3.1/../../../../arm-none-eabi/lib/thumb/v7e-m\libc_nano.a(lib_a-printf.o)
                              hal/utils/src/utils_syscalls.o (printf)
c:/program files (x86)/atmel/studio/7.0/toolchain/arm/arm-gnu-toolchain/bin/../lib/gcc/arm-none-eabi/6.3.1/../../../../arm-none-eabi/lib/thumb/v7e-m\libc_nano.a(lib_a-puts.o)
                              main.o (puts)
c:/program files (x86)/atmel/studio/7.0/toolchain/arm/arm-gnu-toolchain/bin/../lib/gcc/arm-none-eabi/6.3.1/../../../../arm-none-eabi/lib/thumb/v7e-m\libc_nano.a(lib_a-setbuf.o)
                              stdio_redirect/stdio_io.o (setbuf)
c:/program files (x86)/atmel/studio/7.0/toolchain/arm/arm-gnu-toolchain/bin/../lib/gcc/arm-none-eabi/6.3.1/../../../../arm-none-eabi/lib/thumb/v7e-m\libc_nano.a(lib_a-setvbuf.o)
                              c:/program files (x86)/atmel/studio/7.0/toolchain/arm/arm-gnu-toolchain/bin/../lib/gcc/arm-none-eabi/6.3.1/../../../../arm-none-eabi/lib/thumb/v7e-m\libc_nano.a(lib_a-setbuf.o) (setvbuf)
c:/program files (x86)/atmel/studio/7.0/toolchain/arm/arm-gnu-toolchain/bin/../lib/gcc/arm-none-eabi/6.3.1/../../../../arm-none-eabi/lib/thumb/v7e-m\libc_nano.a(lib_a-strcpy.o)
                              main.o (strcpy)
[...]
Memory Configuration

Name             Origin             Length             Attributes
rom              0x00000000         0x00100000         xr
ram              0x20000000         0x00040000         xrw
bkupram          0x47000000         0x00002000         xrw
qspi             0x04000000         0x01000000         xrw
*default*        0x00000000         0xffffffff

Linker script and memory map

LOAD c:/program files (x86)/atmel/studio/7.0/toolchain/arm/arm-gnu-toolchain/bin/../lib/gcc/arm-none-eabi/6.3.1/thumb/v7e-m/crti.o
LOAD c:/program files (x86)/atmel/studio/7.0/toolchain/arm/arm-gnu-toolchain/bin/../lib/gcc/arm-none-eabi/6.3.1/thumb/v7e-m/crtbegin.o
LOAD c:/program files (x86)/atmel/studio/7.0/toolchain/arm/arm-gnu-toolchain/bin/../lib/gcc/arm-none-eabi/6.3.1/../../../../arm-none-eabi/lib/thumb/v7e-m/crt0.o
LOAD atmel_start.o
LOAD Device_Startup/startup_same53.o
LOAD Device_Startup/system_same53.o
LOAD driver_init.o
LOAD ethernet_phy/ethernet_phy.o
LOAD ethernet_phy_main.o
LOAD eth_ipstack_main.o
LOAD examples/driver_examples.o
LOAD hal/src/hal_atomic.o
LOAD hal/src/hal_cache.o
LOAD hal/src/hal_delay.o
LOAD hal/src/hal_gpio.o
LOAD hal/src/hal_i2c_m_sync.o
LOAD hal/src/hal_init.o
LOAD hal/src/hal_io.o
LOAD hal/src/hal_mac_async.o
LOAD hal/src/hal_sleep.o
LOAD hal/src/hal_timer.o
LOAD hal/src/hal_usart_sync.o
LOAD hal/utils/src/utils_assert.o
LOAD hal/utils/src/utils_event.o
LOAD hal/utils/src/utils_list.o
LOAD hal/utils/src/utils_syscalls.o
LOAD hpl/cmcc/hpl_cmcc.o
LOAD hpl/core/hpl_core_m4.o
LOAD hpl/core/hpl_init.o
LOAD hpl/dmac/hpl_dmac.o
LOAD hpl/gclk/hpl_gclk.o
LOAD hpl/gmac/hpl_gmac.o
LOAD hpl/mclk/hpl_mclk.o
LOAD hpl/osc32kctrl/hpl_osc32kctrl.o
LOAD hpl/oscctrl/hpl_oscctrl.o
LOAD hpl/pm/hpl_pm.o
LOAD hpl/ramecc/hpl_ramecc.o
LOAD hpl/rtc/hpl_rtc.o
LOAD hpl/sercom/hpl_sercom.o
LOAD lwip/lwip-1.4.0/port/ethif_mac.o
LOAD lwip/lwip-1.4.0/src/api/api_lib.o
LOAD lwip/lwip-1.4.0/src/api/api_msg.o
LOAD lwip/lwip-1.4.0/src/api/err.o
LOAD lwip/lwip-1.4.0/src/api/netbuf.o
LOAD lwip/lwip-1.4.0/src/api/netdb.o
LOAD lwip/lwip-1.4.0/src/api/netifapi.o
LOAD lwip/lwip-1.4.0/src/api/sockets.o
LOAD lwip/lwip-1.4.0/src/api/tcpip.o
LOAD lwip/lwip-1.4.0/src/core/def.o
LOAD lwip/lwip-1.4.0/src/core/dhcp.o
LOAD lwip/lwip-1.4.0/src/core/dns.o
LOAD lwip/lwip-1.4.0/src/core/init.o
LOAD lwip/lwip-1.4.0/src/core/ipv4/autoip.o
LOAD lwip/lwip-1.4.0/src/core/ipv4/icmp.o
LOAD lwip/lwip-1.4.0/src/core/ipv4/igmp.o
LOAD lwip/lwip-1.4.0/src/core/ipv4/inet.o
LOAD lwip/lwip-1.4.0/src/core/ipv4/inet_chksum.o
LOAD lwip/lwip-1.4.0/src/core/ipv4/ip.o
LOAD lwip/lwip-1.4.0/src/core/ipv4/ip_addr.o
LOAD lwip/lwip-1.4.0/src/core/ipv4/ip_frag.o
LOAD lwip/lwip-1.4.0/src/core/mem.o
LOAD lwip/lwip-1.4.0/src/core/memp.o
LOAD lwip/lwip-1.4.0/src/core/netif.o
LOAD lwip/lwip-1.4.0/src/core/pbuf.o
LOAD lwip/lwip-1.4.0/src/core/raw.o
LOAD lwip/lwip-1.4.0/src/core/snmp/asn1_dec.o
LOAD lwip/lwip-1.4.0/src/core/snmp/asn1_enc.o
LOAD lwip/lwip-1.4.0/src/core/snmp/mib2.o
LOAD lwip/lwip-1.4.0/src/core/snmp/mib_structs.o
LOAD lwip/lwip-1.4.0/src/core/snmp/msg_in.o
LOAD lwip/lwip-1.4.0/src/core/snmp/msg_out.o
LOAD lwip/lwip-1.4.0/src/core/stats.o
LOAD lwip/lwip-1.4.0/src/core/sys.o
LOAD lwip/lwip-1.4.0/src/core/tcp.o
LOAD lwip/lwip-1.4.0/src/core/tcp_in.o
LOAD lwip/lwip-1.4.0/src/core/tcp_out.o
LOAD lwip/lwip-1.4.0/src/core/timers.o
LOAD lwip/lwip-1.4.0/src/core/udp.o
LOAD lwip/lwip-1.4.0/src/netif/etharp.o
LOAD lwip/lwip-1.4.0/src/netif/ppp/auth.o
LOAD lwip/lwip-1.4.0/src/netif/ppp/chap.o
LOAD lwip/lwip-1.4.0/src/netif/ppp/chpms.o
LOAD lwip/lwip-1.4.0/src/netif/ppp/fsm.o
LOAD lwip/lwip-1.4.0/src/netif/ppp/ipcp.o
LOAD lwip/lwip-1.4.0/src/netif/ppp/lcp.o
LOAD lwip/lwip-1.4.0/src/netif/ppp/magic.o
LOAD lwip/lwip-1.4.0/src/netif/ppp/md5.o
LOAD lwip/lwip-1.4.0/src/netif/ppp/pap.o
LOAD lwip/lwip-1.4.0/src/netif/ppp/ppp.o
LOAD lwip/lwip-1.4.0/src/netif/ppp/ppp_oe.o
LOAD lwip/lwip-1.4.0/src/netif/ppp/randm.o
LOAD lwip/lwip-1.4.0/src/netif/ppp/vj.o
LOAD lwip/lwip-1.4.0/src/netif/slipif.o
LOAD main.o
LOAD stdio_redirect/gcc/read.o
LOAD stdio_redirect/gcc/write.o
LOAD stdio_redirect/stdio_io.o
LOAD stdio_start.o
START GROUP
LOAD c:/program files (x86)/atmel/studio/7.0/toolchain/arm/arm-gnu-toolchain/bin/../lib/gcc/arm-none-eabi/6.3.1/../../../../arm-none-eabi/lib/thumb/v7e-m\libm.a
END GROUP
START GROUP
LOAD c:/program files (x86)/atmel/studio/7.0/toolchain/arm/arm-gnu-toolchain/bin/../lib/gcc/arm-none-eabi/6.3.1/thumb/v7e-m\libgcc.a
LOAD c:/program files (x86)/atmel/studio/7.0/toolchain/arm/arm-gnu-toolchain/bin/../lib/gcc/arm-none-eabi/6.3.1/../../../../arm-none-eabi/lib/thumb/v7e-m\libc_nano.a
END GROUP
START GROUP
LOAD c:/program files (x86)/atmel/studio/7.0/toolchain/arm/arm-gnu-toolchain/bin/../lib/gcc/arm-none-eabi/6.3.1/thumb/v7e-m\libgcc.a
LOAD c:/program files (x86)/atmel/studio/7.0/toolchain/arm/arm-gnu-toolchain/bin/../lib/gcc/arm-none-eabi/6.3.1/../../../../arm-none-eabi/lib/thumb/v7e-m\libc_nano.a
END GROUP
LOAD c:/program files (x86)/atmel/studio/7.0/toolchain/arm/arm-gnu-toolchain/bin/../lib/gcc/arm-none-eabi/6.3.1/thumb/v7e-m/crtend.o
LOAD c:/program files (x86)/atmel/studio/7.0/toolchain/arm/arm-gnu-toolchain/bin/../lib/gcc/arm-none-eabi/6.3.1/thumb/v7e-m/crtn.o
                0x00010000                STACK_SIZE = DEFINED (STACK_SIZE)?STACK_SIZE:DEFINED (__stack_size__)?__stack_size__:0x10000

.text           0x00000000     0x72e8
                0x00000000                . = ALIGN (0x4)
                0x00000000                _sfixed = .
 *(.vectors .vectors.*)
 .vectors       0x00000000      0x264 Device_Startup/startup_same53.o
                0x00000000                exception_table
 *(.text .text.* .gnu.linkonce.t.*)
 .text          0x00000264       0x6c c:/program files (x86)/atmel/studio/7.0/toolchain/arm/arm-gnu-toolchain/bin/../lib/gcc/arm-none-eabi/6.3.1/thumb/v7e-m/crtbegin.o
 .text.atmel_start_init
                0x000002d0        0x8 atmel_start.o
                0x000002d0                atmel_start_init
 .text.Dummy_Handler
                0x000002d8        0x2 Device_Startup/startup_same53.o
                0x000002d8                EIC_5_Handler
                0x000002d8                SERCOM0_2_Handler
                0x000002d8                DebugMon_Handler
                0x000002d8                EIC_13_Handler
                0x000002d8                EVSYS_0_Handler
                0x000002d8                TCC1_3_Handler
                0x000002d8                DAC_3_Handler
                0x000002d8                TRNG_Handler
                0x000002d8                HardFault_Handler
                0x000002d8                TC2_Handler
                0x000002d8                PDEC_2_Handler
                0x000002d8                EIC_4_Handler
                0x000002d8                AC_Handler
                0x000002d8                SERCOM3_1_Handler
                0x000002d8                TCC2_3_Handler
                0x000002d8                SERCOM3_2_Handler
                0x000002d8                PendSV_Handler
                0x000002d8                NMI_Handler
                0x000002d8                ADC1_1_Handler
                0x000002d8                EVSYS_3_Handler
                0x000002d8                PDEC_0_Handler
                0x000002d8                QSPI_Handler
                0x000002d8                TCC0_0_Handler
                0x000002d8                EIC_3_Handler
                0x000002d8                TAL_0_Handler
                0x000002d8                DAC_2_Handler
                0x000002d8                SERCOM0_0_Handler
                0x000002d8                UsageFault_Handler
                0x000002d8                SERCOM4_0_Handler
                0x000002d8                EIC_10_Handler
                0x000002d8                SERCOM0_3_Handler
                0x000002d8                EIC_11_Handler
                0x000002d8                EIC_9_Handler
                0x000002d8                OSC32KCTRL_Handler
                0x000002d8                TCC2_1_Handler
                0x000002d8                SUPC_1_Handler
                0x000002d8                TCC0_5_Handler
                0x000002d8                TCC0_6_Handler
                0x000002d8                EVSYS_1_Handler
                0x000002d8                TCC1_4_Handler
                0x000002d8                DMAC_0_Handler
                0x000002d8                WDT_Handler
                0x000002d8                EIC_8_Handler
                0x000002d8                EIC_15_Handler
                0x000002d8                SERCOM5_0_Handler
                0x000002d8                TC4_Handler
                0x000002d8                TC1_Handler
                0x000002d8                OSCCTRL_4_Handler
                0x000002d8                SERCOM4_3_Handler
                0x000002d8                EIC_12_Handler
                0x000002d8                DMAC_4_Handler
                0x000002d8                TCC4_2_Handler
                0x000002d8                PAC_Handler
                0x000002d8                TCC1_0_Handler
                0x000002d8                USB_0_Handler
                0x000002d8                OSCCTRL_0_Handler
                0x000002d8                EIC_0_Handler
                0x000002d8                OSCCTRL_3_Handler
                0x000002d8                SERCOM4_1_Handler
                0x000002d8                TC3_Handler
                0x000002d8                Dummy_Handler
                0x000002d8                TCC3_0_Handler
                0x000002d8                TCC2_2_Handler
                0x000002d8                SERCOM5_1_Handler
                0x000002d8                TCC1_1_Handler
                0x000002d8                DMAC_2_Handler
                0x000002d8                ADC0_0_Handler
                0x000002d8                SERCOM0_1_Handler
                0x000002d8                OSCCTRL_2_Handler
                0x000002d8                ADC1_0_Handler
                0x000002d8                TCC1_2_Handler
                0x000002d8                USB_1_Handler
                0x000002d8                PM_Handler
                0x000002d8                SERCOM2_3_Handler
                0x000002d8                DAC_4_Handler
                0x000002d8                TCC3_2_Handler
                0x000002d8                TCC0_2_Handler
                0x000002d8                DMAC_1_Handler
                0x000002d8                TCC4_0_Handler
                0x000002d8                USB_3_Handler
                0x000002d8                TCC2_0_Handler
                0x000002d8                PDEC_1_Handler
                0x000002d8                MemManage_Handler
                0x000002d8                TCC4_1_Handler
                0x000002d8                SERCOM5_3_Handler
                0x000002d8                USB_2_Handler
                0x000002d8                SVC_Handler
                0x000002d8                SDHC0_Handler
                0x000002d8                SERCOM1_1_Handler
                0x000002d8                I2S_Handler
                0x000002d8                EIC_2_Handler
                0x000002d8                PCC_Handler
                0x000002d8                DAC_0_Handler
                0x000002d8                TCC0_1_Handler
                0x000002d8                SERCOM1_3_Handler
                0x000002d8                EIC_6_Handler
                0x000002d8                OSCCTRL_1_Handler
                0x000002d8                SERCOM1_0_Handler
                0x000002d8                PUKCC_Handler
                0x000002d8                SERCOM2_1_Handler
                0x000002d8                SERCOM1_2_Handler
                0x000002d8                SERCOM3_0_Handler
                0x000002d8                EIC_1_Handler
                0x000002d8                SERCOM4_2_Handler
                0x000002d8                EVSYS_4_Handler
                0x000002d8                EIC_7_Handler
                0x000002d8                NVMCTRL_1_Handler
                0x000002d8                SERCOM5_2_Handler
                0x000002d8                SERCOM3_3_Handler
                0x000002d8                ADC0_1_Handler
                0x000002d8                SERCOM2_2_Handler
                0x000002d8                TCC3_1_Handler
                0x000002d8                EIC_14_Handler
                0x000002d8                DAC_1_Handler
                0x000002d8                NVMCTRL_0_Handler
                0x000002d8                TAL_1_Handler
                0x000002d8                MCLK_Handler
                0x000002d8                EVSYS_2_Handler
                0x000002d8                SUPC_0_Handler
                0x000002d8                BusFault_Handler
                0x000002d8                FREQM_Handler
                0x000002d8                TC0_Handler
                0x000002d8                TCC0_3_Handler
                0x000002d8                DMAC_3_Handler
                0x000002d8                TCC0_4_Handler
                0x000002d8                TC5_Handler
                0x000002d8                SERCOM2_0_Handler
                0x000002d8                AES_Handler
                0x000002d8                ICM_Handler
 *fill*         0x000002da        0x2 
 .text.Reset_Handler
                0x000002dc       0x78 Device_Startup/startup_same53.o
                0x000002dc                Reset_Handler
 .text._gpio_set_pin_function
                0x00000354       0x68 driver_init.o
 .text.USART_0_PORT_init
                0x000003bc       0x20 driver_init.o
                0x000003bc                USART_0_PORT_init
 .text.USART_0_CLOCK_init
                0x000003dc       0x24 driver_init.o
                0x000003dc                USART_0_CLOCK_init
 .text.USART_0_init
                0x00000400       0x2c driver_init.o
                0x00000400                USART_0_init
 .text.MACIF_PORT_init
                0x0000042c       0x38 driver_init.o
                0x0000042c                MACIF_PORT_init
 .text.MACIF_CLOCK_init
                0x00000464       0x18 driver_init.o
                0x00000464                MACIF_CLOCK_init
 .text.MACIF_init
                0x0000047c       0x2c driver_init.o
                0x0000047c                MACIF_init
 .text.system_init
                0x000004a8       0x4c driver_init.o
                0x000004a8                system_init
 .text.ethernet_phy_get_link_status
                0x000004f4       0x28 ethernet_phy/ethernet_phy.o
                0x000004f4                ethernet_phy_get_link_status
 .text.LWIP_MACIF_stack_init
                0x0000051c       0x50 eth_ipstack_main.o
                0x0000051c                LWIP_MACIF_stack_init
 .text.LWIP_MACIF_init
                0x0000056c       0x68 eth_ipstack_main.o
                0x0000056c                LWIP_MACIF_init
 .text.eth_ipstack_init
                0x000005d4        0x8 eth_ipstack_main.o
                0x000005d4                eth_ipstack_init
 .text.i2c_m_sync_enable
                0x000005dc        0x8 hal/src/hal_i2c_m_sync.o
                0x000005dc                i2c_m_sync_enable
 .text.i2c_m_sync_set_slaveaddr
                0x000005e4       0x10 hal/src/hal_i2c_m_sync.o
                0x000005e4                i2c_m_sync_set_slaveaddr
 .text.io_write
                0x000005f4        0x4 hal/src/hal_io.o
                0x000005f4                io_write
 .text.io_read  0x000005f8        0x4 hal/src/hal_io.o
                0x000005f8                io_read
 .text.mac_read_cb
                0x000005fc        0x8 hal/src/hal_mac_async.o
 .text.mac_write_cb
                0x00000604        0x8 hal/src/hal_mac_async.o
 .text.mac_async_init
                0x0000060c        0x8 hal/src/hal_mac_async.o
                0x0000060c                mac_async_init
 .text.mac_async_enable
                0x00000614        0x8 hal/src/hal_mac_async.o
                0x00000614                mac_async_enable
 .text.mac_async_write
                0x0000061c        0x8 hal/src/hal_mac_async.o
                0x0000061c                mac_async_write
 .text.mac_async_read
                0x00000624        0x8 hal/src/hal_mac_async.o
                0x00000624                mac_async_read
 .text.mac_async_read_len
                0x0000062c        0x8 hal/src/hal_mac_async.o
                0x0000062c                mac_async_read_len
 .text.mac_async_register_callback
                0x00000634       0x38 hal/src/hal_mac_async.o
                0x00000634                mac_async_register_callback
 .text.mac_async_set_filter
                0x0000066c        0x8 hal/src/hal_mac_async.o
                0x0000066c                mac_async_set_filter
 .text.mac_async_read_phy_reg
                0x00000674       0x10 hal/src/hal_mac_async.o
                0x00000674                mac_async_read_phy_reg
 .text.timer_add_timer_task
                0x00000684       0x4c hal/src/hal_timer.o
 .text.timer_process_counted
                0x000006d0       0x6c hal/src/hal_timer.o
 .text.timer_init
                0x0000073c       0x1c hal/src/hal_timer.o
                0x0000073c                timer_init
 .text.usart_sync_write
                0x00000758       0x50 hal/src/hal_usart_sync.o
 .text.usart_sync_read
                0x000007a8       0x38 hal/src/hal_usart_sync.o
 .text.usart_sync_init
                0x000007e0       0x24 hal/src/hal_usart_sync.o
                0x000007e0                usart_sync_init
 .text.usart_sync_enable
                0x00000804       0x10 hal/src/hal_usart_sync.o
                0x00000804                usart_sync_enable
 .text.usart_sync_get_io_descriptor
                0x00000814        0x6 hal/src/hal_usart_sync.o
                0x00000814                usart_sync_get_io_descriptor
 .text.list_insert_as_head
                0x0000081a        0x8 hal/utils/src/utils_list.o
                0x0000081a                list_insert_as_head
 .text.list_insert_after
                0x00000822        0x8 hal/utils/src/utils_list.o
                0x00000822                list_insert_after
 .text.list_remove_head
                0x0000082a        0xc hal/utils/src/utils_list.o
                0x0000082a                list_remove_head
 *fill*         0x00000836        0x2 
 .text._sbrk    0x00000838       0x1c hal/utils/src/utils_syscalls.o
                0x00000838                _sbrk
 .text._close   0x00000854        0x6 hal/utils/src/utils_syscalls.o
                0x00000854                _close
 .text._fstat   0x0000085a        0xa hal/utils/src/utils_syscalls.o
                0x0000085a                _fstat
 .text._isatty  0x00000864        0x4 hal/utils/src/utils_syscalls.o
                0x00000864                _isatty
 .text._lseek   0x00000868        0x4 hal/utils/src/utils_syscalls.o
                0x00000868                _lseek
 .text._init_chip
                0x0000086c       0x40 hpl/core/hpl_init.o
                0x0000086c                _init_chip
 .text._gclk_init_generators_by_fref
                0x000008ac       0x14 hpl/gclk/hpl_gclk.o
                0x000008ac                _gclk_init_generators_by_fref
 .text.GMAC_Handler
                0x000008c0       0x4c hpl/gmac/hpl_gmac.o
                0x000008c0                GMAC_Handler
 .text._mac_async_init
                0x0000090c       0xa8 hpl/gmac/hpl_gmac.o
                0x0000090c                _mac_async_init
 .text._mac_async_enable
                0x000009b4        0xe hpl/gmac/hpl_gmac.o
                0x000009b4                _mac_async_enable
 *fill*         0x000009c2        0x2 
 .text._mac_async_write
                0x000009c4      0x100 hpl/gmac/hpl_gmac.o
                0x000009c4                _mac_async_write
 .text._mac_async_read
                0x00000ac4       0xf4 hpl/gmac/hpl_gmac.o
                0x00000ac4                _mac_async_read
 .text._mac_async_read_len
                0x00000bb8       0x5c hpl/gmac/hpl_gmac.o
                0x00000bb8                _mac_async_read_len
 .text._mac_async_register_callback
                0x00000c14       0x28 hpl/gmac/hpl_gmac.o
                0x00000c14                _mac_async_register_callback
 .text._mac_async_set_filter
                0x00000c3c       0x20 hpl/gmac/hpl_gmac.o
                0x00000c3c                _mac_async_set_filter
 .text._mac_async_read_phy_reg
                0x00000c5c       0x3a hpl/gmac/hpl_gmac.o
                0x00000c5c                _mac_async_read_phy_reg
 *fill*         0x00000c96        0x2 
 .text._mclk_init
                0x00000c98        0xc hpl/mclk/hpl_mclk.o
                0x00000c98                _mclk_init
 .text._osc32kctrl_init_sources
                0x00000ca4       0x14 hpl/osc32kctrl/hpl_osc32kctrl.o
                0x00000ca4                _osc32kctrl_init_sources
 .text._oscctrl_init_sources
                0x00000cb8       0x18 hpl/oscctrl/hpl_oscctrl.o
                0x00000cb8                _oscctrl_init_sources
 .text._oscctrl_init_referenced_generators
                0x00000cd0        0x2 hpl/oscctrl/hpl_oscctrl.o
                0x00000cd0                _oscctrl_init_referenced_generators
 *fill*         0x00000cd2        0x2 
 .text.RAMECC_Handler
                0x00000cd4       0x3c hpl/ramecc/hpl_ramecc.o
                0x00000cd4                RAMECC_Handler
 .text._timer_init
                0x00000d10       0x2c hpl/rtc/hpl_rtc.o
                0x00000d10                _timer_init
 .text._rtc_get_timer
                0x00000d3c        0x4 hpl/rtc/hpl_rtc.o
                0x00000d3c                _rtc_get_timer
 .text.RTC_Handler
                0x00000d40       0x24 hpl/rtc/hpl_rtc.o
                0x00000d40                RTC_Handler
 .text.hri_sercomi2cm_wait_for_sync
                0x00000d64        0x8 hpl/sercom/hpl_sercom.o
 .text.hri_sercomusart_wait_for_sync
                0x00000d6c        0x8 hpl/sercom/hpl_sercom.o
 .text.hri_sercomusart_clear_CTRLA_ENABLE_bit
                0x00000d74       0x18 hpl/sercom/hpl_sercom.o
 .text._usart_init
                0x00000d8c       0x54 hpl/sercom/hpl_sercom.o
 .text._i2c_m_enable_implementation
                0x00000de0       0x40 hpl/sercom/hpl_sercom.o
 .text._usart_sync_init
                0x00000e20        0xc hpl/sercom/hpl_sercom.o
                0x00000e20                _usart_sync_init
 .text._usart_sync_enable
                0x00000e2c       0x1c hpl/sercom/hpl_sercom.o
                0x00000e2c                _usart_sync_enable
 .text._usart_sync_write_byte
                0x00000e48        0x6 hpl/sercom/hpl_sercom.o
                0x00000e48                _usart_sync_write_byte
 .text._usart_sync_read_byte
                0x00000e4e        0x8 hpl/sercom/hpl_sercom.o
                0x00000e4e                _usart_sync_read_byte
 .text._usart_sync_is_ready_to_send
                0x00000e56        0xa hpl/sercom/hpl_sercom.o
                0x00000e56                _usart_sync_is_ready_to_send
 .text._usart_sync_is_transmit_done
                0x00000e60        0xa hpl/sercom/hpl_sercom.o
                0x00000e60                _usart_sync_is_transmit_done
 .text._usart_sync_is_byte_received
                0x00000e6a        0xa hpl/sercom/hpl_sercom.o
                0x00000e6a                _usart_sync_is_byte_received
 .text._i2c_m_sync_enable
                0x00000e74       0x10 hpl/sercom/hpl_sercom.o
                0x00000e74                _i2c_m_sync_enable
 .text.mac_low_level_init
                0x00000e84       0x28 lwip/lwip-1.4.0/port/ethif_mac.o
                0x00000e84                mac_low_level_init
 .text.mac_low_level_output
                0x00000eac       0x74 lwip/lwip-1.4.0/port/ethif_mac.o
                0x00000eac                mac_low_level_output
 .text.ethernetif_mac_input
                0x00000f20       0x7c lwip/lwip-1.4.0/port/ethif_mac.o
                0x00000f20                ethernetif_mac_input
 .text.lwip_htons
                0x00000f9c        0x6 lwip/lwip-1.4.0/src/core/def.o
                0x00000f9c                lwip_htons
 .text.lwip_ntohs
                0x00000fa2        0x6 lwip/lwip-1.4.0/src/core/def.o
                0x00000fa2                lwip_ntohs
 .text.lwip_htonl
                0x00000fa8        0x4 lwip/lwip-1.4.0/src/core/def.o
                0x00000fa8                lwip_htonl
 .text.lwip_ntohl
                0x00000fac        0x8 lwip/lwip-1.4.0/src/core/def.o
                0x00000fac                lwip_ntohl
 .text.dhcp_set_state
                0x00000fb4       0x10 lwip/lwip-1.4.0/src/core/dhcp.o
 .text.dhcp_option
                0x00000fc4       0x1c lwip/lwip-1.4.0/src/core/dhcp.o
 .text.dhcp_option_byte
                0x00000fe0       0x12 lwip/lwip-1.4.0/src/core/dhcp.o
 .text.dhcp_option_short
                0x00000ff2       0x1e lwip/lwip-1.4.0/src/core/dhcp.o
 .text.dhcp_option_long
                0x00001010       0x36 lwip/lwip-1.4.0/src/core/dhcp.o
 .text.dhcp_option_trailer
                0x00001046       0x2c lwip/lwip-1.4.0/src/core/dhcp.o
 *fill*         0x00001072        0x2 
 .text.dhcp_create_msg
                0x00001074      0x138 lwip/lwip-1.4.0/src/core/dhcp.o
 .text.dhcp_delete_msg
                0x000011ac       0x1c lwip/lwip-1.4.0/src/core/dhcp.o
 .text.dhcp_rebind
                0x000011c8       0xac lwip/lwip-1.4.0/src/core/dhcp.o
 .text.dhcp_discover
                0x00001274       0xd0 lwip/lwip-1.4.0/src/core/dhcp.o
 .text.dhcp_select
                0x00001344      0x104 lwip/lwip-1.4.0/src/core/dhcp.o
 .text.dhcp_reboot
                0x00001448       0xcc lwip/lwip-1.4.0/src/core/dhcp.o
 .text.dhcp_check
                0x00001514       0x30 lwip/lwip-1.4.0/src/core/dhcp.o
 .text.dhcp_bind
                0x00001544       0xd4 lwip/lwip-1.4.0/src/core/dhcp.o
 .text.dhcp_arp_reply
                0x00001618       0xa4 lwip/lwip-1.4.0/src/core/dhcp.o
                0x00001618                dhcp_arp_reply
 .text.dhcp_renew
                0x000016bc       0xa8 lwip/lwip-1.4.0/src/core/dhcp.o
                0x000016bc                dhcp_renew
 .text.dhcp_coarse_tmr
                0x00001764       0x5c lwip/lwip-1.4.0/src/core/dhcp.o
                0x00001764                dhcp_coarse_tmr
 .text.dhcp_release
                0x000017c0       0xd0 lwip/lwip-1.4.0/src/core/dhcp.o
                0x000017c0                dhcp_release
 .text.dhcp_fine_tmr
                0x00001890       0xb0 lwip/lwip-1.4.0/src/core/dhcp.o
                0x00001890                dhcp_fine_tmr
 .text.lwip_init
                0x00001940       0x38 lwip/lwip-1.4.0/src/core/init.o
                0x00001940                lwip_init
 .text.icmp_send_response.isra.0
                0x00001978       0x88 lwip/lwip-1.4.0/src/core/ipv4/icmp.o
 .text.icmp_input
                0x00001a00      0x148 lwip/lwip-1.4.0/src/core/ipv4/icmp.o
                0x00001a00                icmp_input
 .text.icmp_dest_unreach
                0x00001b48       0x10 lwip/lwip-1.4.0/src/core/ipv4/icmp.o
                0x00001b48                icmp_dest_unreach
 .text.icmp_time_exceeded
                0x00001b58       0x10 lwip/lwip-1.4.0/src/core/ipv4/icmp.o
                0x00001b58                icmp_time_exceeded
 .text.lwip_standard_chksum
                0x00001b68       0x60 lwip/lwip-1.4.0/src/core/ipv4/inet_chksum.o
 .text.inet_chksum_pseudo
                0x00001bc8       0x90 lwip/lwip-1.4.0/src/core/ipv4/inet_chksum.o
                0x00001bc8                inet_chksum_pseudo
 .text.inet_chksum
                0x00001c58       0x10 lwip/lwip-1.4.0/src/core/ipv4/inet_chksum.o
                0x00001c58                inet_chksum
 .text.inet_chksum_pbuf
                0x00001c68       0x4c lwip/lwip-1.4.0/src/core/ipv4/inet_chksum.o
                0x00001c68                inet_chksum_pbuf
 .text.ip_route
                0x00001cb4       0x3c lwip/lwip-1.4.0/src/core/ipv4/ip.o
                0x00001cb4                ip_route
 .text.ip_input
                0x00001cf0      0x198 lwip/lwip-1.4.0/src/core/ipv4/ip.o
                0x00001cf0                ip_input
 .text.ip_output_if
                0x00001e88       0xfc lwip/lwip-1.4.0/src/core/ipv4/ip.o
                0x00001e88                ip_output_if
 .text.ip_output
                0x00001f84       0x40 lwip/lwip-1.4.0/src/core/ipv4/ip.o
                0x00001f84                ip_output
 .text.ip4_addr_isbroadcast
                0x00001fc4       0x32 lwip/lwip-1.4.0/src/core/ipv4/ip_addr.o
                0x00001fc4                ip4_addr_isbroadcast
 *fill*         0x00001ff6        0x2 
 .text.ipaddr_aton
                0x00001ff8      0x108 lwip/lwip-1.4.0/src/core/ipv4/ip_addr.o
                0x00001ff8                ipaddr_aton
 .text.ipaddr_ntoa_r
                0x00002100       0x92 lwip/lwip-1.4.0/src/core/ipv4/ip_addr.o
                0x00002100                ipaddr_ntoa_r
 *fill*         0x00002192        0x2 
 .text.ipfrag_free_pbuf_custom
                0x00002194       0x20 lwip/lwip-1.4.0/src/core/ipv4/ip_frag.o
 .text.ip_reass_free_complete_datagram
                0x000021b4       0x9c lwip/lwip-1.4.0/src/core/ipv4/ip_frag.o
 .text.ip_reass_remove_oldest_datagram
                0x00002250       0x78 lwip/lwip-1.4.0/src/core/ipv4/ip_frag.o
 .text.ip_reass_tmr
                0x000022c8       0x2c lwip/lwip-1.4.0/src/core/ipv4/ip_frag.o
                0x000022c8                ip_reass_tmr
 .text.ip_reass
                0x000022f4      0x2e8 lwip/lwip-1.4.0/src/core/ipv4/ip_frag.o
                0x000022f4                ip_reass
 .text.ip_frag  0x000025dc      0x19c lwip/lwip-1.4.0/src/core/ipv4/ip_frag.o
                0x000025dc                ip_frag
 .text.mem_init
                0x00002778       0x34 lwip/lwip-1.4.0/src/core/mem.o
                0x00002778                mem_init
 .text.mem_free
                0x000027ac       0x7c lwip/lwip-1.4.0/src/core/mem.o
                0x000027ac                mem_free
 .text.mem_trim
                0x00002828       0x9c lwip/lwip-1.4.0/src/core/mem.o
                0x00002828                mem_trim
 .text.mem_malloc
                0x000028c4       0xa8 lwip/lwip-1.4.0/src/core/mem.o
                0x000028c4                mem_malloc
 .text.memp_init
                0x0000296c       0x54 lwip/lwip-1.4.0/src/core/memp.o
                0x0000296c                memp_init
 .text.memp_malloc
                0x000029c0       0x20 lwip/lwip-1.4.0/src/core/memp.o
                0x000029c0                memp_malloc
 .text.memp_free
                0x000029e0       0x18 lwip/lwip-1.4.0/src/core/memp.o
                0x000029e0                memp_free
 .text.netif_init
                0x000029f8        0x2 lwip/lwip-1.4.0/src/core/netif.o
                0x000029f8                netif_init
 *fill*         0x000029fa        0x2 
 .text.netif_set_ipaddr
                0x000029fc       0x54 lwip/lwip-1.4.0/src/core/netif.o
                0x000029fc                netif_set_ipaddr
 .text.netif_set_addr
                0x00002a50       0x20 lwip/lwip-1.4.0/src/core/netif.o
                0x00002a50                netif_set_addr
 .text.netif_add
                0x00002a70       0x54 lwip/lwip-1.4.0/src/core/netif.o
                0x00002a70                netif_add
 .text.netif_set_gw
                0x00002ac4        0x8 lwip/lwip-1.4.0/src/core/netif.o
                0x00002ac4                netif_set_gw
 .text.netif_set_netmask
                0x00002acc        0x8 lwip/lwip-1.4.0/src/core/netif.o
                0x00002acc                netif_set_netmask
 .text.netif_set_default
                0x00002ad4        0xc lwip/lwip-1.4.0/src/core/netif.o
                0x00002ad4                netif_set_default
 .text.netif_set_up
                0x00002ae0       0x38 lwip/lwip-1.4.0/src/core/netif.o
                0x00002ae0                netif_set_up
 .text.netif_set_down
                0x00002b18       0x30 lwip/lwip-1.4.0/src/core/netif.o
                0x00002b18                netif_set_down
 .text.pbuf_free_ooseq
                0x00002b48       0x30 lwip/lwip-1.4.0/src/core/pbuf.o
                0x00002b48                pbuf_free_ooseq
 .text.pbuf_alloced_custom
                0x00002b78       0x54 lwip/lwip-1.4.0/src/core/pbuf.o
                0x00002b78                pbuf_alloced_custom
 .text.pbuf_header
                0x00002bcc       0x58 lwip/lwip-1.4.0/src/core/pbuf.o
                0x00002bcc                pbuf_header
 .text.pbuf_free
                0x00002c24       0x58 lwip/lwip-1.4.0/src/core/pbuf.o
                0x00002c24                pbuf_free
 .text.pbuf_alloc
                0x00002c7c      0x12c lwip/lwip-1.4.0/src/core/pbuf.o
                0x00002c7c                pbuf_alloc
 .text.pbuf_realloc
                0x00002da8       0x54 lwip/lwip-1.4.0/src/core/pbuf.o
                0x00002da8                pbuf_realloc
 .text.pbuf_clen
                0x00002dfc       0x10 lwip/lwip-1.4.0/src/core/pbuf.o
                0x00002dfc                pbuf_clen
 .text.pbuf_ref
                0x00002e0c        0xa lwip/lwip-1.4.0/src/core/pbuf.o
                0x00002e0c                pbuf_ref
 .text.pbuf_cat
                0x00002e16       0x1c lwip/lwip-1.4.0/src/core/pbuf.o
                0x00002e16                pbuf_cat
 *fill*         0x00002e32        0x2 
 .text.pbuf_chain
                0x00002e34       0x18 lwip/lwip-1.4.0/src/core/pbuf.o
                0x00002e34                pbuf_chain
 .text.pbuf_copy
                0x00002e4c       0x98 lwip/lwip-1.4.0/src/core/pbuf.o
                0x00002e4c                pbuf_copy
 .text.pbuf_copy_partial
                0x00002ee4       0x5c lwip/lwip-1.4.0/src/core/pbuf.o
                0x00002ee4                pbuf_copy_partial
 .text.tcp_init
                0x00002f40        0x2 lwip/lwip-1.4.0/src/core/tcp.o
                0x00002f40                tcp_init
 .text.tcp_update_rcv_ann_wnd
                0x00002f42       0x36 lwip/lwip-1.4.0/src/core/tcp.o
                0x00002f42                tcp_update_rcv_ann_wnd
 .text.tcp_recved
                0x00002f78       0x40 lwip/lwip-1.4.0/src/core/tcp.o
                0x00002f78                tcp_recved
 .text.tcp_seg_free
                0x00002fb8       0x24 lwip/lwip-1.4.0/src/core/tcp.o
                0x00002fb8                tcp_seg_free
 .text.tcp_segs_free
                0x00002fdc       0x14 lwip/lwip-1.4.0/src/core/tcp.o
                0x00002fdc                tcp_segs_free
 .text.tcp_seg_copy
                0x00002ff0       0x34 lwip/lwip-1.4.0/src/core/tcp.o
                0x00002ff0                tcp_seg_copy
 .text.tcp_pcb_purge
                0x00003024       0x44 lwip/lwip-1.4.0/src/core/tcp.o
                0x00003024                tcp_pcb_purge
 .text.tcp_slowtmr
                0x00003068      0x2f8 lwip/lwip-1.4.0/src/core/tcp.o
                0x00003068                tcp_slowtmr
 .text.tcp_pcb_remove
                0x00003360       0x6c lwip/lwip-1.4.0/src/core/tcp.o
                0x00003360                tcp_pcb_remove
 .text.tcp_close_shutdown
                0x000033cc      0x170 lwip/lwip-1.4.0/src/core/tcp.o
 .text.tcp_close
                0x0000353c       0x18 lwip/lwip-1.4.0/src/core/tcp.o
                0x0000353c                tcp_close
 .text.tcp_recv_null
                0x00003554       0x30 lwip/lwip-1.4.0/src/core/tcp.o
                0x00003554                tcp_recv_null
 .text.tcp_process_refused_data
                0x00003584       0x6c lwip/lwip-1.4.0/src/core/tcp.o
                0x00003584                tcp_process_refused_data
 .text.tcp_fasttmr
                0x000035f0       0x78 lwip/lwip-1.4.0/src/core/tcp.o
                0x000035f0                tcp_fasttmr
 .text.tcp_tmr  0x00003668       0x2c lwip/lwip-1.4.0/src/core/tcp.o
                0x00003668                tcp_tmr
 .text.tcp_abandon
                0x00003694       0xb0 lwip/lwip-1.4.0/src/core/tcp.o
                0x00003694                tcp_abandon
 .text.tcp_abort
                0x00003744        0xc lwip/lwip-1.4.0/src/core/tcp.o
                0x00003744                tcp_abort
 .text.tcp_next_iss
                0x00003750       0x18 lwip/lwip-1.4.0/src/core/tcp.o
                0x00003750                tcp_next_iss
 .text.tcp_alloc
                0x00003768      0x11c lwip/lwip-1.4.0/src/core/tcp.o
                0x00003768                tcp_alloc
 .text.tcp_eff_send_mss
                0x00003884       0x24 lwip/lwip-1.4.0/src/core/tcp.o
                0x00003884                tcp_eff_send_mss
 .text.tcp_oos_insert_segment
                0x000038a8       0x9c lwip/lwip-1.4.0/src/core/tcp_in.o
 .text.tcp_receive
                0x00003944      0x778 lwip/lwip-1.4.0/src/core/tcp_in.o
 .text.tcp_parseopt.isra.0
                0x000040bc       0x84 lwip/lwip-1.4.0/src/core/tcp_in.o
 .text.tcp_input
                0x00004140      0x818 lwip/lwip-1.4.0/src/core/tcp_in.o
                0x00004140                tcp_input
 .text.tcp_create_segment
                0x00004958       0xd0 lwip/lwip-1.4.0/src/core/tcp_out.o
 .text.tcp_output_alloc_header.constprop.0
                0x00004a28       0x68 lwip/lwip-1.4.0/src/core/tcp_out.o
 .text.tcp_enqueue_flags
                0x00004a90       0xac lwip/lwip-1.4.0/src/core/tcp_out.o
                0x00004a90                tcp_enqueue_flags
 .text.tcp_send_fin
                0x00004b3c       0x54 lwip/lwip-1.4.0/src/core/tcp_out.o
                0x00004b3c                tcp_send_fin
 .text.tcp_send_empty_ack
                0x00004b90       0x74 lwip/lwip-1.4.0/src/core/tcp_out.o
                0x00004b90                tcp_send_empty_ack
 .text.tcp_output
                0x00004c04      0x290 lwip/lwip-1.4.0/src/core/tcp_out.o
                0x00004c04                tcp_output
 .text.tcp_rst  0x00004e94       0xb0 lwip/lwip-1.4.0/src/core/tcp_out.o
                0x00004e94                tcp_rst
 .text.tcp_rexmit_rto
                0x00004f44       0x38 lwip/lwip-1.4.0/src/core/tcp_out.o
                0x00004f44                tcp_rexmit_rto
 .text.tcp_rexmit
                0x00004f7c       0x58 lwip/lwip-1.4.0/src/core/tcp_out.o
                0x00004f7c                tcp_rexmit
 .text.tcp_rexmit_fast
                0x00004fd4       0x54 lwip/lwip-1.4.0/src/core/tcp_out.o
                0x00004fd4                tcp_rexmit_fast
 .text.tcp_keepalive
                0x00005028       0x6c lwip/lwip-1.4.0/src/core/tcp_out.o
                0x00005028                tcp_keepalive
 .text.tcp_zero_window_probe
                0x00005094       0xc4 lwip/lwip-1.4.0/src/core/tcp_out.o
                0x00005094                tcp_zero_window_probe
 .text.sys_timeout
                0x00005158       0x60 lwip/lwip-1.4.0/src/core/timers.o
                0x00005158                sys_timeout
 .text.tcp_timer_needed
                0x000051b8       0x38 lwip/lwip-1.4.0/src/core/timers.o
                0x000051b8                tcp_timer_needed
 .text.tcpip_tcp_timer
                0x000051f0       0x40 lwip/lwip-1.4.0/src/core/timers.o
 .text.sys_timeouts_init
                0x00005230       0x54 lwip/lwip-1.4.0/src/core/timers.o
                0x00005230                sys_timeouts_init
 .text.dhcp_timer_fine
                0x00005284       0x24 lwip/lwip-1.4.0/src/core/timers.o
 .text.dhcp_timer_coarse
                0x000052a8       0x24 lwip/lwip-1.4.0/src/core/timers.o
 .text.arp_timer
                0x000052cc       0x24 lwip/lwip-1.4.0/src/core/timers.o
 .text.ip_reass_timer
                0x000052f0       0x24 lwip/lwip-1.4.0/src/core/timers.o
 .text.sys_check_timeouts
                0x00005314       0x68 lwip/lwip-1.4.0/src/core/timers.o
                0x00005314                sys_check_timeouts
 .text.udp_init
                0x0000537c        0x2 lwip/lwip-1.4.0/src/core/udp.o
                0x0000537c                udp_init
 *fill*         0x0000537e        0x2 
 .text.udp_input
                0x00005380      0x19c lwip/lwip-1.4.0/src/core/udp.o
                0x00005380                udp_input
 .text.udp_bind
                0x0000551c       0x98 lwip/lwip-1.4.0/src/core/udp.o
                0x0000551c                udp_bind
 .text.udp_sendto_if
                0x000055b4      0x10c lwip/lwip-1.4.0/src/core/udp.o
                0x000055b4                udp_sendto_if
 .text.etharp_free_entry
                0x000056c0       0x2c lwip/lwip-1.4.0/src/netif/etharp.o
 .text.etharp_find_entry
                0x000056ec       0xd4 lwip/lwip-1.4.0/src/netif/etharp.o
 .text.etharp_send_ip
                0x000057c0       0x24 lwip/lwip-1.4.0/src/netif/etharp.o
 .text.etharp_tmr
                0x000057e4       0x44 lwip/lwip-1.4.0/src/netif/etharp.o
                0x000057e4                etharp_tmr
 .text.etharp_cleanup_netif
                0x00005828       0x2c lwip/lwip-1.4.0/src/netif/etharp.o
                0x00005828                etharp_cleanup_netif
 .text.etharp_request
                0x00005854       0xa4 lwip/lwip-1.4.0/src/netif/etharp.o
                0x00005854                etharp_request
 .text.etharp_output_to_arp_index
                0x000058f8       0x58 lwip/lwip-1.4.0/src/netif/etharp.o
 .text.etharp_query
                0x00005950      0x11c lwip/lwip-1.4.0/src/netif/etharp.o
                0x00005950                etharp_query
 .text.etharp_output
                0x00005a6c      0x100 lwip/lwip-1.4.0/src/netif/etharp.o
                0x00005a6c                etharp_output
 .text.ethernet_input
                0x00005b6c      0x1e8 lwip/lwip-1.4.0/src/netif/etharp.o
                0x00005b6c                ethernet_input
 .text.mac_receive_cb
                0x00005d54        0xc main.o
                0x00005d54                mac_receive_cb
 .text.sys_now  0x00005d60        0xc main.o
                0x00005d60                sys_now
 .text.SysTick_Handler
                0x00005d6c       0x10 main.o
                0x00005d6c                SysTick_Handler
 .text.systick_enable
                0x00005d7c       0x2c main.o
                0x00005d7c                systick_enable
 .text.startup.main
                0x00005da8      0x234 main.o
                0x00005da8                main
 .text._read    0x00005fdc       0x20 stdio_redirect/gcc/read.o
                0x00005fdc                _read
 .text._write   0x00005ffc       0x24 stdio_redirect/gcc/write.o
                0x00005ffc                _write
 .text.stdio_io_read
                0x00006020       0x1c stdio_redirect/stdio_io.o
                0x00006020                stdio_io_read
 .text.stdio_io_write
                0x0000603c       0x1c stdio_redirect/stdio_io.o
                0x0000603c                stdio_io_write
 .text.__libc_init_array
                0x00006058       0x48 c:/program files (x86)/atmel/studio/7.0/toolchain/arm/arm-gnu-toolchain/bin/../lib/gcc/arm-none-eabi/6.3.1/../../../../arm-none-eabi/lib/thumb/v7e-m\libc_nano.a(lib_a-init.o)
                0x00006058                __libc_init_array
 .text.memcmp   0x000060a0       0x1e c:/program files (x86)/atmel/studio/7.0/toolchain/arm/arm-gnu-toolchain/bin/../lib/gcc/arm-none-eabi/6.3.1/../../../../arm-none-eabi/lib/thumb/v7e-m\libc_nano.a(lib_a-memcmp.o)
                0x000060a0                memcmp
 .text.memcpy   0x000060be       0x16 c:/program files (x86)/atmel/studio/7.0/toolchain/arm/arm-gnu-toolchain/bin/../lib/gcc/arm-none-eabi/6.3.1/../../../../arm-none-eabi/lib/thumb/v7e-m\libc_nano.a(lib_a-memcpy-stub.o)
                0x000060be                memcpy
 .text.memset   0x000060d4       0x10 c:/program files (x86)/atmel/studio/7.0/toolchain/arm/arm-gnu-toolchain/bin/../lib/gcc/arm-none-eabi/6.3.1/../../../../arm-none-eabi/lib/thumb/v7e-m\libc_nano.a(lib_a-memset.o)
                0x000060d4                memset
 .text.printf   0x000060e4       0x30 c:/program files (x86)/atmel/studio/7.0/toolchain/arm/arm-gnu-toolchain/bin/../lib/gcc/arm-none-eabi/6.3.1/../../../../arm-none-eabi/lib/thumb/v7e-m\libc_nano.a(lib_a-printf.o)
                0x000060e4                iprintf
                0x000060e4                printf
 .text._puts_r  0x00006114       0xb8 c:/program files (x86)/atmel/studio/7.0/toolchain/arm/arm-gnu-toolchain/bin/../lib/gcc/arm-none-eabi/6.3.1/../../../../arm-none-eabi/lib/thumb/v7e-m\libc_nano.a(lib_a-puts.o)
                0x00006114                _puts_r
 .text.puts     0x000061cc       0x10 c:/program files (x86)/atmel/studio/7.0/toolchain/arm/arm-gnu-toolchain/bin/../lib/gcc/arm-none-eabi/6.3.1/../../../../arm-none-eabi/lib/thumb/v7e-m\libc_nano.a(lib_a-puts.o)
                0x000061cc                puts
 .text.strcpy   0x000061dc       0x10 c:/program files (x86)/atmel/studio/7.0/toolchain/arm/arm-gnu-toolchain/bin/../lib/gcc/arm-none-eabi/6.3.1/../../../../arm-none-eabi/lib/thumb/v7e-m\libc_nano.a(lib_a-strcpy.o)
                0x000061dc                strcpy
 .text          0x000061ec       0x10 c:/program files (x86)/atmel/studio/7.0/toolchain/arm/arm-gnu-toolchain/bin/../lib/gcc/arm-none-eabi/6.3.1/../../../../arm-none-eabi/lib/thumb/v7e-m\libc_nano.a(lib_a-strlen.o)
                0x000061ec                strlen
 .text.__swbuf_r
                0x000061fc       0xa4 c:/program files (x86)/atmel/studio/7.0/toolchain/arm/arm-gnu-toolchain/bin/../lib/gcc/arm-none-eabi/6.3.1/../../../../arm-none-eabi/lib/thumb/v7e-m\libc_nano.a(lib_a-wbuf.o)
                0x000061fc                __swbuf_r
 .text.__swsetup_r
                0x000062a0       0xdc c:/program files (x86)/atmel/studio/7.0/toolchain/arm/arm-gnu-toolchain/bin/../lib/gcc/arm-none-eabi/6.3.1/../../../../arm-none-eabi/lib/thumb/v7e-m\libc_nano.a(lib_a-wsetup.o)
                0x000062a0                __swsetup_r
 .text.__sflush_r
                0x0000637c      0x110 c:/program files (x86)/atmel/studio/7.0/toolchain/arm/arm-gnu-toolchain/bin/../lib/gcc/arm-none-eabi/6.3.1/../../../../arm-none-eabi/lib/thumb/v7e-m\libc_nano.a(lib_a-fflush.o)
                0x0000637c                __sflush_r
 .text._fflush_r
                0x0000648c       0x54 c:/program files (x86)/atmel/studio/7.0/toolchain/arm/arm-gnu-toolchain/bin/../lib/gcc/arm-none-eabi/6.3.1/../../../../arm-none-eabi/lib/thumb/v7e-m\libc_nano.a(lib_a-fflush.o)
                0x0000648c                _fflush_r
 .text._cleanup_r
                0x000064e0        0xc c:/program files (x86)/atmel/studio/7.0/toolchain/arm/arm-gnu-toolchain/bin/../lib/gcc/arm-none-eabi/6.3.1/../../../../arm-none-eabi/lib/thumb/v7e-m\libc_nano.a(lib_a-findfp.o)
                0x000064e0                _cleanup_r
 .text.std.isra.0
                0x000064ec       0x48 c:/program files (x86)/atmel/studio/7.0/toolchain/arm/arm-gnu-toolchain/bin/../lib/gcc/arm-none-eabi/6.3.1/../../../../arm-none-eabi/lib/thumb/v7e-m\libc_nano.a(lib_a-findfp.o)
 .text.__sfmoreglue
                0x00006534       0x2c c:/program files (x86)/atmel/studio/7.0/toolchain/arm/arm-gnu-toolchain/bin/../lib/gcc/arm-none-eabi/6.3.1/../../../../arm-none-eabi/lib/thumb/v7e-m\libc_nano.a(lib_a-findfp.o)
                0x00006534                __sfmoreglue
 .text.__sinit  0x00006560       0x60 c:/program files (x86)/atmel/studio/7.0/toolchain/arm/arm-gnu-toolchain/bin/../lib/gcc/arm-none-eabi/6.3.1/../../../../arm-none-eabi/lib/thumb/v7e-m\libc_nano.a(lib_a-findfp.o)
                0x00006560                __sinit
 .text.__sfp    0x000065c0       0x78 c:/program files (x86)/atmel/studio/7.0/toolchain/arm/arm-gnu-toolchain/bin/../lib/gcc/arm-none-eabi/6.3.1/../../../../arm-none-eabi/lib/thumb/v7e-m\libc_nano.a(lib_a-findfp.o)
                0x000065c0                __sfp
 .text._fwalk_reent
                0x00006638       0x3c c:/program files (x86)/atmel/studio/7.0/toolchain/arm/arm-gnu-toolchain/bin/../lib/gcc/arm-none-eabi/6.3.1/../../../../arm-none-eabi/lib/thumb/v7e-m\libc_nano.a(lib_a-fwalk.o)
                0x00006638                _fwalk_reent
 .text.__swhatbuf_r
                0x00006674       0x48 c:/program files (x86)/atmel/studio/7.0/toolchain/arm/arm-gnu-toolchain/bin/../lib/gcc/arm-none-eabi/6.3.1/../../../../arm-none-eabi/lib/thumb/v7e-m\libc_nano.a(lib_a-makebuf.o)
                0x00006674                __swhatbuf_r
 .text.__smakebuf_r
                0x000066bc       0x80 c:/program files (x86)/atmel/studio/7.0/toolchain/arm/arm-gnu-toolchain/bin/../lib/gcc/arm-none-eabi/6.3.1/../../../../arm-none-eabi/lib/thumb/v7e-m\libc_nano.a(lib_a-makebuf.o)
                0x000066bc                __smakebuf_r
 .text._free_r  0x0000673c       0x9c c:/program files (x86)/atmel/studio/7.0/toolchain/arm/arm-gnu-toolchain/bin/../lib/gcc/arm-none-eabi/6.3.1/../../../../arm-none-eabi/lib/thumb/v7e-m\libc_nano.a(lib_a-nano-freer.o)
                0x0000673c                _free_r
 .text._malloc_r
                0x000067d8       0xbc c:/program files (x86)/atmel/studio/7.0/toolchain/arm/arm-gnu-toolchain/bin/../lib/gcc/arm-none-eabi/6.3.1/../../../../arm-none-eabi/lib/thumb/v7e-m\libc_nano.a(lib_a-nano-mallocr.o)
                0x000067d8                _malloc_r
 .text.__sfputc_r
                0x00006894       0x2c c:/program files (x86)/atmel/studio/7.0/toolchain/arm/arm-gnu-toolchain/bin/../lib/gcc/arm-none-eabi/6.3.1/../../../../arm-none-eabi/lib/thumb/v7e-m\libc_nano.a(lib_a-nano-vfprintf.o)
 .text.__sfputs_r
                0x000068c0       0x24 c:/program files (x86)/atmel/studio/7.0/toolchain/arm/arm-gnu-toolchain/bin/../lib/gcc/arm-none-eabi/6.3.1/../../../../arm-none-eabi/lib/thumb/v7e-m\libc_nano.a(lib_a-nano-vfprintf.o)
                0x000068c0                __sfputs_r
 .text._vfprintf_r
                0x000068e4      0x22c c:/program files (x86)/atmel/studio/7.0/toolchain/arm/arm-gnu-toolchain/bin/../lib/gcc/arm-none-eabi/6.3.1/../../../../arm-none-eabi/lib/thumb/v7e-m\libc_nano.a(lib_a-nano-vfprintf.o)
                0x000068e4                _vfprintf_r
                0x000068e4                _vfiprintf_r
 .text._printf_common
                0x00006b10       0xec c:/program files (x86)/atmel/studio/7.0/toolchain/arm/arm-gnu-toolchain/bin/../lib/gcc/arm-none-eabi/6.3.1/../../../../arm-none-eabi/lib/thumb/v7e-m\libc_nano.a(lib_a-nano-vfprintf_i.o)
                0x00006b10                _printf_common
 .text._printf_i
                0x00006bfc      0x240 c:/program files (x86)/atmel/studio/7.0/toolchain/arm/arm-gnu-toolchain/bin/../lib/gcc/arm-none-eabi/6.3.1/../../../../arm-none-eabi/lib/thumb/v7e-m\libc_nano.a(lib_a-nano-vfprintf_i.o)
                0x00006bfc                _printf_i
 .text._sbrk_r  0x00006e3c       0x20 c:/program files (x86)/atmel/studio/7.0/toolchain/arm/arm-gnu-toolchain/bin/../lib/gcc/arm-none-eabi/6.3.1/../../../../arm-none-eabi/lib/thumb/v7e-m\libc_nano.a(lib_a-sbrkr.o)
                0x00006e3c                _sbrk_r
 .text.__sread  0x00006e5c       0x22 c:/program files (x86)/atmel/studio/7.0/toolchain/arm/arm-gnu-toolchain/bin/../lib/gcc/arm-none-eabi/6.3.1/../../../../arm-none-eabi/lib/thumb/v7e-m\libc_nano.a(lib_a-stdio.o)
                0x00006e5c                __sread
 .text.__swrite
                0x00006e7e       0x38 c:/program files (x86)/atmel/studio/7.0/toolchain/arm/arm-gnu-toolchain/bin/../lib/gcc/arm-none-eabi/6.3.1/../../../../arm-none-eabi/lib/thumb/v7e-m\libc_nano.a(lib_a-stdio.o)
                0x00006e7e                __swrite
 .text.__sseek  0x00006eb6       0x24 c:/program files (x86)/atmel/studio/7.0/toolchain/arm/arm-gnu-toolchain/bin/../lib/gcc/arm-none-eabi/6.3.1/../../../../arm-none-eabi/lib/thumb/v7e-m\libc_nano.a(lib_a-stdio.o)
                0x00006eb6                __sseek
 .text.__sclose
                0x00006eda        0x8 c:/program files (x86)/atmel/studio/7.0/toolchain/arm/arm-gnu-toolchain/bin/../lib/gcc/arm-none-eabi/6.3.1/../../../../arm-none-eabi/lib/thumb/v7e-m\libc_nano.a(lib_a-stdio.o)
                0x00006eda                __sclose
 *fill*         0x00006ee2        0x2 
 .text._write_r
                0x00006ee4       0x24 c:/program files (x86)/atmel/studio/7.0/toolchain/arm/arm-gnu-toolchain/bin/../lib/gcc/arm-none-eabi/6.3.1/../../../../arm-none-eabi/lib/thumb/v7e-m\libc_nano.a(lib_a-writer.o)
                0x00006ee4                _write_r
 .text._close_r
                0x00006f08       0x20 c:/program files (x86)/atmel/studio/7.0/toolchain/arm/arm-gnu-toolchain/bin/../lib/gcc/arm-none-eabi/6.3.1/../../../../arm-none-eabi/lib/thumb/v7e-m\libc_nano.a(lib_a-closer.o)
                0x00006f08                _close_r
 .text._fstat_r
                0x00006f28       0x24 c:/program files (x86)/atmel/studio/7.0/toolchain/arm/arm-gnu-toolchain/bin/../lib/gcc/arm-none-eabi/6.3.1/../../../../arm-none-eabi/lib/thumb/v7e-m\libc_nano.a(lib_a-fstatr.o)
                0x00006f28                _fstat_r
 .text._isatty_r
                0x00006f4c       0x20 c:/program files (x86)/atmel/studio/7.0/toolchain/arm/arm-gnu-toolchain/bin/../lib/gcc/arm-none-eabi/6.3.1/../../../../arm-none-eabi/lib/thumb/v7e-m\libc_nano.a(lib_a-isattyr.o)
                0x00006f4c                _isatty_r
 .text._lseek_r
                0x00006f6c       0x24 c:/program files (x86)/atmel/studio/7.0/toolchain/arm/arm-gnu-toolchain/bin/../lib/gcc/arm-none-eabi/6.3.1/../../../../arm-none-eabi/lib/thumb/v7e-m\libc_nano.a(lib_a-lseekr.o)
                0x00006f6c                _lseek_r
 .text          0x00006f90       0xa0 c:/program files (x86)/atmel/studio/7.0/toolchain/arm/arm-gnu-toolchain/bin/../lib/gcc/arm-none-eabi/6.3.1/../../../../arm-none-eabi/lib/thumb/v7e-m\libc_nano.a(lib_a-memchr.o)
                0x00006f90                memchr
 .text.__malloc_lock
                0x00007030        0x2 c:/program files (x86)/atmel/studio/7.0/toolchain/arm/arm-gnu-toolchain/bin/../lib/gcc/arm-none-eabi/6.3.1/../../../../arm-none-eabi/lib/thumb/v7e-m\libc_nano.a(lib_a-mlock.o)
                0x00007030                __malloc_lock
 .text.__malloc_unlock
                0x00007032        0x2 c:/program files (x86)/atmel/studio/7.0/toolchain/arm/arm-gnu-toolchain/bin/../lib/gcc/arm-none-eabi/6.3.1/../../../../arm-none-eabi/lib/thumb/v7e-m\libc_nano.a(lib_a-mlock.o)
                0x00007032                __malloc_unlock
 .text._read_r  0x00007034       0x24 c:/program files (x86)/atmel/studio/7.0/toolchain/arm/arm-gnu-toolchain/bin/../lib/gcc/arm-none-eabi/6.3.1/../../../../arm-none-eabi/lib/thumb/v7e-m\libc_nano.a(lib_a-readr.o)
                0x00007034                _read_r
 *(.glue_7t)
 .glue_7t       0x00007058        0x0 linker stubs
 *(.glue_7)
 .glue_7        0x00007058        0x0 linker stubs
 *(.rodata .rodata* .gnu.linkonce.r.*)
 .rodata.str1.1
                0x00007058       0x28 eth_ipstack_main.o
 .rodata        0x00007080        0x8 lwip/lwip-1.4.0/src/core/ipv4/ip_addr.o
                0x00007080                ip_addr_broadcast
                0x00007084                ip_addr_any
 .rodata        0x00007088       0x24 lwip/lwip-1.4.0/src/core/memp.o
 .rodata        0x000070ac       0x50 lwip/lwip-1.4.0/src/core/tcp.o
                0x000070ac                tcp_pcb_lists
                0x000070bc                tcp_persist_backoff
                0x000070c3                tcp_backoff
                0x000070d0                tcp_state_str
 .rodata.str1.1
                0x000070fc       0x68 lwip/lwip-1.4.0/src/core/tcp.o
 .rodata        0x00007164        0xc lwip/lwip-1.4.0/src/netif/etharp.o
                0x00007164                ethzero
                0x0000716a                ethbroadcast
 .rodata.str1.1
                0x00007170       0xc0 main.o
 .rodata._global_impure_ptr
                0x00007230        0x4 c:/program files (x86)/atmel/studio/7.0/toolchain/arm/arm-gnu-toolchain/bin/../lib/gcc/arm-none-eabi/6.3.1/../../../../arm-none-eabi/lib/thumb/v7e-m\libc_nano.a(lib_a-impure.o)
                0x00007230                _global_impure_ptr
 .rodata.__sf_fake_stderr
                0x00007234       0x20 c:/program files (x86)/atmel/studio/7.0/toolchain/arm/arm-gnu-toolchain/bin/../lib/gcc/arm-none-eabi/6.3.1/../../../../arm-none-eabi/lib/thumb/v7e-m\libc_nano.a(lib_a-findfp.o)
                0x00007234                __sf_fake_stderr
 .rodata.__sf_fake_stdin
                0x00007254       0x20 c:/program files (x86)/atmel/studio/7.0/toolchain/arm/arm-gnu-toolchain/bin/../lib/gcc/arm-none-eabi/6.3.1/../../../../arm-none-eabi/lib/thumb/v7e-m\libc_nano.a(lib_a-findfp.o)
                0x00007254                __sf_fake_stdin
 .rodata.__sf_fake_stdout
                0x00007274       0x20 c:/program files (x86)/atmel/studio/7.0/toolchain/arm/arm-gnu-toolchain/bin/../lib/gcc/arm-none-eabi/6.3.1/../../../../arm-none-eabi/lib/thumb/v7e-m\libc_nano.a(lib_a-findfp.o)
                0x00007274                __sf_fake_stdout
 .rodata._vfprintf_r.str1.1
                0x00007294       0x11 c:/program files (x86)/atmel/studio/7.0/toolchain/arm/arm-gnu-toolchain/bin/../lib/gcc/arm-none-eabi/6.3.1/../../../../arm-none-eabi/lib/thumb/v7e-m\libc_nano.a(lib_a-nano-vfprintf.o)
 .rodata._printf_i.str1.1
                0x000072a5       0x22 c:/program files (x86)/atmel/studio/7.0/toolchain/arm/arm-gnu-toolchain/bin/../lib/gcc/arm-none-eabi/6.3.1/../../../../arm-none-eabi/lib/thumb/v7e-m\libc_nano.a(lib_a-nano-vfprintf_i.o)
 *(.ARM.extab* .gnu.linkonce.armextab.*)
                0x000072c8                . = ALIGN (0x4)
 *fill*         0x000072c7        0x1 
 *(.init)
 .init          0x000072c8        0x4 c:/program files (x86)/atmel/studio/7.0/toolchain/arm/arm-gnu-toolchain/bin/../lib/gcc/arm-none-eabi/6.3.1/thumb/v7e-m/crti.o
                0x000072c8                _init
 .init          0x000072cc        0x8 c:/program files (x86)/atmel/studio/7.0/toolchain/arm/arm-gnu-toolchain/bin/../lib/gcc/arm-none-eabi/6.3.1/thumb/v7e-m/crtn.o
                0x000072d4                . = ALIGN (0x4)
                0x000072d4                __preinit_array_start = .
 *(.preinit_array)
                0x000072d4                __preinit_array_end = .
                0x000072d4                . = ALIGN (0x4)
                0x000072d4                __init_array_start = .
 *(SORT(.init_array.*))
 *(.init_array)
 .init_array    0x000072d4        0x4 c:/program files (x86)/atmel/studio/7.0/toolchain/arm/arm-gnu-toolchain/bin/../lib/gcc/arm-none-eabi/6.3.1/thumb/v7e-m/crtbegin.o
                0x000072d8                __init_array_end = .
                0x000072d8                . = ALIGN (0x4)
 *crtbegin.o(.ctors)
 *(EXCLUDE_FILE(*crtend.o) .ctors)
 *(SORT(.ctors.*))
 *crtend.o(.ctors)
                0x000072d8                . = ALIGN (0x4)
 *(.fini)
 .fini          0x000072d8        0x4 c:/program files (x86)/atmel/studio/7.0/toolchain/arm/arm-gnu-toolchain/bin/../lib/gcc/arm-none-eabi/6.3.1/thumb/v7e-m/crti.o
                0x000072d8                _fini
 .fini          0x000072dc        0x8 c:/program files (x86)/atmel/studio/7.0/toolchain/arm/arm-gnu-toolchain/bin/../lib/gcc/arm-none-eabi/6.3.1/thumb/v7e-m/crtn.o
                0x000072e4                . = ALIGN (0x4)
                0x000072e4                __fini_array_start = .
 *(.fini_array)
 .fini_array    0x000072e4        0x4 c:/program files (x86)/atmel/studio/7.0/toolchain/arm/arm-gnu-toolchain/bin/../lib/gcc/arm-none-eabi/6.3.1/thumb/v7e-m/crtbegin.o
 *(SORT(.fini_array.*))
                0x000072e8                __fini_array_end = .
 *crtbegin.o(.dtors)
 *(EXCLUDE_FILE(*crtend.o) .dtors)
 *(SORT(.dtors.*))
 *crtend.o(.dtors)
                0x000072e8                . = ALIGN (0x4)
                0x000072e8                _efixed = .
                [!provide]                PROVIDE (__exidx_start, .)

.vfp11_veneer   0x000072e8        0x0
 .vfp11_veneer  0x000072e8        0x0 linker stubs

.v4_bx          0x000072e8        0x0
 .v4_bx         0x000072e8        0x0 linker stubs

.iplt           0x000072e8        0x0
 .iplt          0x000072e8        0x0 c:/program files (x86)/atmel/studio/7.0/toolchain/arm/arm-gnu-toolchain/bin/../lib/gcc/arm-none-eabi/6.3.1/thumb/v7e-m/crtbegin.o

.eh_frame       0x000072e8        0x0
 .eh_frame      0x000072e8        0x0 c:/program files (x86)/atmel/studio/7.0/toolchain/arm/arm-gnu-toolchain/bin/../lib/gcc/arm-none-eabi/6.3.1/thumb/v7e-m/crtbegin.o

.rel.dyn        0x000072e8        0x0
 .rel.iplt      0x000072e8        0x0 c:/program files (x86)/atmel/studio/7.0/toolchain/arm/arm-gnu-toolchain/bin/../lib/gcc/arm-none-eabi/6.3.1/thumb/v7e-m/crtbegin.o

.jcr            0x000072e8        0x0
 .jcr           0x000072e8        0x0 c:/program files (x86)/atmel/studio/7.0/toolchain/arm/arm-gnu-toolchain/bin/../lib/gcc/arm-none-eabi/6.3.1/thumb/v7e-m/crtbegin.o

.igot.plt       0x000072e8        0x0
 .igot.plt      0x000072e8        0x0 c:/program files (x86)/atmel/studio/7.0/toolchain/arm/arm-gnu-toolchain/bin/../lib/gcc/arm-none-eabi/6.3.1/thumb/v7e-m/crtbegin.o

.ARM.exidx
 *(.ARM.exidx* .gnu.linkonce.armexidx.*)
                [!provide]                PROVIDE (__exidx_end, .)
                0x000072e8                . = ALIGN (0x4)
                0x000072e8                _etext = .

.relocate       0x20000000       0x74 load address 0x000072e8
                0x20000000                . = ALIGN (0x4)
                0x20000000                _srelocate = .
 *(.ramfunc .ramfunc.*)
 *(.data .data.*)
 .data          0x20000000        0x4 lwip/lwip-1.4.0/src/core/dhcp.o
 .data          0x20000004        0x8 lwip/lwip-1.4.0/src/core/tcp.o
 .data          0x2000000c        0x2 lwip/lwip-1.4.0/src/core/udp.o
 *fill*         0x2000000e        0x2 
 .data._impure_ptr
                0x20000010        0x4 c:/program files (x86)/atmel/studio/7.0/toolchain/arm/arm-gnu-toolchain/bin/../lib/gcc/arm-none-eabi/6.3.1/../../../../arm-none-eabi/lib/thumb/v7e-m\libc_nano.a(lib_a-impure.o)
                0x20000010                _impure_ptr
 .data.impure_data
                0x20000014       0x60 c:/program files (x86)/atmel/studio/7.0/toolchain/arm/arm-gnu-toolchain/bin/../lib/gcc/arm-none-eabi/6.3.1/../../../../arm-none-eabi/lib/thumb/v7e-m\libc_nano.a(lib_a-impure.o)
                0x20000074                . = ALIGN (0x4)
                0x20000074                _erelocate = .

.bkupram        0x47000000        0x0
                0x47000000                . = ALIGN (0x8)
                0x47000000                _sbkupram = .
 *(.bkupram .bkupram.*)
                0x47000000                . = ALIGN (0x8)
                0x47000000                _ebkupram = .

.qspi           0x04000000        0x0
                0x04000000                . = ALIGN (0x8)
                0x04000000                _sqspi = .
 *(.qspi .qspi.*)
                0x04000000                . = ALIGN (0x8)
                0x04000000                _eqspi = .

.bss            0x20000080     0x8f34 load address 0x00007380
                0x20000080                . = ALIGN (0x4)
                0x20000080                _sbss = .
                0x20000080                _szero = .
 *(.bss .bss.*)
 .bss           0x20000080       0x1c c:/program files (x86)/atmel/studio/7.0/toolchain/arm/arm-gnu-toolchain/bin/../lib/gcc/arm-none-eabi/6.3.1/thumb/v7e-m/crtbegin.o
 .bss           0x2000009c        0x6 eth_ipstack_main.o
 *fill*         0x200000a2        0x2 
 .bss           0x200000a4        0x4 hal/utils/src/utils_syscalls.o
 *fill*         0x200000a8       0x18 
 .bss           0x200000c0     0x1464 hpl/gmac/hpl_gmac.o
 .bss           0x20001524        0x4 hpl/rtc/hpl_rtc.o
 .bss           0x20001528        0x2 lwip/lwip-1.4.0/src/core/ipv4/ip.o
 *fill*         0x2000152a        0x2 
 .bss           0x2000152c        0x6 lwip/lwip-1.4.0/src/core/ipv4/ip_frag.o
 *fill*         0x20001532        0x2 
 .bss           0x20001534        0xc lwip/lwip-1.4.0/src/core/mem.o
 .bss           0x20001540     0x6898 lwip/lwip-1.4.0/src/core/memp.o
 .bss           0x20007dd8        0x1 lwip/lwip-1.4.0/src/core/netif.o
 .bss           0x20007dd9        0x2 lwip/lwip-1.4.0/src/core/tcp.o
 *fill*         0x20007ddb        0x1 
 .bss           0x20007ddc       0x29 lwip/lwip-1.4.0/src/core/tcp_in.o
 *fill*         0x20007e05        0x3 
 .bss           0x20007e08        0xc lwip/lwip-1.4.0/src/core/timers.o
 .bss           0x20007e14       0xc9 lwip/lwip-1.4.0/src/netif/etharp.o
 *fill*         0x20007edd        0x3 
 .bss           0x20007ee0       0x19 main.o
 *fill*         0x20007ef9        0x3 
 .bss           0x20007efc        0x4 stdio_redirect/stdio_io.o
 .bss.__malloc_free_list
                0x20007f00        0x4 c:/program files (x86)/atmel/studio/7.0/toolchain/arm/arm-gnu-toolchain/bin/../lib/gcc/arm-none-eabi/6.3.1/../../../../arm-none-eabi/lib/thumb/v7e-m\libc_nano.a(lib_a-nano-mallocr.o)
                0x20007f00                __malloc_free_list
 .bss.__malloc_sbrk_start
                0x20007f04        0x4 c:/program files (x86)/atmel/studio/7.0/toolchain/arm/arm-gnu-toolchain/bin/../lib/gcc/arm-none-eabi/6.3.1/../../../../arm-none-eabi/lib/thumb/v7e-m\libc_nano.a(lib_a-nano-mallocr.o)
                0x20007f04                __malloc_sbrk_start
 *(COMMON)
 COMMON         0x20007f08        0x8 atmel_start.o
                0x20007f08                MACIF_PHY_desc
 COMMON         0x20007f10       0x64 driver_init.o
                0x20007f10                MACIF
                0x20007f2c                USART_0
                0x20007f38                I2C_AT24MAC
                0x20007f58                TIMER_0
 COMMON         0x20007f74       0x38 eth_ipstack_main.o
                0x20007f74                LWIP_MACIF_desc
 COMMON         0x20007fac       0x10 hpl/ramecc/hpl_ramecc.o
                0x20007fac                device
 COMMON         0x20007fbc       0x10 lwip/lwip-1.4.0/src/core/ipv4/ip.o
                0x20007fbc                current_iphdr_src
                0x20007fc0                current_netif
                0x20007fc4                current_iphdr_dest
                0x20007fc8                current_header
 COMMON         0x20007fcc      0xfb4 lwip/lwip-1.4.0/src/core/mem.o
                0x20007fcc                ram_heap
 COMMON         0x20008f80        0x8 lwip/lwip-1.4.0/src/core/netif.o
                0x20008f80                netif_list
                0x20008f84                netif_default
 COMMON         0x20008f88        0x1 lwip/lwip-1.4.0/src/core/pbuf.o
                0x20008f88                pbuf_free_ooseq_pending
 *fill*         0x20008f89        0x3 
 COMMON         0x20008f8c       0x1c lwip/lwip-1.4.0/src/core/tcp.o
                0x20008f8c                tcp_active_pcbs_changed
                0x20008f90                tcp_active_pcbs
                0x20008f94                tcp_ticks
                0x20008f98                tcp_listen_pcbs
                0x20008f9c                tcp_tmp_pcb
                0x20008fa0                tcp_bound_pcbs
                0x20008fa4                tcp_tw_pcbs
 COMMON         0x20008fa8        0x4 lwip/lwip-1.4.0/src/core/tcp_in.o
                0x20008fa8                tcp_input_pcb
 COMMON         0x20008fac        0x4 lwip/lwip-1.4.0/src/core/udp.o
                0x20008fac                udp_pcbs
 COMMON         0x20008fb0        0x4 c:/program files (x86)/atmel/studio/7.0/toolchain/arm/arm-gnu-toolchain/bin/../lib/gcc/arm-none-eabi/6.3.1/../../../../arm-none-eabi/lib/thumb/v7e-m\libc_nano.a(lib_a-reent.o)
                0x20008fb0                errno
                0x20008fb4                . = ALIGN (0x4)
                0x20008fb4                _ebss = .
                0x20008fb4                _ezero = .

.stack          0x20008fb4    0x10004 load address 0x000102b4
                0x20008fb8                . = ALIGN (0x8)
 *fill*         0x20008fb4        0x4 
                0x20008fb8                _sstack = .
                0x20018fb8                . = (. + STACK_SIZE)
 *fill*         0x20008fb8    0x10000 
                0x20018fb8                . = ALIGN (0x8)
                0x20018fb8                _estack = .
                0x20018fb8                . = ALIGN (0x4)
                0x20018fb8                _end = .
OUTPUT(TestProject01.elf elf32-littlearm)

.ARM.attributes
                0x00000000       0x2e
 .ARM.attributes
                0x00000000       0x1e c:/program files (x86)/atmel/studio/7.0/toolchain/arm/arm-gnu-toolchain/bin/../lib/gcc/arm-none-eabi/6.3.1/thumb/v7e-m/crti.o
 .ARM.attributes
                0x0000001e       0x2e c:/program files (x86)/atmel/studio/7.0/toolchain/arm/arm-gnu-toolchain/bin/../lib/gcc/arm-none-eabi/6.3.1/thumb/v7e-m/crtbegin.o
 .ARM.attributes
                0x0000004c       0x37 atmel_start.o
 .ARM.attributes
                0x00000083       0x37 Device_Startup/startup_same53.o
 .ARM.attributes
                0x000000ba       0x37 driver_init.o
 .ARM.attributes
                0x000000f1       0x37 ethernet_phy/ethernet_phy.o
 .ARM.attributes
                0x00000128       0x37 eth_ipstack_main.o
 .ARM.attributes
                0x0000015f       0x37 hal/src/hal_i2c_m_sync.o
 .ARM.attributes
                0x00000196       0x37 hal/src/hal_io.o
 .ARM.attributes
                0x000001cd       0x37 hal/src/hal_mac_async.o
 .ARM.attributes
                0x00000204       0x37 hal/src/hal_timer.o
 .ARM.attributes
                0x0000023b       0x37 hal/src/hal_usart_sync.o
 .ARM.attributes
                0x00000272       0x37 hal/utils/src/utils_list.o
 .ARM.attributes
                0x000002a9       0x37 hal/utils/src/utils_syscalls.o
 .ARM.attributes
                0x000002e0       0x37 hpl/core/hpl_init.o
 .ARM.attributes
                0x00000317       0x37 hpl/gclk/hpl_gclk.o
 .ARM.attributes
                0x0000034e       0x37 hpl/gmac/hpl_gmac.o
 .ARM.attributes
                0x00000385       0x37 hpl/mclk/hpl_mclk.o
 .ARM.attributes
                0x000003bc       0x37 hpl/osc32kctrl/hpl_osc32kctrl.o
 .ARM.attributes
                0x000003f3       0x37 hpl/oscctrl/hpl_oscctrl.o
 .ARM.attributes
                0x0000042a       0x37 hpl/ramecc/hpl_ramecc.o
 .ARM.attributes
                0x00000461       0x37 hpl/rtc/hpl_rtc.o
 .ARM.attributes
                0x00000498       0x37 hpl/sercom/hpl_sercom.o
 .ARM.attributes
                0x000004cf       0x37 lwip/lwip-1.4.0/port/ethif_mac.o
 .ARM.attributes
                0x00000506       0x37 lwip/lwip-1.4.0/src/core/def.o
 .ARM.attributes
                0x0000053d       0x37 lwip/lwip-1.4.0/src/core/dhcp.o
 .ARM.attributes
                0x00000574       0x37 lwip/lwip-1.4.0/src/core/init.o
 .ARM.attributes
                0x000005ab       0x37 lwip/lwip-1.4.0/src/core/ipv4/icmp.o
 .ARM.attributes
                0x000005e2       0x37 lwip/lwip-1.4.0/src/core/ipv4/inet_chksum.o
 .ARM.attributes
                0x00000619       0x37 lwip/lwip-1.4.0/src/core/ipv4/ip.o
 .ARM.attributes
                0x00000650       0x37 lwip/lwip-1.4.0/src/core/ipv4/ip_addr.o
 .ARM.attributes
                0x00000687       0x37 lwip/lwip-1.4.0/src/core/ipv4/ip_frag.o
 .ARM.attributes
                0x000006be       0x37 lwip/lwip-1.4.0/src/core/mem.o
 .ARM.attributes
                0x000006f5       0x37 lwip/lwip-1.4.0/src/core/memp.o
 .ARM.attributes
                0x0000072c       0x37 lwip/lwip-1.4.0/src/core/netif.o
 .ARM.attributes
                0x00000763       0x37 lwip/lwip-1.4.0/src/core/pbuf.o
 .ARM.attributes
                0x0000079a       0x37 lwip/lwip-1.4.0/src/core/tcp.o
 .ARM.attributes
                0x000007d1       0x37 lwip/lwip-1.4.0/src/core/tcp_in.o
 .ARM.attributes
                0x00000808       0x37 lwip/lwip-1.4.0/src/core/tcp_out.o
 .ARM.attributes
                0x0000083f       0x37 lwip/lwip-1.4.0/src/core/timers.o
 .ARM.attributes
                0x00000876       0x37 lwip/lwip-1.4.0/src/core/udp.o
 .ARM.attributes
                0x000008ad       0x37 lwip/lwip-1.4.0/src/netif/etharp.o
 .ARM.attributes
                0x000008e4       0x37 main.o
 .ARM.attributes
                0x0000091b       0x37 stdio_redirect/gcc/read.o
 .ARM.attributes
                0x00000952       0x37 stdio_redirect/gcc/write.o
 .ARM.attributes
                0x00000989       0x37 stdio_redirect/stdio_io.o
 .ARM.attributes
                0x000009c0       0x2e c:/program files (x86)/atmel/studio/7.0/toolchain/arm/arm-gnu-toolchain/bin/../lib/gcc/arm-none-eabi/6.3.1/../../../../arm-none-eabi/lib/thumb/v7e-m\libc_nano.a(lib_a-impure.o)
 .ARM.attributes
                0x000009ee       0x2e c:/program files (x86)/atmel/studio/7.0/toolchain/arm/arm-gnu-toolchain/bin/../lib/gcc/arm-none-eabi/6.3.1/../../../../arm-none-eabi/lib/thumb/v7e-m\libc_nano.a(lib_a-init.o)
 .ARM.attributes
                0x00000a1c       0x2e c:/program files (x86)/atmel/studio/7.0/toolchain/arm/arm-gnu-toolchain/bin/../lib/gcc/arm-none-eabi/6.3.1/../../../../arm-none-eabi/lib/thumb/v7e-m\libc_nano.a(lib_a-memcmp.o)
 .ARM.attributes
                0x00000a4a       0x2e c:/program files (x86)/atmel/studio/7.0/toolchain/arm/arm-gnu-toolchain/bin/../lib/gcc/arm-none-eabi/6.3.1/../../../../arm-none-eabi/lib/thumb/v7e-m\libc_nano.a(lib_a-memcpy-stub.o)
 .ARM.attributes
                0x00000a78       0x2e c:/program files (x86)/atmel/studio/7.0/toolchain/arm/arm-gnu-toolchain/bin/../lib/gcc/arm-none-eabi/6.3.1/../../../../arm-none-eabi/lib/thumb/v7e-m\libc_nano.a(lib_a-memset.o)
 .ARM.attributes
                0x00000aa6       0x2e c:/program files (x86)/atmel/studio/7.0/toolchain/arm/arm-gnu-toolchain/bin/../lib/gcc/arm-none-eabi/6.3.1/../../../../arm-none-eabi/lib/thumb/v7e-m\libc_nano.a(lib_a-printf.o)
 .ARM.attributes
                0x00000ad4       0x2e c:/program files (x86)/atmel/studio/7.0/toolchain/arm/arm-gnu-toolchain/bin/../lib/gcc/arm-none-eabi/6.3.1/../../../../arm-none-eabi/lib/thumb/v7e-m\libc_nano.a(lib_a-puts.o)
 .ARM.attributes
                0x00000b02       0x2e c:/program files (x86)/atmel/studio/7.0/toolchain/arm/arm-gnu-toolchain/bin/../lib/gcc/arm-none-eabi/6.3.1/../../../../arm-none-eabi/lib/thumb/v7e-m\libc_nano.a(lib_a-strcpy.o)
 .ARM.attributes
                0x00000b30       0x17 c:/program files (x86)/atmel/studio/7.0/toolchain/arm/arm-gnu-toolchain/bin/../lib/gcc/arm-none-eabi/6.3.1/../../../../arm-none-eabi/lib/thumb/v7e-m\libc_nano.a(lib_a-strlen.o)
 .ARM.attributes
                0x00000b47       0x2e c:/program files (x86)/atmel/studio/7.0/toolchain/arm/arm-gnu-toolchain/bin/../lib/gcc/arm-none-eabi/6.3.1/../../../../arm-none-eabi/lib/thumb/v7e-m\libc_nano.a(lib_a-wbuf.o)
 .ARM.attributes
                0x00000b75       0x2e c:/program files (x86)/atmel/studio/7.0/toolchain/arm/arm-gnu-toolchain/bin/../lib/gcc/arm-none-eabi/6.3.1/../../../../arm-none-eabi/lib/thumb/v7e-m\libc_nano.a(lib_a-wsetup.o)
 .ARM.attributes
                0x00000ba3       0x2e c:/program files (x86)/atmel/studio/7.0/toolchain/arm/arm-gnu-toolchain/bin/../lib/gcc/arm-none-eabi/6.3.1/../../../../arm-none-eabi/lib/thumb/v7e-m\libc_nano.a(lib_a-fflush.o)
 .ARM.attributes
                0x00000bd1       0x2e c:/program files (x86)/atmel/studio/7.0/toolchain/arm/arm-gnu-toolchain/bin/../lib/gcc/arm-none-eabi/6.3.1/../../../../arm-none-eabi/lib/thumb/v7e-m\libc_nano.a(lib_a-findfp.o)
 .ARM.attributes
                0x00000bff       0x2e c:/program files (x86)/atmel/studio/7.0/toolchain/arm/arm-gnu-toolchain/bin/../lib/gcc/arm-none-eabi/6.3.1/../../../../arm-none-eabi/lib/thumb/v7e-m\libc_nano.a(lib_a-fwalk.o)
 .ARM.attributes
                0x00000c2d       0x2e c:/program files (x86)/atmel/studio/7.0/toolchain/arm/arm-gnu-toolchain/bin/../lib/gcc/arm-none-eabi/6.3.1/../../../../arm-none-eabi/lib/thumb/v7e-m\libc_nano.a(lib_a-makebuf.o)
 .ARM.attributes
                0x00000c5b       0x2e c:/program files (x86)/atmel/studio/7.0/toolchain/arm/arm-gnu-toolchain/bin/../lib/gcc/arm-none-eabi/6.3.1/../../../../arm-none-eabi/lib/thumb/v7e-m\libc_nano.a(lib_a-nano-freer.o)
 .ARM.attributes
                0x00000c89       0x2e c:/program files (x86)/atmel/studio/7.0/toolchain/arm/arm-gnu-toolchain/bin/../lib/gcc/arm-none-eabi/6.3.1/../../../../arm-none-eabi/lib/thumb/v7e-m\libc_nano.a(lib_a-nano-mallocr.o)
 .ARM.attributes
                0x00000cb7       0x2e c:/program files (x86)/atmel/studio/7.0/toolchain/arm/arm-gnu-toolchain/bin/../lib/gcc/arm-none-eabi/6.3.1/../../../../arm-none-eabi/lib/thumb/v7e-m\libc_nano.a(lib_a-nano-vfprintf.o)
 .ARM.attributes
                0x00000ce5       0x2e c:/program files (x86)/atmel/studio/7.0/toolchain/arm/arm-gnu-toolchain/bin/../lib/gcc/arm-none-eabi/6.3.1/../../../../arm-none-eabi/lib/thumb/v7e-m\libc_nano.a(lib_a-nano-vfprintf_i.o)
 .ARM.attributes
                0x00000d13       0x2e c:/program files (x86)/atmel/studio/7.0/toolchain/arm/arm-gnu-toolchain/bin/../lib/gcc/arm-none-eabi/6.3.1/../../../../arm-none-eabi/lib/thumb/v7e-m\libc_nano.a(lib_a-sbrkr.o)
 .ARM.attributes
                0x00000d41       0x2e c:/program files (x86)/atmel/studio/7.0/toolchain/arm/arm-gnu-toolchain/bin/../lib/gcc/arm-none-eabi/6.3.1/../../../../arm-none-eabi/lib/thumb/v7e-m\libc_nano.a(lib_a-stdio.o)
 .ARM.attributes
                0x00000d6f       0x2e c:/program files (x86)/atmel/studio/7.0/toolchain/arm/arm-gnu-toolchain/bin/../lib/gcc/arm-none-eabi/6.3.1/../../../../arm-none-eabi/lib/thumb/v7e-m\libc_nano.a(lib_a-writer.o)
 .ARM.attributes
                0x00000d9d       0x2e c:/program files (x86)/atmel/studio/7.0/toolchain/arm/arm-gnu-toolchain/bin/../lib/gcc/arm-none-eabi/6.3.1/../../../../arm-none-eabi/lib/thumb/v7e-m\libc_nano.a(lib_a-closer.o)
 .ARM.attributes
                0x00000dcb       0x2e c:/program files (x86)/atmel/studio/7.0/toolchain/arm/arm-gnu-toolchain/bin/../lib/gcc/arm-none-eabi/6.3.1/../../../../arm-none-eabi/lib/thumb/v7e-m\libc_nano.a(lib_a-fstatr.o)
 .ARM.attributes
                0x00000df9       0x2e c:/program files (x86)/atmel/studio/7.0/toolchain/arm/arm-gnu-toolchain/bin/../lib/gcc/arm-none-eabi/6.3.1/../../../../arm-none-eabi/lib/thumb/v7e-m\libc_nano.a(lib_a-isattyr.o)
 .ARM.attributes
                0x00000e27       0x2e c:/program files (x86)/atmel/studio/7.0/toolchain/arm/arm-gnu-toolchain/bin/../lib/gcc/arm-none-eabi/6.3.1/../../../../arm-none-eabi/lib/thumb/v7e-m\libc_nano.a(lib_a-lseekr.o)
 .ARM.attributes
                0x00000e55       0x1c c:/program files (x86)/atmel/studio/7.0/toolchain/arm/arm-gnu-toolchain/bin/../lib/gcc/arm-none-eabi/6.3.1/../../../../arm-none-eabi/lib/thumb/v7e-m\libc_nano.a(lib_a-memchr.o)
 .ARM.attributes
                0x00000e71       0x2e c:/program files (x86)/atmel/studio/7.0/toolchain/arm/arm-gnu-toolchain/bin/../lib/gcc/arm-none-eabi/6.3.1/../../../../arm-none-eabi/lib/thumb/v7e-m\libc_nano.a(lib_a-mlock.o)
 .ARM.attributes
                0x00000e9f       0x2e c:/program files (x86)/atmel/studio/7.0/toolchain/arm/arm-gnu-toolchain/bin/../lib/gcc/arm-none-eabi/6.3.1/../../../../arm-none-eabi/lib/thumb/v7e-m\libc_nano.a(lib_a-readr.o)
 .ARM.attributes
                0x00000ecd       0x2e c:/program files (x86)/atmel/studio/7.0/toolchain/arm/arm-gnu-toolchain/bin/../lib/gcc/arm-none-eabi/6.3.1/../../../../arm-none-eabi/lib/thumb/v7e-m\libc_nano.a(lib_a-reent.o)
 .ARM.attributes
                0x00000efb       0x1e c:/program files (x86)/atmel/studio/7.0/toolchain/arm/arm-gnu-toolchain/bin/../lib/gcc/arm-none-eabi/6.3.1/thumb/v7e-m/crtn.o

.comment        0x00000000       0x59
 .comment       0x00000000       0x59 atmel_start.o
                                 0x5a (size before relaxing)
 .comment       0x00000059       0x5a Device_Startup/startup_same53.o
 .comment       0x00000059       0x5a driver_init.o
 .comment       0x00000059       0x5a ethernet_phy/ethernet_phy.o
 .comment       0x00000059       0x5a eth_ipstack_main.o
 .comment       0x00000059       0x5a hal/src/hal_i2c_m_sync.o
 .comment       0x00000059       0x5a hal/src/hal_io.o
 .comment       0x00000059       0x5a hal/src/hal_mac_async.o
 .comment       0x00000059       0x5a hal/src/hal_timer.o
 .comment       0x00000059       0x5a hal/src/hal_usart_sync.o
 .comment       0x00000059       0x5a hal/utils/src/utils_list.o
 .comment       0x00000059       0x5a hal/utils/src/utils_syscalls.o
 .comment       0x00000059       0x5a hpl/core/hpl_init.o
 .comment       0x00000059       0x5a hpl/gclk/hpl_gclk.o
 .comment       0x00000059       0x5a hpl/gmac/hpl_gmac.o
 .comment       0x00000059       0x5a hpl/mclk/hpl_mclk.o
 .comment       0x00000059       0x5a hpl/osc32kctrl/hpl_osc32kctrl.o
 .comment       0x00000059       0x5a hpl/oscctrl/hpl_oscctrl.o
 .comment       0x00000059       0x5a hpl/ramecc/hpl_ramecc.o
 .comment       0x00000059       0x5a hpl/rtc/hpl_rtc.o
 .comment       0x00000059       0x5a hpl/sercom/hpl_sercom.o
 .comment       0x00000059       0x5a lwip/lwip-1.4.0/port/ethif_mac.o
 .comment       0x00000059       0x5a lwip/lwip-1.4.0/src/core/def.o
 .comment       0x00000059       0x5a lwip/lwip-1.4.0/src/core/dhcp.o
 .comment       0x00000059       0x5a lwip/lwip-1.4.0/src/core/init.o
 .comment       0x00000059       0x5a lwip/lwip-1.4.0/src/core/ipv4/icmp.o
 .comment       0x00000059       0x5a lwip/lwip-1.4.0/src/core/ipv4/inet_chksum.o
 .comment       0x00000059       0x5a lwip/lwip-1.4.0/src/core/ipv4/ip.o
 .comment       0x00000059       0x5a lwip/lwip-1.4.0/src/core/ipv4/ip_addr.o
 .comment       0x00000059       0x5a lwip/lwip-1.4.0/src/core/ipv4/ip_frag.o
 .comment       0x00000059       0x5a lwip/lwip-1.4.0/src/core/mem.o
 .comment       0x00000059       0x5a lwip/lwip-1.4.0/src/core/memp.o
 .comment       0x00000059       0x5a lwip/lwip-1.4.0/src/core/netif.o
 .comment       0x00000059       0x5a lwip/lwip-1.4.0/src/core/pbuf.o
 .comment       0x00000059       0x5a lwip/lwip-1.4.0/src/core/tcp.o
 .comment       0x00000059       0x5a lwip/lwip-1.4.0/src/core/tcp_in.o
 .comment       0x00000059       0x5a lwip/lwip-1.4.0/src/core/tcp_out.o
 .comment       0x00000059       0x5a lwip/lwip-1.4.0/src/core/timers.o
 .comment       0x00000059       0x5a lwip/lwip-1.4.0/src/core/udp.o
 .comment       0x00000059       0x5a lwip/lwip-1.4.0/src/netif/etharp.o
 .comment       0x00000059       0x5a main.o
 .comment       0x00000059       0x5a stdio_redirect/gcc/read.o
 .comment       0x00000059       0x5a stdio_redirect/gcc/write.o
 .comment       0x00000059       0x5a stdio_redirect/stdio_io.o

.debug_frame    0x00000000      0x7c0
 .debug_frame   0x00000000       0x2c c:/program files (x86)/atmel/studio/7.0/toolchain/arm/arm-gnu-toolchain/bin/../lib/gcc/arm-none-eabi/6.3.1/../../../../arm-none-eabi/lib/thumb/v7e-m\libc_nano.a(lib_a-init.o)
 .debug_frame   0x0000002c       0x28 c:/program files (x86)/atmel/studio/7.0/toolchain/arm/arm-gnu-toolchain/bin/../lib/gcc/arm-none-eabi/6.3.1/../../../../arm-none-eabi/lib/thumb/v7e-m\libc_nano.a(lib_a-memcmp.o)
 .debug_frame   0x00000054       0x28 c:/program files (x86)/atmel/studio/7.0/toolchain/arm/arm-gnu-toolchain/bin/../lib/gcc/arm-none-eabi/6.3.1/../../../../arm-none-eabi/lib/thumb/v7e-m\libc_nano.a(lib_a-memcpy-stub.o)
 .debug_frame   0x0000007c       0x20 c:/program files (x86)/atmel/studio/7.0/toolchain/arm/arm-gnu-toolchain/bin/../lib/gcc/arm-none-eabi/6.3.1/../../../../arm-none-eabi/lib/thumb/v7e-m\libc_nano.a(lib_a-memset.o)
 .debug_frame   0x0000009c       0x74 c:/program files (x86)/atmel/studio/7.0/toolchain/arm/arm-gnu-toolchain/bin/../lib/gcc/arm-none-eabi/6.3.1/../../../../arm-none-eabi/lib/thumb/v7e-m\libc_nano.a(lib_a-printf.o)
 .debug_frame   0x00000110       0x3c c:/program files (x86)/atmel/studio/7.0/toolchain/arm/arm-gnu-toolchain/bin/../lib/gcc/arm-none-eabi/6.3.1/../../../../arm-none-eabi/lib/thumb/v7e-m\libc_nano.a(lib_a-puts.o)
 .debug_frame   0x0000014c       0x20 c:/program files (x86)/atmel/studio/7.0/toolchain/arm/arm-gnu-toolchain/bin/../lib/gcc/arm-none-eabi/6.3.1/../../../../arm-none-eabi/lib/thumb/v7e-m\libc_nano.a(lib_a-strcpy.o)
 .debug_frame   0x0000016c       0x40 c:/program files (x86)/atmel/studio/7.0/toolchain/arm/arm-gnu-toolchain/bin/../lib/gcc/arm-none-eabi/6.3.1/../../../../arm-none-eabi/lib/thumb/v7e-m\libc_nano.a(lib_a-wbuf.o)
 .debug_frame   0x000001ac       0x2c c:/program files (x86)/atmel/studio/7.0/toolchain/arm/arm-gnu-toolchain/bin/../lib/gcc/arm-none-eabi/6.3.1/../../../../arm-none-eabi/lib/thumb/v7e-m\libc_nano.a(lib_a-wsetup.o)
 .debug_frame   0x000001d8       0x68 c:/program files (x86)/atmel/studio/7.0/toolchain/arm/arm-gnu-toolchain/bin/../lib/gcc/arm-none-eabi/6.3.1/../../../../arm-none-eabi/lib/thumb/v7e-m\libc_nano.a(lib_a-fflush.o)
 .debug_frame   0x00000240      0x11c c:/program files (x86)/atmel/studio/7.0/toolchain/arm/arm-gnu-toolchain/bin/../lib/gcc/arm-none-eabi/6.3.1/../../../../arm-none-eabi/lib/thumb/v7e-m\libc_nano.a(lib_a-findfp.o)
 .debug_frame   0x0000035c       0x54 c:/program files (x86)/atmel/studio/7.0/toolchain/arm/arm-gnu-toolchain/bin/../lib/gcc/arm-none-eabi/6.3.1/../../../../arm-none-eabi/lib/thumb/v7e-m\libc_nano.a(lib_a-fwalk.o)
 .debug_frame   0x000003b0       0x58 c:/program files (x86)/atmel/studio/7.0/toolchain/arm/arm-gnu-toolchain/bin/../lib/gcc/arm-none-eabi/6.3.1/../../../../arm-none-eabi/lib/thumb/v7e-m\libc_nano.a(lib_a-makebuf.o)
 .debug_frame   0x00000408       0x38 c:/program files (x86)/atmel/studio/7.0/toolchain/arm/arm-gnu-toolchain/bin/../lib/gcc/arm-none-eabi/6.3.1/../../../../arm-none-eabi/lib/thumb/v7e-m\libc_nano.a(lib_a-nano-freer.o)
 .debug_frame   0x00000440       0x2c c:/program files (x86)/atmel/studio/7.0/toolchain/arm/arm-gnu-toolchain/bin/../lib/gcc/arm-none-eabi/6.3.1/../../../../arm-none-eabi/lib/thumb/v7e-m\libc_nano.a(lib_a-nano-mallocr.o)
 .debug_frame   0x0000046c       0xac c:/program files (x86)/atmel/studio/7.0/toolchain/arm/arm-gnu-toolchain/bin/../lib/gcc/arm-none-eabi/6.3.1/../../../../arm-none-eabi/lib/thumb/v7e-m\libc_nano.a(lib_a-nano-vfprintf.o)
 .debug_frame   0x00000518       0x60 c:/program files (x86)/atmel/studio/7.0/toolchain/arm/arm-gnu-toolchain/bin/../lib/gcc/arm-none-eabi/6.3.1/../../../../arm-none-eabi/lib/thumb/v7e-m\libc_nano.a(lib_a-nano-vfprintf_i.o)
 .debug_frame   0x00000578       0x2c c:/program files (x86)/atmel/studio/7.0/toolchain/arm/arm-gnu-toolchain/bin/../lib/gcc/arm-none-eabi/6.3.1/../../../../arm-none-eabi/lib/thumb/v7e-m\libc_nano.a(lib_a-sbrkr.o)
 .debug_frame   0x000005a4       0x88 c:/program files (x86)/atmel/studio/7.0/toolchain/arm/arm-gnu-toolchain/bin/../lib/gcc/arm-none-eabi/6.3.1/../../../../arm-none-eabi/lib/thumb/v7e-m\libc_nano.a(lib_a-stdio.o)
 .debug_frame   0x0000062c       0x2c c:/program files (x86)/atmel/studio/7.0/toolchain/arm/arm-gnu-toolchain/bin/../lib/gcc/arm-none-eabi/6.3.1/../../../../arm-none-eabi/lib/thumb/v7e-m\libc_nano.a(lib_a-writer.o)
 .debug_frame   0x00000658       0x2c c:/program files (x86)/atmel/studio/7.0/toolchain/arm/arm-gnu-toolchain/bin/../lib/gcc/arm-none-eabi/6.3.1/../../../../arm-none-eabi/lib/thumb/v7e-m\libc_nano.a(lib_a-closer.o)
 .debug_frame   0x00000684       0x2c c:/program files (x86)/atmel/studio/7.0/toolchain/arm/arm-gnu-toolchain/bin/../lib/gcc/arm-none-eabi/6.3.1/../../../../arm-none-eabi/lib/thumb/v7e-m\libc_nano.a(lib_a-fstatr.o)
 .debug_frame   0x000006b0       0x2c c:/program files (x86)/atmel/studio/7.0/toolchain/arm/arm-gnu-toolchain/bin/../lib/gcc/arm-none-eabi/6.3.1/../../../../arm-none-eabi/lib/thumb/v7e-m\libc_nano.a(lib_a-isattyr.o)
 .debug_frame   0x000006dc       0x2c c:/program files (x86)/atmel/studio/7.0/toolchain/arm/arm-gnu-toolchain/bin/../lib/gcc/arm-none-eabi/6.3.1/../../../../arm-none-eabi/lib/thumb/v7e-m\libc_nano.a(lib_a-lseekr.o)
 .debug_frame   0x00000708       0x30 c:/program files (x86)/atmel/studio/7.0/toolchain/arm/arm-gnu-toolchain/bin/../lib/gcc/arm-none-eabi/6.3.1/../../../../arm-none-eabi/lib/thumb/v7e-m\libc_nano.a(lib_a-mlock.o)
 .debug_frame   0x00000738       0x2c c:/program files (x86)/atmel/studio/7.0/toolchain/arm/arm-gnu-toolchain/bin/../lib/gcc/arm-none-eabi/6.3.1/../../../../arm-none-eabi/lib/thumb/v7e-m\libc_nano.a(lib_a-readr.o)
 .debug_frame   0x00000764       0x5c c:/program files (x86)/atmel/studio/7.0/toolchain/arm/arm-gnu-toolchain/bin/../lib/gcc/arm-none-eabi/6.3.1/../../../../arm-none-eabi/lib/thumb/v7e-m\libc_nano.a(lib_a-reent.o)
