Archive member included to satisfy reference by file (symbol)

c:/program files (x86)/atmel/studio/7.0/toolchain/arm/arm-gnu-toolchain/bin/../lib/gcc/arm-none-eabi/6.3.1/thumb/v7e-m\libgcc.a(_arm_addsubdf3.o)
                              hpl/sercom/hpl_sercom.o (__aeabi_dsub)
c:/program files (x86)/atmel/studio/7.0/toolchain/arm/arm-gnu-toolchain/bin/../lib/gcc/arm-none-eabi/6.3.1/thumb/v7e-m\libgcc.a(_arm_muldivdf3.o)
                              hpl/sercom/hpl_sercom.o (__aeabi_dmul)
c:/program files (x86)/atmel/studio/7.0/toolchain/arm/arm-gnu-toolchain/bin/../lib/gcc/arm-none-eabi/6.3.1/thumb/v7e-m\libgcc.a(_arm_fixunsdfsi.o)
                              hpl/sercom/hpl_sercom.o (__aeabi_d2uiz)
c:/program files (x86)/atmel/studio/7.0/toolchain/arm/arm-gnu-toolchain/bin/../lib/gcc/arm-none-eabi/6.3.1/thumb/v7e-m\libgcc.a(_aeabi_uldivmod.o)
                              hpl/sercom/hpl_sercom.o (__aeabi_uldivmod)
c:/program files (x86)/atmel/studio/7.0/toolchain/arm/arm-gnu-toolchain/bin/../lib/gcc/arm-none-eabi/6.3.1/thumb/v7e-m\libgcc.a(_udivmoddi4.o)
                              c:/program files (x86)/atmel/studio/7.0/toolchain/arm/arm-gnu-toolchain/bin/../lib/gcc/arm-none-eabi/6.3.1/thumb/v7e-m\libgcc.a(_aeabi_uldivmod.o) (__udivmoddi4)
c:/program files (x86)/atmel/studio/7.0/toolchain/arm/arm-gnu-toolchain/bin/../lib/gcc/arm-none-eabi/6.3.1/thumb/v7e-m\libgcc.a(_dvmd_tls.o)
                              c:/program files (x86)/atmel/studio/7.0/toolchain/arm/arm-gnu-toolchain/bin/../lib/gcc/arm-none-eabi/6.3.1/thumb/v7e-m\libgcc.a(_aeabi_uldivmod.o) (__aeabi_ldiv0)
c:/program files (x86)/atmel/studio/7.0/toolchain/arm/arm-gnu-toolchain/bin/../lib/gcc/arm-none-eabi/6.3.1/../../../../arm-none-eabi/lib/thumb/v7e-m\libc_nano.a(lib_a-exit.o)
                              c:/program files (x86)/atmel/studio/7.0/toolchain/arm/arm-gnu-toolchain/bin/../lib/gcc/arm-none-eabi/6.3.1/../../../../arm-none-eabi/lib/thumb/v7e-m/crt0.o (exit)
c:/program files (x86)/atmel/studio/7.0/toolchain/arm/arm-gnu-toolchain/bin/../lib/gcc/arm-none-eabi/6.3.1/../../../../arm-none-eabi/lib/thumb/v7e-m\libc_nano.a(lib_a-impure.o)
                              c:/program files (x86)/atmel/studio/7.0/toolchain/arm/arm-gnu-toolchain/bin/../lib/gcc/arm-none-eabi/6.3.1/../../../../arm-none-eabi/lib/thumb/v7e-m\libc_nano.a(lib_a-exit.o) (_global_impure_ptr)
c:/program files (x86)/atmel/studio/7.0/toolchain/arm/arm-gnu-toolchain/bin/../lib/gcc/arm-none-eabi/6.3.1/../../../../arm-none-eabi/lib/thumb/v7e-m\libc_nano.a(lib_a-init.o)
                              c:/program files (x86)/atmel/studio/7.0/toolchain/arm/arm-gnu-toolchain/bin/../lib/gcc/arm-none-eabi/6.3.1/../../../../arm-none-eabi/lib/thumb/v7e-m/crt0.o (__libc_init_array)
c:/program files (x86)/atmel/studio/7.0/toolchain/arm/arm-gnu-toolchain/bin/../lib/gcc/arm-none-eabi/6.3.1/../../../../arm-none-eabi/lib/thumb/v7e-m\libc_nano.a(lib_a-memcmp.o)
                              lwip/lwip-1.4.0/src/core/ipv4/autoip.o (memcmp)
c:/program files (x86)/atmel/studio/7.0/toolchain/arm/arm-gnu-toolchain/bin/../lib/gcc/arm-none-eabi/6.3.1/../../../../arm-none-eabi/lib/thumb/v7e-m\libc_nano.a(lib_a-memcpy-stub.o)
                              hpl/gmac/hpl_gmac.o (memcpy)
c:/program files (x86)/atmel/studio/7.0/toolchain/arm/arm-gnu-toolchain/bin/../lib/gcc/arm-none-eabi/6.3.1/../../../../arm-none-eabi/lib/thumb/v7e-m\libc_nano.a(lib_a-memset.o)
                              c:/program files (x86)/atmel/studio/7.0/toolchain/arm/arm-gnu-toolchain/bin/../lib/gcc/arm-none-eabi/6.3.1/../../../../arm-none-eabi/lib/thumb/v7e-m/crt0.o (memset)
c:/program files (x86)/atmel/studio/7.0/toolchain/arm/arm-gnu-toolchain/bin/../lib/gcc/arm-none-eabi/6.3.1/../../../../arm-none-eabi/lib/thumb/v7e-m\libc_nano.a(lib_a-printf.o)
                              hal/utils/src/utils_syscalls.o (printf)
c:/program files (x86)/atmel/studio/7.0/toolchain/arm/arm-gnu-toolchain/bin/../lib/gcc/arm-none-eabi/6.3.1/../../../../arm-none-eabi/lib/thumb/v7e-m\libc_nano.a(lib_a-puts.o)
                              main.o (puts)
c:/program files (x86)/atmel/studio/7.0/toolchain/arm/arm-gnu-toolchain/bin/../lib/gcc/arm-none-eabi/6.3.1/../../../../arm-none-eabi/lib/thumb/v7e-m\libc_nano.a(lib_a-setbuf.o)
                              stdio_redirect/stdio_io.o (setbuf)
c:/program files (x86)/atmel/studio/7.0/toolchain/arm/arm-gnu-toolchain/bin/../lib/gcc/arm-none-eabi/6.3.1/../../../../arm-none-eabi/lib/thumb/v7e-m\libc_nano.a(lib_a-setvbuf.o)
                              c:/program files (x86)/atmel/studio/7.0/toolchain/arm/arm-gnu-toolchain/bin/../lib/gcc/arm-none-eabi/6.3.1/../../../../arm-none-eabi/lib/thumb/v7e-m\libc_nano.a(lib_a-setbuf.o) (setvbuf)
c:/program files (x86)/atmel/studio/7.0/toolchain/arm/arm-gnu-toolchain/bin/../lib/gcc/arm-none-eabi/6.3.1/../../../../arm-none-eabi/lib/thumb/v7e-m\libc_nano.a(lib_a-strcpy.o)
                              main.o (strcpy)
[...]
Memory Configuration

Name             Origin             Length             Attributes
rom              0x00000000         0x00100000         xr
ram              0x20000000         0x00040000         xrw
bkupram          0x47000000         0x00002000         xrw
qspi             0x04000000         0x01000000         xrw
*default*        0x00000000         0xffffffff

Linker script and memory map

LOAD c:/program files (x86)/atmel/studio/7.0/toolchain/arm/arm-gnu-toolchain/bin/../lib/gcc/arm-none-eabi/6.3.1/thumb/v7e-m/crti.o
LOAD c:/program files (x86)/atmel/studio/7.0/toolchain/arm/arm-gnu-toolchain/bin/../lib/gcc/arm-none-eabi/6.3.1/thumb/v7e-m/crtbegin.o
LOAD c:/program files (x86)/atmel/studio/7.0/toolchain/arm/arm-gnu-toolchain/bin/../lib/gcc/arm-none-eabi/6.3.1/../../../../arm-none-eabi/lib/thumb/v7e-m/crt0.o
LOAD atmel_start.o
LOAD Device_Startup/startup_same53.o
LOAD Device_Startup/system_same53.o
LOAD driver_init.o
LOAD ethernet_phy/ethernet_phy.o
LOAD ethernet_phy_main.o
LOAD eth_ipstack_main.o
LOAD examples/driver_examples.o
LOAD hal/src/hal_atomic.o
LOAD hal/src/hal_cache.o
LOAD hal/src/hal_delay.o
LOAD hal/src/hal_gpio.o
LOAD hal/src/hal_i2c_m_sync.o
LOAD hal/src/hal_init.o
LOAD hal/src/hal_io.o
LOAD hal/src/hal_mac_async.o
LOAD hal/src/hal_sleep.o
LOAD hal/src/hal_timer.o
LOAD hal/src/hal_usart_sync.o
LOAD hal/utils/src/utils_assert.o
LOAD hal/utils/src/utils_event.o
LOAD hal/utils/src/utils_list.o
LOAD hal/utils/src/utils_syscalls.o
LOAD hpl/cmcc/hpl_cmcc.o
LOAD hpl/core/hpl_core_m4.o
LOAD hpl/core/hpl_init.o
LOAD hpl/dmac/hpl_dmac.o
LOAD hpl/gclk/hpl_gclk.o
LOAD hpl/gmac/hpl_gmac.o
LOAD hpl/mclk/hpl_mclk.o
LOAD hpl/osc32kctrl/hpl_osc32kctrl.o
LOAD hpl/oscctrl/hpl_oscctrl.o
LOAD hpl/pm/hpl_pm.o
LOAD hpl/ramecc/hpl_ramecc.o
LOAD hpl/rtc/hpl_rtc.o
LOAD hpl/sercom/hpl_sercom.o
LOAD lwip/lwip-1.4.0/port/ethif_mac.o
LOAD lwip/lwip-1.4.0/src/api/api_lib.o
LOAD lwip/lwip-1.4.0/src/api/api_msg.o
LOAD lwip/lwip-1.4.0/src/api/err.o
LOAD lwip/lwip-1.4.0/src/api/netbuf.o
LOAD lwip/lwip-1.4.0/src/api/netdb.o
LOAD lwip/lwip-1.4.0/src/api/netifapi.o
LOAD lwip/lwip-1.4.0/src/api/sockets.o
LOAD lwip/lwip-1.4.0/src/api/tcpip.o
LOAD lwip/lwip-1.4.0/src/core/def.o
LOAD lwip/lwip-1.4.0/src/core/dhcp.o
LOAD lwip/lwip-1.4.0/src/core/dns.o
LOAD lwip/lwip-1.4.0/src/core/init.o
LOAD lwip/lwip-1.4.0/src/core/ipv4/autoip.o
LOAD lwip/lwip-1.4.0/src/core/ipv4/icmp.o
LOAD lwip/lwip-1.4.0/src/core/ipv4/igmp.o
LOAD lwip/lwip-1.4.0/src/core/ipv4/inet.o
LOAD lwip/lwip-1.4.0/src/core/ipv4/inet_chksum.o
LOAD lwip/lwip-1.4.0/src/core/ipv4/ip.o
LOAD lwip/lwip-1.4.0/src/core/ipv4/ip_addr.o
LOAD lwip/lwip-1.4.0/src/core/ipv4/ip_frag.o
LOAD lwip/lwip-1.4.0/src/core/mem.o
LOAD lwip/lwip-1.4.0/src/core/memp.o
LOAD lwip/lwip-1.4.0/src/core/netif.o
LOAD lwip/lwip-1.4.0/src/core/pbuf.o
LOAD lwip/lwip-1.4.0/src/core/raw.o
LOAD lwip/lwip-1.4.0/src/core/snmp/asn1_dec.o
LOAD lwip/lwip-1.4.0/src/core/snmp/asn1_enc.o
LOAD lwip/lwip-1.4.0/src/core/snmp/mib2.o
LOAD lwip/lwip-1.4.0/src/core/snmp/mib_structs.o
LOAD lwip/lwip-1.4.0/src/core/snmp/msg_in.o
LOAD lwip/lwip-1.4.0/src/core/snmp/msg_out.o
LOAD lwip/lwip-1.4.0/src/core/stats.o
LOAD lwip/lwip-1.4.0/src/core/sys.o
LOAD lwip/lwip-1.4.0/src/core/tcp.o
LOAD lwip/lwip-1.4.0/src/core/tcp_in.o
LOAD lwip/lwip-1.4.0/src/core/tcp_out.o
LOAD lwip/lwip-1.4.0/src/core/timers.o
LOAD lwip/lwip-1.4.0/src/core/udp.o
LOAD lwip/lwip-1.4.0/src/netif/etharp.o
LOAD lwip/lwip-1.4.0/src/netif/ppp/auth.o
LOAD lwip/lwip-1.4.0/src/netif/ppp/chap.o
LOAD lwip/lwip-1.4.0/src/netif/ppp/chpms.o
LOAD lwip/lwip-1.4.0/src/netif/ppp/fsm.o
LOAD lwip/lwip-1.4.0/src/netif/ppp/ipcp.o
LOAD lwip/lwip-1.4.0/src/netif/ppp/lcp.o
LOAD lwip/lwip-1.4.0/src/netif/ppp/magic.o
LOAD lwip/lwip-1.4.0/src/netif/ppp/md5.o
LOAD lwip/lwip-1.4.0/src/netif/ppp/pap.o
LOAD lwip/lwip-1.4.0/src/netif/ppp/ppp.o
LOAD lwip/lwip-1.4.0/src/netif/ppp/ppp_oe.o
LOAD lwip/lwip-1.4.0/src/netif/ppp/randm.o
LOAD lwip/lwip-1.4.0/src/netif/ppp/vj.o
LOAD lwip/lwip-1.4.0/src/netif/slipif.o
LOAD main.o
LOAD stdio_redirect/gcc/read.o
LOAD stdio_redirect/gcc/write.o
LOAD stdio_redirect/stdio_io.o
LOAD stdio_start.o
START GROUP
LOAD c:/program files (x86)/atmel/studio/7.0/toolchain/arm/arm-gnu-toolchain/bin/../lib/gcc/arm-none-eabi/6.3.1/../../../../arm-none-eabi/lib/thumb/v7e-m\libm.a
END GROUP
START GROUP
LOAD c:/program files (x86)/atmel/studio/7.0/toolchain/arm/arm-gnu-toolchain/bin/../lib/gcc/arm-none-eabi/6.3.1/thumb/v7e-m\libgcc.a
LOAD c:/program files (x86)/atmel/studio/7.0/toolchain/arm/arm-gnu-toolchain/bin/../lib/gcc/arm-none-eabi/6.3.1/../../../../arm-none-eabi/lib/thumb/v7e-m\libc_nano.a
END GROUP
START GROUP
LOAD c:/program files (x86)/atmel/studio/7.0/toolchain/arm/arm-gnu-toolchain/bin/../lib/gcc/arm-none-eabi/6.3.1/thumb/v7e-m\libgcc.a
LOAD c:/program files (x86)/atmel/studio/7.0/toolchain/arm/arm-gnu-toolchain/bin/../lib/gcc/arm-none-eabi/6.3.1/../../../../arm-none-eabi/lib/thumb/v7e-m\libc_nano.a
END GROUP
LOAD c:/program files (x86)/atmel/studio/7.0/toolchain/arm/arm-gnu-toolchain/bin/../lib/gcc/arm-none-eabi/6.3.1/thumb/v7e-m/crtend.o
LOAD c:/program files (x86)/atmel/studio/7.0/toolchain/arm/arm-gnu-toolchain/bin/../lib/gcc/arm-none-eabi/6.3.1/thumb/v7e-m/crtn.o
                0x00010000                STACK_SIZE = DEFINED (STACK_SIZE)?STACK_SIZE:DEFINED (__stack_size__)?__stack_size__:0x10000

.text           0x00000000     0x7c30
                0x00000000                . = ALIGN (0x4)
                0x00000000                _sfixed = .
 *(.vectors .vectors.*)
 .vectors       0x00000000      0x264 Device_Startup/startup_same53.o
                0x00000000                exception_table
 *(.text .text.* .gnu.linkonce.t.*)
 .text          0x00000264       0x6c c:/program files (x86)/atmel/studio/7.0/toolchain/arm/arm-gnu-toolchain/bin/../lib/gcc/arm-none-eabi/6.3.1/thumb/v7e-m/crtbegin.o
 .text.atmel_start_init
                0x000002d0       0x20 atmel_start.o
                0x000002d0                atmel_start_init
 .text.Dummy_Handler
                0x000002f0        0x2 Device_Startup/startup_same53.o
                0x000002f0                EIC_5_Handler
                0x000002f0                SERCOM0_2_Handler
                0x000002f0                DebugMon_Handler
                0x000002f0                EIC_13_Handler
                0x000002f0                EVSYS_0_Handler
                0x000002f0                TCC1_3_Handler
                0x000002f0                DAC_3_Handler
                0x000002f0                TRNG_Handler
                0x000002f0                HardFault_Handler
                0x000002f0                TC2_Handler
                0x000002f0                PDEC_2_Handler
                0x000002f0                EIC_4_Handler
                0x000002f0                AC_Handler
                0x000002f0                SERCOM3_1_Handler
                0x000002f0                TCC2_3_Handler
                0x000002f0                SERCOM3_2_Handler
                0x000002f0                PendSV_Handler
                0x000002f0                NMI_Handler
                0x000002f0                ADC1_1_Handler
                0x000002f0                EVSYS_3_Handler
                0x000002f0                PDEC_0_Handler
                0x000002f0                QSPI_Handler
                0x000002f0                TCC0_0_Handler
                0x000002f0                EIC_3_Handler
                0x000002f0                TAL_0_Handler
                0x000002f0                DAC_2_Handler
                0x000002f0                SERCOM0_0_Handler
                0x000002f0                UsageFault_Handler
                0x000002f0                SERCOM4_0_Handler
                0x000002f0                EIC_10_Handler
                0x000002f0                SERCOM0_3_Handler
                0x000002f0                EIC_11_Handler
                0x000002f0                EIC_9_Handler
                0x000002f0                OSC32KCTRL_Handler
                0x000002f0                TCC2_1_Handler
                0x000002f0                SUPC_1_Handler
                0x000002f0                TCC0_5_Handler
                0x000002f0                TCC0_6_Handler
                0x000002f0                EVSYS_1_Handler
                0x000002f0                TCC1_4_Handler
                0x000002f0                DMAC_0_Handler
                0x000002f0                WDT_Handler
                0x000002f0                EIC_8_Handler
                0x000002f0                EIC_15_Handler
                0x000002f0                SERCOM5_0_Handler
                0x000002f0                TC4_Handler
                0x000002f0                TC1_Handler
                0x000002f0                OSCCTRL_4_Handler
                0x000002f0                SERCOM4_3_Handler
                0x000002f0                EIC_12_Handler
                0x000002f0                DMAC_4_Handler
                0x000002f0                TCC4_2_Handler
                0x000002f0                PAC_Handler
                0x000002f0                TCC1_0_Handler
                0x000002f0                USB_0_Handler
                0x000002f0                OSCCTRL_0_Handler
                0x000002f0                EIC_0_Handler
                0x000002f0                OSCCTRL_3_Handler
                0x000002f0                SERCOM4_1_Handler
                0x000002f0                TC3_Handler
                0x000002f0                Dummy_Handler
                0x000002f0                TCC3_0_Handler
                0x000002f0                TCC2_2_Handler
                0x000002f0                SERCOM5_1_Handler
                0x000002f0                TCC1_1_Handler
                0x000002f0                DMAC_2_Handler
                0x000002f0                ADC0_0_Handler
                0x000002f0                SERCOM0_1_Handler
                0x000002f0                OSCCTRL_2_Handler
                0x000002f0                ADC1_0_Handler
                0x000002f0                TCC1_2_Handler
                0x000002f0                USB_1_Handler
                0x000002f0                PM_Handler
                0x000002f0                SERCOM2_3_Handler
                0x000002f0                DAC_4_Handler
                0x000002f0                TCC3_2_Handler
                0x000002f0                TCC0_2_Handler
                0x000002f0                DMAC_1_Handler
                0x000002f0                TCC4_0_Handler
                0x000002f0                USB_3_Handler
                0x000002f0                TCC2_0_Handler
                0x000002f0                PDEC_1_Handler
                0x000002f0                MemManage_Handler
                0x000002f0                TCC4_1_Handler
                0x000002f0                SERCOM5_3_Handler
                0x000002f0                USB_2_Handler
                0x000002f0                SVC_Handler
                0x000002f0                SDHC0_Handler
                0x000002f0                SERCOM1_1_Handler
                0x000002f0                I2S_Handler
                0x000002f0                EIC_2_Handler
                0x000002f0                PCC_Handler
                0x000002f0                DAC_0_Handler
                0x000002f0                TCC0_1_Handler
                0x000002f0                SERCOM1_3_Handler
                0x000002f0                EIC_6_Handler
                0x000002f0                OSCCTRL_1_Handler
                0x000002f0                SERCOM1_0_Handler
                0x000002f0                PUKCC_Handler
                0x000002f0                SERCOM2_1_Handler
                0x000002f0                SERCOM1_2_Handler
                0x000002f0                SERCOM3_0_Handler
                0x000002f0                EIC_1_Handler
                0x000002f0                SERCOM4_2_Handler
                0x000002f0                EVSYS_4_Handler
                0x000002f0                EIC_7_Handler
                0x000002f0                NVMCTRL_1_Handler
                0x000002f0                SERCOM5_2_Handler
                0x000002f0                SERCOM3_3_Handler
                0x000002f0                ADC0_1_Handler
                0x000002f0                SERCOM2_2_Handler
                0x000002f0                TCC3_1_Handler
                0x000002f0                EIC_14_Handler
                0x000002f0                DAC_1_Handler
                0x000002f0                NVMCTRL_0_Handler
                0x000002f0                TAL_1_Handler
                0x000002f0                MCLK_Handler
                0x000002f0                EVSYS_2_Handler
                0x000002f0                SUPC_0_Handler
                0x000002f0                BusFault_Handler
                0x000002f0                FREQM_Handler
                0x000002f0                TC0_Handler
                0x000002f0                TCC0_3_Handler
                0x000002f0                DMAC_3_Handler
                0x000002f0                TCC0_4_Handler
                0x000002f0                TC5_Handler
                0x000002f0                SERCOM2_0_Handler
                0x000002f0                AES_Handler
                0x000002f0                ICM_Handler
 *fill*         0x000002f2        0x2 
 .text.Reset_Handler
                0x000002f4       0x78 Device_Startup/startup_same53.o
                0x000002f4                Reset_Handler
 .text._gpio_set_pin_function
                0x0000036c       0x68 driver_init.o
 .text.USART_0_PORT_init
                0x000003d4       0x20 driver_init.o
                0x000003d4                USART_0_PORT_init
 .text.USART_0_CLOCK_init
                0x000003f4       0x24 driver_init.o
                0x000003f4                USART_0_CLOCK_init
 .text.USART_0_init
                0x00000418       0x2c driver_init.o
                0x00000418                USART_0_init
 .text.MACIF_PORT_init
                0x00000444       0x38 driver_init.o
                0x00000444                MACIF_PORT_init
 .text.MACIF_CLOCK_init
                0x0000047c       0x18 driver_init.o
                0x0000047c                MACIF_CLOCK_init
 .text.MACIF_init
                0x00000494       0x2c driver_init.o
                0x00000494                MACIF_init
 .text.system_init
                0x000004c0       0x4c driver_init.o
                0x000004c0                system_init
 .text.ethernet_phy_init
                0x0000050c        0x8 ethernet_phy/ethernet_phy.o
                0x0000050c                ethernet_phy_init
 .text.ethernet_phy_get_link_status
                0x00000514       0x28 ethernet_phy/ethernet_phy.o
                0x00000514                ethernet_phy_get_link_status
 .text.MACIF_PHY_init
                0x0000053c       0x28 ethernet_phy_main.o
                0x0000053c                MACIF_PHY_init
 .text.ethernet_phys_init
                0x00000564        0x8 ethernet_phy_main.o
                0x00000564                ethernet_phys_init
 .text.LWIP_MACIF_stack_init
                0x0000056c       0x50 eth_ipstack_main.o
                0x0000056c                LWIP_MACIF_stack_init
 .text.LWIP_MACIF_init
                0x000005bc       0x4c eth_ipstack_main.o
                0x000005bc                LWIP_MACIF_init
 .text.eth_ipstack_init
                0x00000608        0x8 eth_ipstack_main.o
                0x00000608                eth_ipstack_init
 .text.io_write
                0x00000610        0x4 hal/src/hal_io.o
                0x00000610                io_write
 .text.io_read  0x00000614        0x4 hal/src/hal_io.o
                0x00000614                io_read
 .text.mac_read_cb
                0x00000618        0x8 hal/src/hal_mac_async.o
 .text.mac_write_cb
                0x00000620        0x8 hal/src/hal_mac_async.o
 .text.mac_async_init
                0x00000628        0x8 hal/src/hal_mac_async.o
                0x00000628                mac_async_init
 .text.mac_async_enable
                0x00000630        0x8 hal/src/hal_mac_async.o
                0x00000630                mac_async_enable
 .text.mac_async_write
                0x00000638        0x8 hal/src/hal_mac_async.o
                0x00000638                mac_async_write
 .text.mac_async_read
                0x00000640        0x8 hal/src/hal_mac_async.o
                0x00000640                mac_async_read
 .text.mac_async_read_len
                0x00000648        0x8 hal/src/hal_mac_async.o
                0x00000648                mac_async_read_len
 .text.mac_async_register_callback
                0x00000650       0x38 hal/src/hal_mac_async.o
                0x00000650                mac_async_register_callback
 .text.mac_async_set_filter
                0x00000688        0x8 hal/src/hal_mac_async.o
                0x00000688                mac_async_set_filter
 .text.mac_async_read_phy_reg
                0x00000690       0x10 hal/src/hal_mac_async.o
                0x00000690                mac_async_read_phy_reg
 .text.timer_add_timer_task
                0x000006a0       0x4c hal/src/hal_timer.o
 .text.timer_process_counted
                0x000006ec       0x6c hal/src/hal_timer.o
 .text.timer_init
                0x00000758       0x1c hal/src/hal_timer.o
                0x00000758                timer_init
 .text.usart_sync_write
                0x00000774       0x50 hal/src/hal_usart_sync.o
 .text.usart_sync_read
                0x000007c4       0x38 hal/src/hal_usart_sync.o
 .text.usart_sync_init
                0x000007fc       0x24 hal/src/hal_usart_sync.o
                0x000007fc                usart_sync_init
 .text.usart_sync_enable
                0x00000820       0x10 hal/src/hal_usart_sync.o
                0x00000820                usart_sync_enable
 .text.usart_sync_get_io_descriptor
                0x00000830        0x6 hal/src/hal_usart_sync.o
                0x00000830                usart_sync_get_io_descriptor
 .text.list_insert_as_head
                0x00000836        0x8 hal/utils/src/utils_list.o
                0x00000836                list_insert_as_head
 .text.list_insert_after
                0x0000083e        0x8 hal/utils/src/utils_list.o
                0x0000083e                list_insert_after
 .text.list_remove_head
                0x00000846        0xc hal/utils/src/utils_list.o
                0x00000846                list_remove_head
 *fill*         0x00000852        0x2 
 .text._sbrk    0x00000854       0x1c hal/utils/src/utils_syscalls.o
                0x00000854                _sbrk
 .text._close   0x00000870        0x6 hal/utils/src/utils_syscalls.o
                0x00000870                _close
 .text._fstat   0x00000876        0xa hal/utils/src/utils_syscalls.o
                0x00000876                _fstat
 .text._isatty  0x00000880        0x4 hal/utils/src/utils_syscalls.o
                0x00000880                _isatty
 .text._lseek   0x00000884        0x4 hal/utils/src/utils_syscalls.o
                0x00000884                _lseek
 .text._init_chip
                0x00000888       0x40 hpl/core/hpl_init.o
                0x00000888                _init_chip
 .text._gclk_init_generators_by_fref
                0x000008c8       0x14 hpl/gclk/hpl_gclk.o
                0x000008c8                _gclk_init_generators_by_fref
 .text.GMAC_Handler
                0x000008dc       0x4c hpl/gmac/hpl_gmac.o
                0x000008dc                GMAC_Handler
 .text._mac_async_init
                0x00000928       0xa8 hpl/gmac/hpl_gmac.o
                0x00000928                _mac_async_init
 .text._mac_async_enable
                0x000009d0        0xe hpl/gmac/hpl_gmac.o
                0x000009d0                _mac_async_enable
 *fill*         0x000009de        0x2 
 .text._mac_async_write
                0x000009e0      0x100 hpl/gmac/hpl_gmac.o
                0x000009e0                _mac_async_write
 .text._mac_async_read
                0x00000ae0       0xf4 hpl/gmac/hpl_gmac.o
                0x00000ae0                _mac_async_read
 .text._mac_async_read_len
                0x00000bd4       0x5c hpl/gmac/hpl_gmac.o
                0x00000bd4                _mac_async_read_len
 .text._mac_async_register_callback
                0x00000c30       0x28 hpl/gmac/hpl_gmac.o
                0x00000c30                _mac_async_register_callback
 .text._mac_async_set_filter
                0x00000c58       0x20 hpl/gmac/hpl_gmac.o
                0x00000c58                _mac_async_set_filter
 .text._mac_async_read_phy_reg
                0x00000c78       0x3a hpl/gmac/hpl_gmac.o
                0x00000c78                _mac_async_read_phy_reg
 *fill*         0x00000cb2        0x2 
 .text._mclk_init
                0x00000cb4        0xc hpl/mclk/hpl_mclk.o
                0x00000cb4                _mclk_init
 .text._osc32kctrl_init_sources
                0x00000cc0       0x14 hpl/osc32kctrl/hpl_osc32kctrl.o
                0x00000cc0                _osc32kctrl_init_sources
 .text._oscctrl_init_sources
                0x00000cd4       0x18 hpl/oscctrl/hpl_oscctrl.o
                0x00000cd4                _oscctrl_init_sources
 .text._oscctrl_init_referenced_generators
                0x00000cec        0x2 hpl/oscctrl/hpl_oscctrl.o
                0x00000cec                _oscctrl_init_referenced_generators
 *fill*         0x00000cee        0x2 
 .text.RAMECC_Handler
                0x00000cf0       0x3c hpl/ramecc/hpl_ramecc.o
                0x00000cf0                RAMECC_Handler
 .text._timer_init
                0x00000d2c       0x2c hpl/rtc/hpl_rtc.o
                0x00000d2c                _timer_init
 .text._rtc_get_timer
                0x00000d58        0x4 hpl/rtc/hpl_rtc.o
                0x00000d58                _rtc_get_timer
 .text.RTC_Handler
                0x00000d5c       0x24 hpl/rtc/hpl_rtc.o
                0x00000d5c                RTC_Handler
 .text.hri_sercomusart_wait_for_sync
                0x00000d80        0x8 hpl/sercom/hpl_sercom.o
 .text.hri_sercomusart_clear_CTRLA_ENABLE_bit
                0x00000d88       0x18 hpl/sercom/hpl_sercom.o
 .text._usart_init
                0x00000da0       0x54 hpl/sercom/hpl_sercom.o
 .text._usart_sync_init
                0x00000df4        0xc hpl/sercom/hpl_sercom.o
                0x00000df4                _usart_sync_init
 .text._usart_sync_enable
                0x00000e00       0x1c hpl/sercom/hpl_sercom.o
                0x00000e00                _usart_sync_enable
 .text._usart_sync_write_byte
                0x00000e1c        0x6 hpl/sercom/hpl_sercom.o
                0x00000e1c                _usart_sync_write_byte
 .text._usart_sync_read_byte
                0x00000e22        0x8 hpl/sercom/hpl_sercom.o
                0x00000e22                _usart_sync_read_byte
 .text._usart_sync_is_ready_to_send
                0x00000e2a        0xa hpl/sercom/hpl_sercom.o
                0x00000e2a                _usart_sync_is_ready_to_send
 .text._usart_sync_is_transmit_done
                0x00000e34        0xa hpl/sercom/hpl_sercom.o
                0x00000e34                _usart_sync_is_transmit_done
 .text._usart_sync_is_byte_received
                0x00000e3e        0xa hpl/sercom/hpl_sercom.o
                0x00000e3e                _usart_sync_is_byte_received
 .text.mac_low_level_init
                0x00000e48       0x28 lwip/lwip-1.4.0/port/ethif_mac.o
                0x00000e48                mac_low_level_init
 .text.mac_low_level_output
                0x00000e70       0x74 lwip/lwip-1.4.0/port/ethif_mac.o
                0x00000e70                mac_low_level_output
 .text.ethernetif_mac_input
                0x00000ee4       0x7c lwip/lwip-1.4.0/port/ethif_mac.o
                0x00000ee4                ethernetif_mac_input
 .text.lwip_htons
                0x00000f60        0x6 lwip/lwip-1.4.0/src/core/def.o
                0x00000f60                lwip_htons
 .text.lwip_ntohs
                0x00000f66        0x6 lwip/lwip-1.4.0/src/core/def.o
                0x00000f66                lwip_ntohs
 .text.lwip_htonl
                0x00000f6c        0x4 lwip/lwip-1.4.0/src/core/def.o
                0x00000f6c                lwip_htonl
 .text.lwip_ntohl
                0x00000f70        0x8 lwip/lwip-1.4.0/src/core/def.o
                0x00000f70                lwip_ntohl
 .text.dhcp_set_state
                0x00000f78       0x10 lwip/lwip-1.4.0/src/core/dhcp.o
 .text.dhcp_option
                0x00000f88       0x1c lwip/lwip-1.4.0/src/core/dhcp.o
 .text.dhcp_option_byte
                0x00000fa4       0x12 lwip/lwip-1.4.0/src/core/dhcp.o
 .text.dhcp_option_short
                0x00000fb6       0x1e lwip/lwip-1.4.0/src/core/dhcp.o
 .text.dhcp_option_long
                0x00000fd4       0x36 lwip/lwip-1.4.0/src/core/dhcp.o
 .text.dhcp_option_trailer
                0x0000100a       0x2c lwip/lwip-1.4.0/src/core/dhcp.o
 *fill*         0x00001036        0x2 
 .text.dhcp_create_msg
                0x00001038      0x138 lwip/lwip-1.4.0/src/core/dhcp.o
 .text.dhcp_delete_msg
                0x00001170       0x1c lwip/lwip-1.4.0/src/core/dhcp.o
 .text.dhcp_rebind
                0x0000118c       0xac lwip/lwip-1.4.0/src/core/dhcp.o
 .text.dhcp_discover
                0x00001238       0xd0 lwip/lwip-1.4.0/src/core/dhcp.o
 .text.dhcp_select
                0x00001308      0x104 lwip/lwip-1.4.0/src/core/dhcp.o
 .text.dhcp_reboot
                0x0000140c       0xcc lwip/lwip-1.4.0/src/core/dhcp.o
 .text.dhcp_check
                0x000014d8       0x30 lwip/lwip-1.4.0/src/core/dhcp.o
 .text.dhcp_bind
                0x00001508       0xd4 lwip/lwip-1.4.0/src/core/dhcp.o
 .text.dhcp_recv
                0x000015dc      0x3f0 lwip/lwip-1.4.0/src/core/dhcp.o
 .text.dhcp_arp_reply
                0x000019cc       0xa4 lwip/lwip-1.4.0/src/core/dhcp.o
                0x000019cc                dhcp_arp_reply
 .text.dhcp_renew
                0x00001a70       0xa8 lwip/lwip-1.4.0/src/core/dhcp.o
                0x00001a70                dhcp_renew
 .text.dhcp_coarse_tmr
                0x00001b18       0x5c lwip/lwip-1.4.0/src/core/dhcp.o
                0x00001b18                dhcp_coarse_tmr
 .text.dhcp_release
                0x00001b74       0xd0 lwip/lwip-1.4.0/src/core/dhcp.o
                0x00001b74                dhcp_release
 .text.dhcp_fine_tmr
                0x00001c44       0xb0 lwip/lwip-1.4.0/src/core/dhcp.o
                0x00001c44                dhcp_fine_tmr
 .text.dhcp_stop
                0x00001cf4       0x38 lwip/lwip-1.4.0/src/core/dhcp.o
                0x00001cf4                dhcp_stop
 .text.dhcp_start
                0x00001d2c       0xd0 lwip/lwip-1.4.0/src/core/dhcp.o
                0x00001d2c                dhcp_start
 .text.lwip_init
                0x00001dfc       0x38 lwip/lwip-1.4.0/src/core/init.o
                0x00001dfc                lwip_init
 .text.autoip_start_probing
                0x00001e34       0x46 lwip/lwip-1.4.0/src/core/ipv4/autoip.o
 *fill*         0x00001e7a        0x2 
 .text.autoip_arp_announce
                0x00001e7c       0x2c lwip/lwip-1.4.0/src/core/ipv4/autoip.o
 .text.autoip_start
                0x00001ea8       0xa4 lwip/lwip-1.4.0/src/core/ipv4/autoip.o
                0x00001ea8                autoip_start
 .text.autoip_tmr
                0x00001f4c      0x118 lwip/lwip-1.4.0/src/core/ipv4/autoip.o
                0x00001f4c                autoip_tmr
 .text.autoip_arp_reply
                0x00002064       0x88 lwip/lwip-1.4.0/src/core/ipv4/autoip.o
                0x00002064                autoip_arp_reply
 .text.icmp_send_response.isra.0
                0x000020ec       0x88 lwip/lwip-1.4.0/src/core/ipv4/icmp.o
 .text.icmp_input
                0x00002174      0x148 lwip/lwip-1.4.0/src/core/ipv4/icmp.o
                0x00002174                icmp_input
 .text.icmp_dest_unreach
                0x000022bc       0x10 lwip/lwip-1.4.0/src/core/ipv4/icmp.o
                0x000022bc                icmp_dest_unreach
 .text.icmp_time_exceeded
                0x000022cc       0x10 lwip/lwip-1.4.0/src/core/ipv4/icmp.o
                0x000022cc                icmp_time_exceeded
 .text.lwip_standard_chksum
                0x000022dc       0x60 lwip/lwip-1.4.0/src/core/ipv4/inet_chksum.o
 .text.inet_chksum_pseudo
                0x0000233c       0x90 lwip/lwip-1.4.0/src/core/ipv4/inet_chksum.o
                0x0000233c                inet_chksum_pseudo
 .text.inet_chksum
                0x000023cc       0x10 lwip/lwip-1.4.0/src/core/ipv4/inet_chksum.o
                0x000023cc                inet_chksum
 .text.inet_chksum_pbuf
                0x000023dc       0x4c lwip/lwip-1.4.0/src/core/ipv4/inet_chksum.o
                0x000023dc                inet_chksum_pbuf
 .text.ip_route
                0x00002428       0x3c lwip/lwip-1.4.0/src/core/ipv4/ip.o
                0x00002428                ip_route
 .text.ip_input
                0x00002464      0x1a8 lwip/lwip-1.4.0/src/core/ipv4/ip.o
                0x00002464                ip_input
 .text.ip_output_if
                0x0000260c       0xfc lwip/lwip-1.4.0/src/core/ipv4/ip.o
                0x0000260c                ip_output_if
 .text.ip_output
                0x00002708       0x40 lwip/lwip-1.4.0/src/core/ipv4/ip.o
                0x00002708                ip_output
 .text.ip4_addr_isbroadcast
                0x00002748       0x32 lwip/lwip-1.4.0/src/core/ipv4/ip_addr.o
                0x00002748                ip4_addr_isbroadcast
 .text.ipaddr_ntoa_r
                0x0000277a       0x92 lwip/lwip-1.4.0/src/core/ipv4/ip_addr.o
                0x0000277a                ipaddr_ntoa_r
 .text.ipfrag_free_pbuf_custom
                0x0000280c       0x20 lwip/lwip-1.4.0/src/core/ipv4/ip_frag.o
 .text.ip_reass_free_complete_datagram
                0x0000282c       0x9c lwip/lwip-1.4.0/src/core/ipv4/ip_frag.o
 .text.ip_reass_remove_oldest_datagram
                0x000028c8       0x78 lwip/lwip-1.4.0/src/core/ipv4/ip_frag.o
 .text.ip_reass_tmr
                0x00002940       0x2c lwip/lwip-1.4.0/src/core/ipv4/ip_frag.o
                0x00002940                ip_reass_tmr
 .text.ip_reass
                0x0000296c      0x2e8 lwip/lwip-1.4.0/src/core/ipv4/ip_frag.o
                0x0000296c                ip_reass
 .text.ip_frag  0x00002c54      0x19c lwip/lwip-1.4.0/src/core/ipv4/ip_frag.o
                0x00002c54                ip_frag
 .text.mem_init
                0x00002df0       0x34 lwip/lwip-1.4.0/src/core/mem.o
                0x00002df0                mem_init
 .text.mem_free
                0x00002e24       0x7c lwip/lwip-1.4.0/src/core/mem.o
                0x00002e24                mem_free
 .text.mem_trim
                0x00002ea0       0x9c lwip/lwip-1.4.0/src/core/mem.o
                0x00002ea0                mem_trim
 .text.mem_malloc
                0x00002f3c       0xa8 lwip/lwip-1.4.0/src/core/mem.o
                0x00002f3c                mem_malloc
 .text.memp_init
                0x00002fe4       0x54 lwip/lwip-1.4.0/src/core/memp.o
                0x00002fe4                memp_init
 .text.memp_malloc
                0x00003038       0x20 lwip/lwip-1.4.0/src/core/memp.o
                0x00003038                memp_malloc
 .text.memp_free
                0x00003058       0x18 lwip/lwip-1.4.0/src/core/memp.o
                0x00003058                memp_free
 .text.netif_init
                0x00003070        0x2 lwip/lwip-1.4.0/src/core/netif.o
                0x00003070                netif_init
 *fill*         0x00003072        0x2 
 .text.netif_set_ipaddr
                0x00003074       0x64 lwip/lwip-1.4.0/src/core/netif.o
                0x00003074                netif_set_ipaddr
 .text.netif_set_addr
                0x000030d8       0x20 lwip/lwip-1.4.0/src/core/netif.o
                0x000030d8                netif_set_addr
 .text.netif_add
                0x000030f8       0x58 lwip/lwip-1.4.0/src/core/netif.o
                0x000030f8                netif_add
 .text.netif_set_gw
                0x00003150        0x8 lwip/lwip-1.4.0/src/core/netif.o
                0x00003150                netif_set_gw
 .text.netif_set_netmask
                0x00003158        0x8 lwip/lwip-1.4.0/src/core/netif.o
                0x00003158                netif_set_netmask
 .text.netif_set_default
                0x00003160        0xc lwip/lwip-1.4.0/src/core/netif.o
                0x00003160                netif_set_default
 .text.netif_set_up
                0x0000316c       0x38 lwip/lwip-1.4.0/src/core/netif.o
                0x0000316c                netif_set_up
 .text.netif_set_down
                0x000031a4       0x30 lwip/lwip-1.4.0/src/core/netif.o
                0x000031a4                netif_set_down
 .text.pbuf_free_ooseq
                0x000031d4       0x30 lwip/lwip-1.4.0/src/core/pbuf.o
                0x000031d4                pbuf_free_ooseq
 .text.pbuf_alloced_custom
                0x00003204       0x54 lwip/lwip-1.4.0/src/core/pbuf.o
                0x00003204                pbuf_alloced_custom
 .text.pbuf_header
                0x00003258       0x58 lwip/lwip-1.4.0/src/core/pbuf.o
                0x00003258                pbuf_header
 .text.pbuf_free
                0x000032b0       0x58 lwip/lwip-1.4.0/src/core/pbuf.o
                0x000032b0                pbuf_free
 .text.pbuf_alloc
                0x00003308      0x12c lwip/lwip-1.4.0/src/core/pbuf.o
                0x00003308                pbuf_alloc
 .text.pbuf_realloc
                0x00003434       0x54 lwip/lwip-1.4.0/src/core/pbuf.o
                0x00003434                pbuf_realloc
 .text.pbuf_clen
                0x00003488       0x10 lwip/lwip-1.4.0/src/core/pbuf.o
                0x00003488                pbuf_clen
 .text.pbuf_ref
                0x00003498        0xa lwip/lwip-1.4.0/src/core/pbuf.o
                0x00003498                pbuf_ref
 .text.pbuf_cat
                0x000034a2       0x1c lwip/lwip-1.4.0/src/core/pbuf.o
                0x000034a2                pbuf_cat
 *fill*         0x000034be        0x2 
 .text.pbuf_chain
                0x000034c0       0x18 lwip/lwip-1.4.0/src/core/pbuf.o
                0x000034c0                pbuf_chain
 .text.pbuf_copy
                0x000034d8       0x98 lwip/lwip-1.4.0/src/core/pbuf.o
                0x000034d8                pbuf_copy
 .text.pbuf_copy_partial
                0x00003570       0x5c lwip/lwip-1.4.0/src/core/pbuf.o
                0x00003570                pbuf_copy_partial
 .text.tcp_init
                0x000035cc        0x2 lwip/lwip-1.4.0/src/core/tcp.o
                0x000035cc                tcp_init
 .text.tcp_update_rcv_ann_wnd
                0x000035ce       0x36 lwip/lwip-1.4.0/src/core/tcp.o
                0x000035ce                tcp_update_rcv_ann_wnd
 .text.tcp_recved
                0x00003604       0x40 lwip/lwip-1.4.0/src/core/tcp.o
                0x00003604                tcp_recved
 .text.tcp_seg_free
                0x00003644       0x24 lwip/lwip-1.4.0/src/core/tcp.o
                0x00003644                tcp_seg_free
 .text.tcp_segs_free
                0x00003668       0x14 lwip/lwip-1.4.0/src/core/tcp.o
                0x00003668                tcp_segs_free
 .text.tcp_seg_copy
                0x0000367c       0x34 lwip/lwip-1.4.0/src/core/tcp.o
                0x0000367c                tcp_seg_copy
 .text.tcp_pcb_purge
                0x000036b0       0x44 lwip/lwip-1.4.0/src/core/tcp.o
                0x000036b0                tcp_pcb_purge
 .text.tcp_slowtmr
                0x000036f4      0x2f8 lwip/lwip-1.4.0/src/core/tcp.o
                0x000036f4                tcp_slowtmr
 .text.tcp_pcb_remove
                0x000039ec       0x6c lwip/lwip-1.4.0/src/core/tcp.o
                0x000039ec                tcp_pcb_remove
 .text.tcp_close_shutdown
                0x00003a58      0x170 lwip/lwip-1.4.0/src/core/tcp.o
 .text.tcp_close
                0x00003bc8       0x18 lwip/lwip-1.4.0/src/core/tcp.o
                0x00003bc8                tcp_close
 .text.tcp_recv_null
                0x00003be0       0x30 lwip/lwip-1.4.0/src/core/tcp.o
                0x00003be0                tcp_recv_null
 .text.tcp_process_refused_data
                0x00003c10       0x6c lwip/lwip-1.4.0/src/core/tcp.o
                0x00003c10                tcp_process_refused_data
 .text.tcp_fasttmr
                0x00003c7c       0x78 lwip/lwip-1.4.0/src/core/tcp.o
                0x00003c7c                tcp_fasttmr
 .text.tcp_tmr  0x00003cf4       0x2c lwip/lwip-1.4.0/src/core/tcp.o
                0x00003cf4                tcp_tmr
 .text.tcp_abandon
                0x00003d20       0xb0 lwip/lwip-1.4.0/src/core/tcp.o
                0x00003d20                tcp_abandon
 .text.tcp_abort
                0x00003dd0        0xc lwip/lwip-1.4.0/src/core/tcp.o
                0x00003dd0                tcp_abort
 .text.tcp_next_iss
                0x00003ddc       0x18 lwip/lwip-1.4.0/src/core/tcp.o
                0x00003ddc                tcp_next_iss
 .text.tcp_alloc
                0x00003df4      0x11c lwip/lwip-1.4.0/src/core/tcp.o
                0x00003df4                tcp_alloc
 .text.tcp_eff_send_mss
                0x00003f10       0x24 lwip/lwip-1.4.0/src/core/tcp.o
                0x00003f10                tcp_eff_send_mss
 .text.tcp_oos_insert_segment
                0x00003f34       0x9c lwip/lwip-1.4.0/src/core/tcp_in.o
 .text.tcp_receive
                0x00003fd0      0x778 lwip/lwip-1.4.0/src/core/tcp_in.o
 .text.tcp_parseopt.isra.0
                0x00004748       0x84 lwip/lwip-1.4.0/src/core/tcp_in.o
 .text.tcp_input
                0x000047cc      0x818 lwip/lwip-1.4.0/src/core/tcp_in.o
                0x000047cc                tcp_input
 .text.tcp_create_segment
                0x00004fe4       0xd0 lwip/lwip-1.4.0/src/core/tcp_out.o
 .text.tcp_output_alloc_header.constprop.0
                0x000050b4       0x68 lwip/lwip-1.4.0/src/core/tcp_out.o
 .text.tcp_enqueue_flags
                0x0000511c       0xac lwip/lwip-1.4.0/src/core/tcp_out.o
                0x0000511c                tcp_enqueue_flags
 .text.tcp_send_fin
                0x000051c8       0x54 lwip/lwip-1.4.0/src/core/tcp_out.o
                0x000051c8                tcp_send_fin
 .text.tcp_send_empty_ack
                0x0000521c       0x74 lwip/lwip-1.4.0/src/core/tcp_out.o
                0x0000521c                tcp_send_empty_ack
 .text.tcp_output
                0x00005290      0x290 lwip/lwip-1.4.0/src/core/tcp_out.o
                0x00005290                tcp_output
 .text.tcp_rst  0x00005520       0xb0 lwip/lwip-1.4.0/src/core/tcp_out.o
                0x00005520                tcp_rst
 .text.tcp_rexmit_rto
                0x000055d0       0x38 lwip/lwip-1.4.0/src/core/tcp_out.o
                0x000055d0                tcp_rexmit_rto
 .text.tcp_rexmit
                0x00005608       0x58 lwip/lwip-1.4.0/src/core/tcp_out.o
                0x00005608                tcp_rexmit
 .text.tcp_rexmit_fast
                0x00005660       0x54 lwip/lwip-1.4.0/src/core/tcp_out.o
                0x00005660                tcp_rexmit_fast
 .text.tcp_keepalive
                0x000056b4       0x6c lwip/lwip-1.4.0/src/core/tcp_out.o
                0x000056b4                tcp_keepalive
 .text.tcp_zero_window_probe
                0x00005720       0xc4 lwip/lwip-1.4.0/src/core/tcp_out.o
                0x00005720                tcp_zero_window_probe
 .text.sys_timeout
                0x000057e4       0x60 lwip/lwip-1.4.0/src/core/timers.o
                0x000057e4                sys_timeout
 .text.tcp_timer_needed
                0x00005844       0x38 lwip/lwip-1.4.0/src/core/timers.o
                0x00005844                tcp_timer_needed
 .text.tcpip_tcp_timer
                0x0000587c       0x40 lwip/lwip-1.4.0/src/core/timers.o
 .text.sys_timeouts_init
                0x000058bc       0x60 lwip/lwip-1.4.0/src/core/timers.o
                0x000058bc                sys_timeouts_init
 .text.autoip_timer
                0x0000591c       0x20 lwip/lwip-1.4.0/src/core/timers.o
 .text.dhcp_timer_fine
                0x0000593c       0x24 lwip/lwip-1.4.0/src/core/timers.o
 .text.dhcp_timer_coarse
                0x00005960       0x24 lwip/lwip-1.4.0/src/core/timers.o
 .text.arp_timer
                0x00005984       0x24 lwip/lwip-1.4.0/src/core/timers.o
 .text.ip_reass_timer
                0x000059a8       0x24 lwip/lwip-1.4.0/src/core/timers.o
 .text.sys_check_timeouts
                0x000059cc       0x68 lwip/lwip-1.4.0/src/core/timers.o
                0x000059cc                sys_check_timeouts
 .text.udp_init
                0x00005a34        0x2 lwip/lwip-1.4.0/src/core/udp.o
                0x00005a34                udp_init
 *fill*         0x00005a36        0x2 
 .text.udp_input
                0x00005a38      0x19c lwip/lwip-1.4.0/src/core/udp.o
                0x00005a38                udp_input
 .text.udp_bind
                0x00005bd4       0x98 lwip/lwip-1.4.0/src/core/udp.o
                0x00005bd4                udp_bind
 .text.udp_sendto_if
                0x00005c6c      0x10c lwip/lwip-1.4.0/src/core/udp.o
                0x00005c6c                udp_sendto_if
 .text.udp_connect
                0x00005d78       0x4c lwip/lwip-1.4.0/src/core/udp.o
                0x00005d78                udp_connect
 .text.udp_recv
                0x00005dc4        0x6 lwip/lwip-1.4.0/src/core/udp.o
                0x00005dc4                udp_recv
 *fill*         0x00005dca        0x2 
 .text.udp_remove
                0x00005dcc       0x30 lwip/lwip-1.4.0/src/core/udp.o
                0x00005dcc                udp_remove
 .text.udp_new  0x00005dfc       0x24 lwip/lwip-1.4.0/src/core/udp.o
                0x00005dfc                udp_new
 .text.etharp_free_entry
                0x00005e20       0x2c lwip/lwip-1.4.0/src/netif/etharp.o
 .text.etharp_find_entry
                0x00005e4c       0xd4 lwip/lwip-1.4.0/src/netif/etharp.o
 .text.etharp_send_ip
                0x00005f20       0x24 lwip/lwip-1.4.0/src/netif/etharp.o
 .text.etharp_tmr
                0x00005f44       0x44 lwip/lwip-1.4.0/src/netif/etharp.o
                0x00005f44                etharp_tmr
 .text.etharp_cleanup_netif
                0x00005f88       0x2c lwip/lwip-1.4.0/src/netif/etharp.o
                0x00005f88                etharp_cleanup_netif
 .text.etharp_raw
                0x00005fb4       0xc0 lwip/lwip-1.4.0/src/netif/etharp.o
                0x00005fb4                etharp_raw
 .text.etharp_request
                0x00006074       0x2c lwip/lwip-1.4.0/src/netif/etharp.o
                0x00006074                etharp_request
 .text.etharp_output_to_arp_index
                0x000060a0       0x58 lwip/lwip-1.4.0/src/netif/etharp.o
 .text.etharp_query
                0x000060f8      0x11c lwip/lwip-1.4.0/src/netif/etharp.o
                0x000060f8                etharp_query
 .text.etharp_output
                0x00006214      0x10c lwip/lwip-1.4.0/src/netif/etharp.o
                0x00006214                etharp_output
 .text.ethernet_input
                0x00006320      0x204 lwip/lwip-1.4.0/src/netif/etharp.o
                0x00006320                ethernet_input
 .text.mac_receive_cb
                0x00006524        0xc main.o
                0x00006524                mac_receive_cb
 .text.sys_now  0x00006530        0xc main.o
                0x00006530                sys_now
 .text.SysTick_Handler
                0x0000653c       0x10 main.o
                0x0000653c                SysTick_Handler
 .text.systick_enable
                0x0000654c       0x2c main.o
                0x0000654c                systick_enable
 .text.startup.main
                0x00006578      0x208 main.o
                0x00006578                main
 .text._read    0x00006780       0x20 stdio_redirect/gcc/read.o
                0x00006780                _read
 .text._write   0x000067a0       0x24 stdio_redirect/gcc/write.o
                0x000067a0                _write
 .text.stdio_io_init
                0x000067c4       0x2c stdio_redirect/stdio_io.o
                0x000067c4                stdio_io_init
 .text.stdio_io_read
                0x000067f0       0x1c stdio_redirect/stdio_io.o
                0x000067f0                stdio_io_read
 .text.stdio_io_write
                0x0000680c       0x1c stdio_redirect/stdio_io.o
                0x0000680c                stdio_io_write
 .text.stdio_redirect_init
                0x00006828       0x20 stdio_start.o
                0x00006828                stdio_redirect_init
 .text.__libc_init_array
                0x00006848       0x48 c:/program files (x86)/atmel/studio/7.0/toolchain/arm/arm-gnu-toolchain/bin/../lib/gcc/arm-none-eabi/6.3.1/../../../../arm-none-eabi/lib/thumb/v7e-m\libc_nano.a(lib_a-init.o)
                0x00006848                __libc_init_array
 .text.memcmp   0x00006890       0x1e c:/program files (x86)/atmel/studio/7.0/toolchain/arm/arm-gnu-toolchain/bin/../lib/gcc/arm-none-eabi/6.3.1/../../../../arm-none-eabi/lib/thumb/v7e-m\libc_nano.a(lib_a-memcmp.o)
                0x00006890                memcmp
 .text.memcpy   0x000068ae       0x16 c:/program files (x86)/atmel/studio/7.0/toolchain/arm/arm-gnu-toolchain/bin/../lib/gcc/arm-none-eabi/6.3.1/../../../../arm-none-eabi/lib/thumb/v7e-m\libc_nano.a(lib_a-memcpy-stub.o)
                0x000068ae                memcpy
 .text.memset   0x000068c4       0x10 c:/program files (x86)/atmel/studio/7.0/toolchain/arm/arm-gnu-toolchain/bin/../lib/gcc/arm-none-eabi/6.3.1/../../../../arm-none-eabi/lib/thumb/v7e-m\libc_nano.a(lib_a-memset.o)
                0x000068c4                memset
 .text.printf   0x000068d4       0x30 c:/program files (x86)/atmel/studio/7.0/toolchain/arm/arm-gnu-toolchain/bin/../lib/gcc/arm-none-eabi/6.3.1/../../../../arm-none-eabi/lib/thumb/v7e-m\libc_nano.a(lib_a-printf.o)
                0x000068d4                iprintf
                0x000068d4                printf
 .text._puts_r  0x00006904       0xb8 c:/program files (x86)/atmel/studio/7.0/toolchain/arm/arm-gnu-toolchain/bin/../lib/gcc/arm-none-eabi/6.3.1/../../../../arm-none-eabi/lib/thumb/v7e-m\libc_nano.a(lib_a-puts.o)
                0x00006904                _puts_r
 .text.puts     0x000069bc       0x10 c:/program files (x86)/atmel/studio/7.0/toolchain/arm/arm-gnu-toolchain/bin/../lib/gcc/arm-none-eabi/6.3.1/../../../../arm-none-eabi/lib/thumb/v7e-m\libc_nano.a(lib_a-puts.o)
                0x000069bc                puts
 .text.setbuf   0x000069cc       0x10 c:/program files (x86)/atmel/studio/7.0/toolchain/arm/arm-gnu-toolchain/bin/../lib/gcc/arm-none-eabi/6.3.1/../../../../arm-none-eabi/lib/thumb/v7e-m\libc_nano.a(lib_a-setbuf.o)
                0x000069cc                setbuf
 .text.setvbuf  0x000069dc      0x15c c:/program files (x86)/atmel/studio/7.0/toolchain/arm/arm-gnu-toolchain/bin/../lib/gcc/arm-none-eabi/6.3.1/../../../../arm-none-eabi/lib/thumb/v7e-m\libc_nano.a(lib_a-setvbuf.o)
                0x000069dc                setvbuf
 .text.strcpy   0x00006b38       0x10 c:/program files (x86)/atmel/studio/7.0/toolchain/arm/arm-gnu-toolchain/bin/../lib/gcc/arm-none-eabi/6.3.1/../../../../arm-none-eabi/lib/thumb/v7e-m\libc_nano.a(lib_a-strcpy.o)
                0x00006b38                strcpy
 .text          0x00006b48       0x10 c:/program files (x86)/atmel/studio/7.0/toolchain/arm/arm-gnu-toolchain/bin/../lib/gcc/arm-none-eabi/6.3.1/../../../../arm-none-eabi/lib/thumb/v7e-m\libc_nano.a(lib_a-strlen.o)
                0x00006b48                strlen
 .text.__swbuf_r
                0x00006b58       0xa4 c:/program files (x86)/atmel/studio/7.0/toolchain/arm/arm-gnu-toolchain/bin/../lib/gcc/arm-none-eabi/6.3.1/../../../../arm-none-eabi/lib/thumb/v7e-m\libc_nano.a(lib_a-wbuf.o)
                0x00006b58                __swbuf_r
 .text.__swsetup_r
                0x00006bfc       0xdc c:/program files (x86)/atmel/studio/7.0/toolchain/arm/arm-gnu-toolchain/bin/../lib/gcc/arm-none-eabi/6.3.1/../../../../arm-none-eabi/lib/thumb/v7e-m\libc_nano.a(lib_a-wsetup.o)
                0x00006bfc                __swsetup_r
 .text.__sflush_r
                0x00006cd8      0x110 c:/program files (x86)/atmel/studio/7.0/toolchain/arm/arm-gnu-toolchain/bin/../lib/gcc/arm-none-eabi/6.3.1/../../../../arm-none-eabi/lib/thumb/v7e-m\libc_nano.a(lib_a-fflush.o)
                0x00006cd8                __sflush_r
 .text._fflush_r
                0x00006de8       0x54 c:/program files (x86)/atmel/studio/7.0/toolchain/arm/arm-gnu-toolchain/bin/../lib/gcc/arm-none-eabi/6.3.1/../../../../arm-none-eabi/lib/thumb/v7e-m\libc_nano.a(lib_a-fflush.o)
                0x00006de8                _fflush_r
 .text._cleanup_r
                0x00006e3c        0xc c:/program files (x86)/atmel/studio/7.0/toolchain/arm/arm-gnu-toolchain/bin/../lib/gcc/arm-none-eabi/6.3.1/../../../../arm-none-eabi/lib/thumb/v7e-m\libc_nano.a(lib_a-findfp.o)
                0x00006e3c                _cleanup_r
 .text.std.isra.0
                0x00006e48       0x48 c:/program files (x86)/atmel/studio/7.0/toolchain/arm/arm-gnu-toolchain/bin/../lib/gcc/arm-none-eabi/6.3.1/../../../../arm-none-eabi/lib/thumb/v7e-m\libc_nano.a(lib_a-findfp.o)
 .text.__sfmoreglue
                0x00006e90       0x2c c:/program files (x86)/atmel/studio/7.0/toolchain/arm/arm-gnu-toolchain/bin/../lib/gcc/arm-none-eabi/6.3.1/../../../../arm-none-eabi/lib/thumb/v7e-m\libc_nano.a(lib_a-findfp.o)
                0x00006e90                __sfmoreglue
 .text.__sinit  0x00006ebc       0x60 c:/program files (x86)/atmel/studio/7.0/toolchain/arm/arm-gnu-toolchain/bin/../lib/gcc/arm-none-eabi/6.3.1/../../../../arm-none-eabi/lib/thumb/v7e-m\libc_nano.a(lib_a-findfp.o)
                0x00006ebc                __sinit
 .text.__sfp    0x00006f1c       0x78 c:/program files (x86)/atmel/studio/7.0/toolchain/arm/arm-gnu-toolchain/bin/../lib/gcc/arm-none-eabi/6.3.1/../../../../arm-none-eabi/lib/thumb/v7e-m\libc_nano.a(lib_a-findfp.o)
                0x00006f1c                __sfp
 .text._fwalk_reent
                0x00006f94       0x3c c:/program files (x86)/atmel/studio/7.0/toolchain/arm/arm-gnu-toolchain/bin/../lib/gcc/arm-none-eabi/6.3.1/../../../../arm-none-eabi/lib/thumb/v7e-m\libc_nano.a(lib_a-fwalk.o)
                0x00006f94                _fwalk_reent
 .text.__swhatbuf_r
                0x00006fd0       0x48 c:/program files (x86)/atmel/studio/7.0/toolchain/arm/arm-gnu-toolchain/bin/../lib/gcc/arm-none-eabi/6.3.1/../../../../arm-none-eabi/lib/thumb/v7e-m\libc_nano.a(lib_a-makebuf.o)
                0x00006fd0                __swhatbuf_r
 .text.__smakebuf_r
                0x00007018       0x80 c:/program files (x86)/atmel/studio/7.0/toolchain/arm/arm-gnu-toolchain/bin/../lib/gcc/arm-none-eabi/6.3.1/../../../../arm-none-eabi/lib/thumb/v7e-m\libc_nano.a(lib_a-makebuf.o)
                0x00007018                __smakebuf_r
 .text.malloc   0x00007098       0x10 c:/program files (x86)/atmel/studio/7.0/toolchain/arm/arm-gnu-toolchain/bin/../lib/gcc/arm-none-eabi/6.3.1/../../../../arm-none-eabi/lib/thumb/v7e-m\libc_nano.a(lib_a-malloc.o)
                0x00007098                malloc
 .text._free_r  0x000070a8       0x9c c:/program files (x86)/atmel/studio/7.0/toolchain/arm/arm-gnu-toolchain/bin/../lib/gcc/arm-none-eabi/6.3.1/../../../../arm-none-eabi/lib/thumb/v7e-m\libc_nano.a(lib_a-nano-freer.o)
                0x000070a8                _free_r
 .text._malloc_r
                0x00007144       0xbc c:/program files (x86)/atmel/studio/7.0/toolchain/arm/arm-gnu-toolchain/bin/../lib/gcc/arm-none-eabi/6.3.1/../../../../arm-none-eabi/lib/thumb/v7e-m\libc_nano.a(lib_a-nano-mallocr.o)
                0x00007144                _malloc_r
 .text.__sfputc_r
                0x00007200       0x2c c:/program files (x86)/atmel/studio/7.0/toolchain/arm/arm-gnu-toolchain/bin/../lib/gcc/arm-none-eabi/6.3.1/../../../../arm-none-eabi/lib/thumb/v7e-m\libc_nano.a(lib_a-nano-vfprintf.o)
 .text.__sfputs_r
                0x0000722c       0x24 c:/program files (x86)/atmel/studio/7.0/toolchain/arm/arm-gnu-toolchain/bin/../lib/gcc/arm-none-eabi/6.3.1/../../../../arm-none-eabi/lib/thumb/v7e-m\libc_nano.a(lib_a-nano-vfprintf.o)
                0x0000722c                __sfputs_r
 .text._vfprintf_r
                0x00007250      0x22c c:/program files (x86)/atmel/studio/7.0/toolchain/arm/arm-gnu-toolchain/bin/../lib/gcc/arm-none-eabi/6.3.1/../../../../arm-none-eabi/lib/thumb/v7e-m\libc_nano.a(lib_a-nano-vfprintf.o)
                0x00007250                _vfprintf_r
                0x00007250                _vfiprintf_r
 .text._printf_common
                0x0000747c       0xec c:/program files (x86)/atmel/studio/7.0/toolchain/arm/arm-gnu-toolchain/bin/../lib/gcc/arm-none-eabi/6.3.1/../../../../arm-none-eabi/lib/thumb/v7e-m\libc_nano.a(lib_a-nano-vfprintf_i.o)
                0x0000747c                _printf_common
 .text._printf_i
                0x00007568      0x240 c:/program files (x86)/atmel/studio/7.0/toolchain/arm/arm-gnu-toolchain/bin/../lib/gcc/arm-none-eabi/6.3.1/../../../../arm-none-eabi/lib/thumb/v7e-m\libc_nano.a(lib_a-nano-vfprintf_i.o)
                0x00007568                _printf_i
 .text._sbrk_r  0x000077a8       0x20 c:/program files (x86)/atmel/studio/7.0/toolchain/arm/arm-gnu-toolchain/bin/../lib/gcc/arm-none-eabi/6.3.1/../../../../arm-none-eabi/lib/thumb/v7e-m\libc_nano.a(lib_a-sbrkr.o)
                0x000077a8                _sbrk_r
 .text.__sread  0x000077c8       0x22 c:/program files (x86)/atmel/studio/7.0/toolchain/arm/arm-gnu-toolchain/bin/../lib/gcc/arm-none-eabi/6.3.1/../../../../arm-none-eabi/lib/thumb/v7e-m\libc_nano.a(lib_a-stdio.o)
                0x000077c8                __sread
 .text.__swrite
                0x000077ea       0x38 c:/program files (x86)/atmel/studio/7.0/toolchain/arm/arm-gnu-toolchain/bin/../lib/gcc/arm-none-eabi/6.3.1/../../../../arm-none-eabi/lib/thumb/v7e-m\libc_nano.a(lib_a-stdio.o)
                0x000077ea                __swrite
 .text.__sseek  0x00007822       0x24 c:/program files (x86)/atmel/studio/7.0/toolchain/arm/arm-gnu-toolchain/bin/../lib/gcc/arm-none-eabi/6.3.1/../../../../arm-none-eabi/lib/thumb/v7e-m\libc_nano.a(lib_a-stdio.o)
                0x00007822                __sseek
 .text.__sclose
                0x00007846        0x8 c:/program files (x86)/atmel/studio/7.0/toolchain/arm/arm-gnu-toolchain/bin/../lib/gcc/arm-none-eabi/6.3.1/../../../../arm-none-eabi/lib/thumb/v7e-m\libc_nano.a(lib_a-stdio.o)
                0x00007846                __sclose
 *fill*         0x0000784e        0x2 
 .text._write_r
                0x00007850       0x24 c:/program files (x86)/atmel/studio/7.0/toolchain/arm/arm-gnu-toolchain/bin/../lib/gcc/arm-none-eabi/6.3.1/../../../../arm-none-eabi/lib/thumb/v7e-m\libc_nano.a(lib_a-writer.o)
                0x00007850                _write_r
 .text._close_r
                0x00007874       0x20 c:/program files (x86)/atmel/studio/7.0/toolchain/arm/arm-gnu-toolchain/bin/../lib/gcc/arm-none-eabi/6.3.1/../../../../arm-none-eabi/lib/thumb/v7e-m\libc_nano.a(lib_a-closer.o)
                0x00007874                _close_r
 .text._fstat_r
                0x00007894       0x24 c:/program files (x86)/atmel/studio/7.0/toolchain/arm/arm-gnu-toolchain/bin/../lib/gcc/arm-none-eabi/6.3.1/../../../../arm-none-eabi/lib/thumb/v7e-m\libc_nano.a(lib_a-fstatr.o)
                0x00007894                _fstat_r
 .text._isatty_r
                0x000078b8       0x20 c:/program files (x86)/atmel/studio/7.0/toolchain/arm/arm-gnu-toolchain/bin/../lib/gcc/arm-none-eabi/6.3.1/../../../../arm-none-eabi/lib/thumb/v7e-m\libc_nano.a(lib_a-isattyr.o)
                0x000078b8                _isatty_r
 .text._lseek_r
                0x000078d8       0x24 c:/program files (x86)/atmel/studio/7.0/toolchain/arm/arm-gnu-toolchain/bin/../lib/gcc/arm-none-eabi/6.3.1/../../../../arm-none-eabi/lib/thumb/v7e-m\libc_nano.a(lib_a-lseekr.o)
                0x000078d8                _lseek_r
 *fill*         0x000078fc        0x4 
 .text          0x00007900       0xa0 c:/program files (x86)/atmel/studio/7.0/toolchain/arm/arm-gnu-toolchain/bin/../lib/gcc/arm-none-eabi/6.3.1/../../../../arm-none-eabi/lib/thumb/v7e-m\libc_nano.a(lib_a-memchr.o)
                0x00007900                memchr
 .text.__malloc_lock
                0x000079a0        0x2 c:/program files (x86)/atmel/studio/7.0/toolchain/arm/arm-gnu-toolchain/bin/../lib/gcc/arm-none-eabi/6.3.1/../../../../arm-none-eabi/lib/thumb/v7e-m\libc_nano.a(lib_a-mlock.o)
                0x000079a0                __malloc_lock
 .text.__malloc_unlock
                0x000079a2        0x2 c:/program files (x86)/atmel/studio/7.0/toolchain/arm/arm-gnu-toolchain/bin/../lib/gcc/arm-none-eabi/6.3.1/../../../../arm-none-eabi/lib/thumb/v7e-m\libc_nano.a(lib_a-mlock.o)
                0x000079a2                __malloc_unlock
 .text._read_r  0x000079a4       0x24 c:/program files (x86)/atmel/studio/7.0/toolchain/arm/arm-gnu-toolchain/bin/../lib/gcc/arm-none-eabi/6.3.1/../../../../arm-none-eabi/lib/thumb/v7e-m\libc_nano.a(lib_a-readr.o)
                0x000079a4                _read_r
 *(.glue_7t)
 .glue_7t       0x000079c8        0x0 linker stubs
 *(.glue_7)
 .glue_7        0x000079c8        0x0 linker stubs
 *(.rodata .rodata* .gnu.linkonce.r.*)
 .rodata        0x000079c8        0x8 lwip/lwip-1.4.0/src/core/ipv4/ip_addr.o
                0x000079c8                ip_addr_broadcast
                0x000079cc                ip_addr_any
 .rodata        0x000079d0       0x24 lwip/lwip-1.4.0/src/core/memp.o
 .rodata        0x000079f4       0x50 lwip/lwip-1.4.0/src/core/tcp.o
                0x000079f4                tcp_pcb_lists
                0x00007a04                tcp_persist_backoff
                0x00007a0b                tcp_backoff
                0x00007a18                tcp_state_str
 .rodata.str1.1
                0x00007a44       0x68 lwip/lwip-1.4.0/src/core/tcp.o
 .rodata        0x00007aac        0xc lwip/lwip-1.4.0/src/netif/etharp.o
                0x00007aac                ethbroadcast
                0x00007ab2                ethzero
 .rodata.str1.1
                0x00007ab8       0xc0 main.o
 .rodata._global_impure_ptr
                0x00007b78        0x4 c:/program files (x86)/atmel/studio/7.0/toolchain/arm/arm-gnu-toolchain/bin/../lib/gcc/arm-none-eabi/6.3.1/../../../../arm-none-eabi/lib/thumb/v7e-m\libc_nano.a(lib_a-impure.o)
                0x00007b78                _global_impure_ptr
 .rodata.__sf_fake_stderr
                0x00007b7c       0x20 c:/program files (x86)/atmel/studio/7.0/toolchain/arm/arm-gnu-toolchain/bin/../lib/gcc/arm-none-eabi/6.3.1/../../../../arm-none-eabi/lib/thumb/v7e-m\libc_nano.a(lib_a-findfp.o)
                0x00007b7c                __sf_fake_stderr
 .rodata.__sf_fake_stdin
                0x00007b9c       0x20 c:/program files (x86)/atmel/studio/7.0/toolchain/arm/arm-gnu-toolchain/bin/../lib/gcc/arm-none-eabi/6.3.1/../../../../arm-none-eabi/lib/thumb/v7e-m\libc_nano.a(lib_a-findfp.o)
                0x00007b9c                __sf_fake_stdin
 .rodata.__sf_fake_stdout
                0x00007bbc       0x20 c:/program files (x86)/atmel/studio/7.0/toolchain/arm/arm-gnu-toolchain/bin/../lib/gcc/arm-none-eabi/6.3.1/../../../../arm-none-eabi/lib/thumb/v7e-m\libc_nano.a(lib_a-findfp.o)
                0x00007bbc                __sf_fake_stdout
 .rodata._vfprintf_r.str1.1
                0x00007bdc       0x11 c:/program files (x86)/atmel/studio/7.0/toolchain/arm/arm-gnu-toolchain/bin/../lib/gcc/arm-none-eabi/6.3.1/../../../../arm-none-eabi/lib/thumb/v7e-m\libc_nano.a(lib_a-nano-vfprintf.o)
 .rodata._printf_i.str1.1
                0x00007bed       0x22 c:/program files (x86)/atmel/studio/7.0/toolchain/arm/arm-gnu-toolchain/bin/../lib/gcc/arm-none-eabi/6.3.1/../../../../arm-none-eabi/lib/thumb/v7e-m\libc_nano.a(lib_a-nano-vfprintf_i.o)
 *(.ARM.extab* .gnu.linkonce.armextab.*)
                0x00007c10                . = ALIGN (0x4)
 *fill*         0x00007c0f        0x1 
 *(.init)
 .init          0x00007c10        0x4 c:/program files (x86)/atmel/studio/7.0/toolchain/arm/arm-gnu-toolchain/bin/../lib/gcc/arm-none-eabi/6.3.1/thumb/v7e-m/crti.o
                0x00007c10                _init
 .init          0x00007c14        0x8 c:/program files (x86)/atmel/studio/7.0/toolchain/arm/arm-gnu-toolchain/bin/../lib/gcc/arm-none-eabi/6.3.1/thumb/v7e-m/crtn.o
                0x00007c1c                . = ALIGN (0x4)
                0x00007c1c                __preinit_array_start = .
 *(.preinit_array)
                0x00007c1c                __preinit_array_end = .
                0x00007c1c                . = ALIGN (0x4)
                0x00007c1c                __init_array_start = .
 *(SORT(.init_array.*))
 *(.init_array)
 .init_array    0x00007c1c        0x4 c:/program files (x86)/atmel/studio/7.0/toolchain/arm/arm-gnu-toolchain/bin/../lib/gcc/arm-none-eabi/6.3.1/thumb/v7e-m/crtbegin.o
                0x00007c20                __init_array_end = .
                0x00007c20                . = ALIGN (0x4)
 *crtbegin.o(.ctors)
 *(EXCLUDE_FILE(*crtend.o) .ctors)
 *(SORT(.ctors.*))
 *crtend.o(.ctors)
                0x00007c20                . = ALIGN (0x4)
 *(.fini)
 .fini          0x00007c20        0x4 c:/program files (x86)/atmel/studio/7.0/toolchain/arm/arm-gnu-toolchain/bin/../lib/gcc/arm-none-eabi/6.3.1/thumb/v7e-m/crti.o
                0x00007c20                _fini
 .fini          0x00007c24        0x8 c:/program files (x86)/atmel/studio/7.0/toolchain/arm/arm-gnu-toolchain/bin/../lib/gcc/arm-none-eabi/6.3.1/thumb/v7e-m/crtn.o
                0x00007c2c                . = ALIGN (0x4)
                0x00007c2c                __fini_array_start = .
 *(.fini_array)
 .fini_array    0x00007c2c        0x4 c:/program files (x86)/atmel/studio/7.0/toolchain/arm/arm-gnu-toolchain/bin/../lib/gcc/arm-none-eabi/6.3.1/thumb/v7e-m/crtbegin.o
 *(SORT(.fini_array.*))
                0x00007c30                __fini_array_end = .
 *crtbegin.o(.dtors)
 *(EXCLUDE_FILE(*crtend.o) .dtors)
 *(SORT(.dtors.*))
 *crtend.o(.dtors)
                0x00007c30                . = ALIGN (0x4)
                0x00007c30                _efixed = .
                [!provide]                PROVIDE (__exidx_start, .)

.vfp11_veneer   0x00007c30        0x0
 .vfp11_veneer  0x00007c30        0x0 linker stubs

.v4_bx          0x00007c30        0x0
 .v4_bx         0x00007c30        0x0 linker stubs

.iplt           0x00007c30        0x0
 .iplt          0x00007c30        0x0 c:/program files (x86)/atmel/studio/7.0/toolchain/arm/arm-gnu-toolchain/bin/../lib/gcc/arm-none-eabi/6.3.1/thumb/v7e-m/crtbegin.o

.eh_frame       0x00007c30        0x0
 .eh_frame      0x00007c30        0x0 c:/program files (x86)/atmel/studio/7.0/toolchain/arm/arm-gnu-toolchain/bin/../lib/gcc/arm-none-eabi/6.3.1/thumb/v7e-m/crtbegin.o

.rel.dyn        0x00007c30        0x0
 .rel.iplt      0x00007c30        0x0 c:/program files (x86)/atmel/studio/7.0/toolchain/arm/arm-gnu-toolchain/bin/../lib/gcc/arm-none-eabi/6.3.1/thumb/v7e-m/crtbegin.o

.jcr            0x00007c30        0x0
 .jcr           0x00007c30        0x0 c:/program files (x86)/atmel/studio/7.0/toolchain/arm/arm-gnu-toolchain/bin/../lib/gcc/arm-none-eabi/6.3.1/thumb/v7e-m/crtbegin.o

.igot.plt       0x00007c30        0x0
 .igot.plt      0x00007c30        0x0 c:/program files (x86)/atmel/studio/7.0/toolchain/arm/arm-gnu-toolchain/bin/../lib/gcc/arm-none-eabi/6.3.1/thumb/v7e-m/crtbegin.o

.ARM.exidx
 *(.ARM.exidx* .gnu.linkonce.armexidx.*)
                [!provide]                PROVIDE (__exidx_end, .)
                0x00007c30                . = ALIGN (0x4)
                0x00007c30                _etext = .

.relocate       0x20000000       0x74 load address 0x00007c30
                0x20000000                . = ALIGN (0x4)
                0x20000000                _srelocate = .
 *(.ramfunc .ramfunc.*)
 *(.data .data.*)
 .data          0x20000000        0x4 lwip/lwip-1.4.0/src/core/dhcp.o
 .data          0x20000004        0x8 lwip/lwip-1.4.0/src/core/tcp.o
 .data          0x2000000c        0x2 lwip/lwip-1.4.0/src/core/udp.o
 *fill*         0x2000000e        0x2 
 .data._impure_ptr
                0x20000010        0x4 c:/program files (x86)/atmel/studio/7.0/toolchain/arm/arm-gnu-toolchain/bin/../lib/gcc/arm-none-eabi/6.3.1/../../../../arm-none-eabi/lib/thumb/v7e-m\libc_nano.a(lib_a-impure.o)
                0x20000010                _impure_ptr
 .data.impure_data
                0x20000014       0x60 c:/program files (x86)/atmel/studio/7.0/toolchain/arm/arm-gnu-toolchain/bin/../lib/gcc/arm-none-eabi/6.3.1/../../../../arm-none-eabi/lib/thumb/v7e-m\libc_nano.a(lib_a-impure.o)
                0x20000074                . = ALIGN (0x4)
                0x20000074                _erelocate = .

.bkupram        0x47000000        0x0
                0x47000000                . = ALIGN (0x8)
                0x47000000                _sbkupram = .
 *(.bkupram .bkupram.*)
                0x47000000                . = ALIGN (0x8)
                0x47000000                _ebkupram = .

.qspi           0x04000000        0x0
                0x04000000                . = ALIGN (0x8)
                0x04000000                _sqspi = .
 *(.qspi .qspi.*)
                0x04000000                . = ALIGN (0x8)
                0x04000000                _eqspi = .

.bss            0x20000080     0x8f7c load address 0x00007cc0
                0x20000080                . = ALIGN (0x4)
                0x20000080                _sbss = .
                0x20000080                _szero = .
 *(.bss .bss.*)
 .bss           0x20000080       0x1c c:/program files (x86)/atmel/studio/7.0/toolchain/arm/arm-gnu-toolchain/bin/../lib/gcc/arm-none-eabi/6.3.1/thumb/v7e-m/crtbegin.o
 .bss           0x2000009c        0x6 eth_ipstack_main.o
 *fill*         0x200000a2        0x2 
 .bss           0x200000a4        0x4 hal/utils/src/utils_syscalls.o
 *fill*         0x200000a8       0x18 
 .bss           0x200000c0     0x1464 hpl/gmac/hpl_gmac.o
 .bss           0x20001524        0x4 hpl/rtc/hpl_rtc.o
 .bss           0x20001528        0x2 lwip/lwip-1.4.0/src/core/ipv4/ip.o
 *fill*         0x2000152a        0x2 
 .bss           0x2000152c        0x6 lwip/lwip-1.4.0/src/core/ipv4/ip_frag.o
 *fill*         0x20001532        0x2 
 .bss           0x20001534        0xc lwip/lwip-1.4.0/src/core/mem.o
 .bss           0x20001540     0x68a8 lwip/lwip-1.4.0/src/core/memp.o
 .bss           0x20007de8        0x1 lwip/lwip-1.4.0/src/core/netif.o
 .bss           0x20007de9        0x2 lwip/lwip-1.4.0/src/core/tcp.o
 *fill*         0x20007deb        0x1 
 .bss           0x20007dec       0x29 lwip/lwip-1.4.0/src/core/tcp_in.o
 *fill*         0x20007e15        0x3 
 .bss           0x20007e18        0xc lwip/lwip-1.4.0/src/core/timers.o
 .bss           0x20007e24       0xc9 lwip/lwip-1.4.0/src/netif/etharp.o
 *fill*         0x20007eed        0x3 
 .bss           0x20007ef0       0x19 main.o
 *fill*         0x20007f09        0x3 
 .bss           0x20007f0c        0x4 stdio_redirect/stdio_io.o
 .bss.__malloc_free_list
                0x20007f10        0x4 c:/program files (x86)/atmel/studio/7.0/toolchain/arm/arm-gnu-toolchain/bin/../lib/gcc/arm-none-eabi/6.3.1/../../../../arm-none-eabi/lib/thumb/v7e-m\libc_nano.a(lib_a-nano-mallocr.o)
                0x20007f10                __malloc_free_list
 .bss.__malloc_sbrk_start
                0x20007f14        0x4 c:/program files (x86)/atmel/studio/7.0/toolchain/arm/arm-gnu-toolchain/bin/../lib/gcc/arm-none-eabi/6.3.1/../../../../arm-none-eabi/lib/thumb/v7e-m\libc_nano.a(lib_a-nano-mallocr.o)
                0x20007f14                __malloc_sbrk_start
 *(COMMON)
 COMMON         0x20007f18        0x8 atmel_start.o
                0x20007f18                MACIF_PHY_desc
 COMMON         0x20007f20       0x64 driver_init.o
                0x20007f20                MACIF
                0x20007f3c                USART_0
                0x20007f48                I2C_AT24MAC
                0x20007f68                TIMER_0
 COMMON         0x20007f84       0x3c eth_ipstack_main.o
                0x20007f84                LWIP_MACIF_desc
 COMMON         0x20007fc0       0x10 hpl/ramecc/hpl_ramecc.o
                0x20007fc0                device
 COMMON         0x20007fd0       0x34 lwip/lwip-1.4.0/src/core/dhcp.o
                0x20007fd0                dhcp_rx_options_given
                0x20007fdc                dhcp_rx_options_val
 COMMON         0x20008004       0x10 lwip/lwip-1.4.0/src/core/ipv4/ip.o
                0x20008004                current_iphdr_src
                0x20008008                current_netif
                0x2000800c                current_iphdr_dest
                0x20008010                current_header
 COMMON         0x20008014      0xfb4 lwip/lwip-1.4.0/src/core/mem.o
                0x20008014                ram_heap
 COMMON         0x20008fc8        0x8 lwip/lwip-1.4.0/src/core/netif.o
                0x20008fc8                netif_list
                0x20008fcc                netif_default
 COMMON         0x20008fd0        0x1 lwip/lwip-1.4.0/src/core/pbuf.o
                0x20008fd0                pbuf_free_ooseq_pending
 *fill*         0x20008fd1        0x3 
 COMMON         0x20008fd4       0x1c lwip/lwip-1.4.0/src/core/tcp.o
                0x20008fd4                tcp_active_pcbs_changed
                0x20008fd8                tcp_active_pcbs
                0x20008fdc                tcp_ticks
                0x20008fe0                tcp_listen_pcbs
                0x20008fe4                tcp_tmp_pcb
                0x20008fe8                tcp_bound_pcbs
                0x20008fec                tcp_tw_pcbs
 COMMON         0x20008ff0        0x4 lwip/lwip-1.4.0/src/core/tcp_in.o
                0x20008ff0                tcp_input_pcb
 COMMON         0x20008ff4        0x4 lwip/lwip-1.4.0/src/core/udp.o
                0x20008ff4                udp_pcbs
 COMMON         0x20008ff8        0x4 c:/program files (x86)/atmel/studio/7.0/toolchain/arm/arm-gnu-toolchain/bin/../lib/gcc/arm-none-eabi/6.3.1/../../../../arm-none-eabi/lib/thumb/v7e-m\libc_nano.a(lib_a-reent.o)
                0x20008ff8                errno
                0x20008ffc                . = ALIGN (0x4)
                0x20008ffc                _ebss = .
                0x20008ffc                _ezero = .

.stack          0x20008ffc    0x10004 load address 0x00010c3c
                0x20009000                . = ALIGN (0x8)
 *fill*         0x20008ffc        0x4 
                0x20009000                _sstack = .
                0x20019000                . = (. + STACK_SIZE)
 *fill*         0x20009000    0x10000 
                0x20019000                . = ALIGN (0x8)
                0x20019000                _estack = .
                0x20019000                . = ALIGN (0x4)
                0x20019000                _end = .
OUTPUT(TestProject01.elf elf32-littlearm)

.ARM.attributes
                0x00000000       0x2e
 .ARM.attributes
                0x00000000       0x1e c:/program files (x86)/atmel/studio/7.0/toolchain/arm/arm-gnu-toolchain/bin/../lib/gcc/arm-none-eabi/6.3.1/thumb/v7e-m/crti.o
 .ARM.attributes
                0x0000001e       0x2e c:/program files (x86)/atmel/studio/7.0/toolchain/arm/arm-gnu-toolchain/bin/../lib/gcc/arm-none-eabi/6.3.1/thumb/v7e-m/crtbegin.o
 .ARM.attributes
                0x0000004c       0x37 atmel_start.o
 .ARM.attributes
                0x00000083       0x37 Device_Startup/startup_same53.o
 .ARM.attributes
                0x000000ba       0x37 driver_init.o
 .ARM.attributes
                0x000000f1       0x37 ethernet_phy/ethernet_phy.o
 .ARM.attributes
                0x00000128       0x37 ethernet_phy_main.o
 .ARM.attributes
                0x0000015f       0x37 eth_ipstack_main.o
 .ARM.attributes
                0x00000196       0x37 hal/src/hal_io.o
 .ARM.attributes
                0x000001cd       0x37 hal/src/hal_mac_async.o
 .ARM.attributes
                0x00000204       0x37 hal/src/hal_timer.o
 .ARM.attributes
                0x0000023b       0x37 hal/src/hal_usart_sync.o
 .ARM.attributes
                0x00000272       0x37 hal/utils/src/utils_list.o
 .ARM.attributes
                0x000002a9       0x37 hal/utils/src/utils_syscalls.o
 .ARM.attributes
                0x000002e0       0x37 hpl/core/hpl_init.o
 .ARM.attributes
                0x00000317       0x37 hpl/gclk/hpl_gclk.o
 .ARM.attributes
                0x0000034e       0x37 hpl/gmac/hpl_gmac.o
 .ARM.attributes
                0x00000385       0x37 hpl/mclk/hpl_mclk.o
 .ARM.attributes
                0x000003bc       0x37 hpl/osc32kctrl/hpl_osc32kctrl.o
 .ARM.attributes
                0x000003f3       0x37 hpl/oscctrl/hpl_oscctrl.o
 .ARM.attributes
                0x0000042a       0x37 hpl/ramecc/hpl_ramecc.o
 .ARM.attributes
                0x00000461       0x37 hpl/rtc/hpl_rtc.o
 .ARM.attributes
                0x00000498       0x37 hpl/sercom/hpl_sercom.o
 .ARM.attributes
                0x000004cf       0x37 lwip/lwip-1.4.0/port/ethif_mac.o
 .ARM.attributes
                0x00000506       0x37 lwip/lwip-1.4.0/src/core/def.o
 .ARM.attributes
                0x0000053d       0x37 lwip/lwip-1.4.0/src/core/dhcp.o
 .ARM.attributes
                0x00000574       0x37 lwip/lwip-1.4.0/src/core/init.o
 .ARM.attributes
                0x000005ab       0x37 lwip/lwip-1.4.0/src/core/ipv4/autoip.o
 .ARM.attributes
                0x000005e2       0x37 lwip/lwip-1.4.0/src/core/ipv4/icmp.o
 .ARM.attributes
                0x00000619       0x37 lwip/lwip-1.4.0/src/core/ipv4/inet_chksum.o
 .ARM.attributes
                0x00000650       0x37 lwip/lwip-1.4.0/src/core/ipv4/ip.o
 .ARM.attributes
                0x00000687       0x37 lwip/lwip-1.4.0/src/core/ipv4/ip_addr.o
 .ARM.attributes
                0x000006be       0x37 lwip/lwip-1.4.0/src/core/ipv4/ip_frag.o
 .ARM.attributes
                0x000006f5       0x37 lwip/lwip-1.4.0/src/core/mem.o
 .ARM.attributes
                0x0000072c       0x37 lwip/lwip-1.4.0/src/core/memp.o
 .ARM.attributes
                0x00000763       0x37 lwip/lwip-1.4.0/src/core/netif.o
 .ARM.attributes
                0x0000079a       0x37 lwip/lwip-1.4.0/src/core/pbuf.o
 .ARM.attributes
                0x000007d1       0x37 lwip/lwip-1.4.0/src/core/tcp.o
 .ARM.attributes
                0x00000808       0x37 lwip/lwip-1.4.0/src/core/tcp_in.o
 .ARM.attributes
                0x0000083f       0x37 lwip/lwip-1.4.0/src/core/tcp_out.o
 .ARM.attributes
                0x00000876       0x37 lwip/lwip-1.4.0/src/core/timers.o
 .ARM.attributes
                0x000008ad       0x37 lwip/lwip-1.4.0/src/core/udp.o
 .ARM.attributes
                0x000008e4       0x37 lwip/lwip-1.4.0/src/netif/etharp.o
 .ARM.attributes
                0x0000091b       0x37 main.o
 .ARM.attributes
                0x00000952       0x37 stdio_redirect/gcc/read.o
 .ARM.attributes
                0x00000989       0x37 stdio_redirect/gcc/write.o
 .ARM.attributes
                0x000009c0       0x37 stdio_redirect/stdio_io.o
 .ARM.attributes
                0x000009f7       0x37 stdio_start.o
 .ARM.attributes
                0x00000a2e       0x2e c:/program files (x86)/atmel/studio/7.0/toolchain/arm/arm-gnu-toolchain/bin/../lib/gcc/arm-none-eabi/6.3.1/../../../../arm-none-eabi/lib/thumb/v7e-m\libc_nano.a(lib_a-impure.o)
 .ARM.attributes
                0x00000a5c       0x2e c:/program files (x86)/atmel/studio/7.0/toolchain/arm/arm-gnu-toolchain/bin/../lib/gcc/arm-none-eabi/6.3.1/../../../../arm-none-eabi/lib/thumb/v7e-m\libc_nano.a(lib_a-init.o)
 .ARM.attributes
                0x00000a8a       0x2e c:/program files (x86)/atmel/studio/7.0/toolchain/arm/arm-gnu-toolchain/bin/../lib/gcc/arm-none-eabi/6.3.1/../../../../arm-none-eabi/lib/thumb/v7e-m\libc_nano.a(lib_a-memcmp.o)
 .ARM.attributes
                0x00000ab8       0x2e c:/program files (x86)/atmel/studio/7.0/toolchain/arm/arm-gnu-toolchain/bin/../lib/gcc/arm-none-eabi/6.3.1/../../../../arm-none-eabi/lib/thumb/v7e-m\libc_nano.a(lib_a-memcpy-stub.o)
 .ARM.attributes
                0x00000ae6       0x2e c:/program files (x86)/atmel/studio/7.0/toolchain/arm/arm-gnu-toolchain/bin/../lib/gcc/arm-none-eabi/6.3.1/../../../../arm-none-eabi/lib/thumb/v7e-m\libc_nano.a(lib_a-memset.o)
 .ARM.attributes
                0x00000b14       0x2e c:/program files (x86)/atmel/studio/7.0/toolchain/arm/arm-gnu-toolchain/bin/../lib/gcc/arm-none-eabi/6.3.1/../../../../arm-none-eabi/lib/thumb/v7e-m\libc_nano.a(lib_a-printf.o)
 .ARM.attributes
                0x00000b42       0x2e c:/program files (x86)/atmel/studio/7.0/toolchain/arm/arm-gnu-toolchain/bin/../lib/gcc/arm-none-eabi/6.3.1/../../../../arm-none-eabi/lib/thumb/v7e-m\libc_nano.a(lib_a-puts.o)
 .ARM.attributes
                0x00000b70       0x2e c:/program files (x86)/atmel/studio/7.0/toolchain/arm/arm-gnu-toolchain/bin/../lib/gcc/arm-none-eabi/6.3.1/../../../../arm-none-eabi/lib/thumb/v7e-m\libc_nano.a(lib_a-setbuf.o)
 .ARM.attributes
                0x00000b9e       0x2e c:/program files (x86)/atmel/studio/7.0/toolchain/arm/arm-gnu-toolchain/bin/../lib/gcc/arm-none-eabi/6.3.1/../../../../arm-none-eabi/lib/thumb/v7e-m\libc_nano.a(lib_a-setvbuf.o)
 .ARM.attributes
                0x00000bcc       0x2e c:/program files (x86)/atmel/studio/7.0/toolchain/arm/arm-gnu-toolchain/bin/../lib/gcc/arm-none-eabi/6.3.1/../../../../arm-none-eabi/lib/thumb/v7e-m\libc_nano.a(lib_a-strcpy.o)
 .ARM.attributes
                0x00000bfa       0x17 c:/program files (x86)/atmel/studio/7.0/toolchain/arm/arm-gnu-toolchain/bin/../lib/gcc/arm-none-eabi/6.3.1/../../../../arm-none-eabi/lib/thumb/v7e-m\libc_nano.a(lib_a-strlen.o)
 .ARM.attributes
                0x00000c11       0x2e c:/program files (x86)/atmel/studio/7.0/toolchain/arm/arm-gnu-toolchain/bin/../lib/gcc/arm-none-eabi/6.3.1/../../../../arm-none-eabi/lib/thumb/v7e-m\libc_nano.a(lib_a-wbuf.o)
 .ARM.attributes
                0x00000c3f       0x2e c:/program files (x86)/atmel/studio/7.0/toolchain/arm/arm-gnu-toolchain/bin/../lib/gcc/arm-none-eabi/6.3.1/../../../../arm-none-eabi/lib/thumb/v7e-m\libc_nano.a(lib_a-wsetup.o)
 .ARM.attributes
                0x00000c6d       0x2e c:/program files (x86)/atmel/studio/7.0/toolchain/arm/arm-gnu-toolchain/bin/../lib/gcc/arm-none-eabi/6.3.1/../../../../arm-none-eabi/lib/thumb/v7e-m\libc_nano.a(lib_a-fflush.o)
 .ARM.attributes
                0x00000c9b       0x2e c:/program files (x86)/atmel/studio/7.0/toolchain/arm/arm-gnu-toolchain/bin/../lib/gcc/arm-none-eabi/6.3.1/../../../../arm-none-eabi/lib/thumb/v7e-m\libc_nano.a(lib_a-findfp.o)
 .ARM.attributes
                0x00000cc9       0x2e c:/program files (x86)/atmel/studio/7.0/toolchain/arm/arm-gnu-toolchain/bin/../lib/gcc/arm-none-eabi/6.3.1/../../../../arm-none-eabi/lib/thumb/v7e-m\libc_nano.a(lib_a-fwalk.o)
 .ARM.attributes
                0x00000cf7       0x2e c:/program files (x86)/atmel/studio/7.0/toolchain/arm/arm-gnu-toolchain/bin/../lib/gcc/arm-none-eabi/6.3.1/../../../../arm-none-eabi/lib/thumb/v7e-m\libc_nano.a(lib_a-makebuf.o)
 .ARM.attributes
                0x00000d25       0x2e c:/program files (x86)/atmel/studio/7.0/toolchain/arm/arm-gnu-toolchain/bin/../lib/gcc/arm-none-eabi/6.3.1/../../../../arm-none-eabi/lib/thumb/v7e-m\libc_nano.a(lib_a-malloc.o)
 .ARM.attributes
                0x00000d53       0x2e c:/program files (x86)/atmel/studio/7.0/toolchain/arm/arm-gnu-toolchain/bin/../lib/gcc/arm-none-eabi/6.3.1/../../../../arm-none-eabi/lib/thumb/v7e-m\libc_nano.a(lib_a-nano-freer.o)
 .ARM.attributes
                0x00000d81       0x2e c:/program files (x86)/atmel/studio/7.0/toolchain/arm/arm-gnu-toolchain/bin/../lib/gcc/arm-none-eabi/6.3.1/../../../../arm-none-eabi/lib/thumb/v7e-m\libc_nano.a(lib_a-nano-mallocr.o)
 .ARM.attributes
                0x00000daf       0x2e c:/program files (x86)/atmel/studio/7.0/toolchain/arm/arm-gnu-toolchain/bin/../lib/gcc/arm-none-eabi/6.3.1/../../../../arm-none-eabi/lib/thumb/v7e-m\libc_nano.a(lib_a-nano-vfprintf.o)
 .ARM.attributes
                0x00000ddd       0x2e c:/program files (x86)/atmel/studio/7.0/toolchain/arm/arm-gnu-toolchain/bin/../lib/gcc/arm-none-eabi/6.3.1/../../../../arm-none-eabi/lib/thumb/v7e-m\libc_nano.a(lib_a-nano-vfprintf_i.o)
 .ARM.attributes
                0x00000e0b       0x2e c:/program files (x86)/atmel/studio/7.0/toolchain/arm/arm-gnu-toolchain/bin/../lib/gcc/arm-none-eabi/6.3.1/../../../../arm-none-eabi/lib/thumb/v7e-m\libc_nano.a(lib_a-sbrkr.o)
 .ARM.attributes
                0x00000e39       0x2e c:/program files (x86)/atmel/studio/7.0/toolchain/arm/arm-gnu-toolchain/bin/../lib/gcc/arm-none-eabi/6.3.1/../../../../arm-none-eabi/lib/thumb/v7e-m\libc_nano.a(lib_a-stdio.o)
 .ARM.attributes
                0x00000e67       0x2e c:/program files (x86)/atmel/studio/7.0/toolchain/arm/arm-gnu-toolchain/bin/../lib/gcc/arm-none-eabi/6.3.1/../../../../arm-none-eabi/lib/thumb/v7e-m\libc_nano.a(lib_a-writer.o)
 .ARM.attributes
                0x00000e95       0x2e c:/program files (x86)/atmel/studio/7.0/toolchain/arm/arm-gnu-toolchain/bin/../lib/gcc/arm-none-eabi/6.3.1/../../../../arm-none-eabi/lib/thumb/v7e-m\libc_nano.a(lib_a-closer.o)
 .ARM.attributes
                0x00000ec3       0x2e c:/program files (x86)/atmel/studio/7.0/toolchain/arm/arm-gnu-toolchain/bin/../lib/gcc/arm-none-eabi/6.3.1/../../../../arm-none-eabi/lib/thumb/v7e-m\libc_nano.a(lib_a-fstatr.o)
 .ARM.attributes
                0x00000ef1       0x2e c:/program files (x86)/atmel/studio/7.0/toolchain/arm/arm-gnu-toolchain/bin/../lib/gcc/arm-none-eabi/6.3.1/../../../../arm-none-eabi/lib/thumb/v7e-m\libc_nano.a(lib_a-isattyr.o)
 .ARM.attributes
                0x00000f1f       0x2e c:/program files (x86)/atmel/studio/7.0/toolchain/arm/arm-gnu-toolchain/bin/../lib/gcc/arm-none-eabi/6.3.1/../../../../arm-none-eabi/lib/thumb/v7e-m\libc_nano.a(lib_a-lseekr.o)
 .ARM.attributes
                0x00000f4d       0x1c c:/program files (x86)/atmel/studio/7.0/toolchain/arm/arm-gnu-toolchain/bin/../lib/gcc/arm-none-eabi/6.3.1/../../../../arm-none-eabi/lib/thumb/v7e-m\libc_nano.a(lib_a-memchr.o)
 .ARM.attributes
                0x00000f69       0x2e c:/program files (x86)/atmel/studio/7.0/toolchain/arm/arm-gnu-toolchain/bin/../lib/gcc/arm-none-eabi/6.3.1/../../../../arm-none-eabi/lib/thumb/v7e-m\libc_nano.a(lib_a-mlock.o)
 .ARM.attributes
                0x00000f97       0x2e c:/program files (x86)/atmel/studio/7.0/toolchain/arm/arm-gnu-toolchain/bin/../lib/gcc/arm-none-eabi/6.3.1/../../../../arm-none-eabi/lib/thumb/v7e-m\libc_nano.a(lib_a-readr.o)
 .ARM.attributes
                0x00000fc5       0x2e c:/program files (x86)/atmel/studio/7.0/toolchain/arm/arm-gnu-toolchain/bin/../lib/gcc/arm-none-eabi/6.3.1/../../../../arm-none-eabi/lib/thumb/v7e-m\libc_nano.a(lib_a-reent.o)
 .ARM.attributes
                0x00000ff3       0x1e c:/program files (x86)/atmel/studio/7.0/toolchain/arm/arm-gnu-toolchain/bin/../lib/gcc/arm-none-eabi/6.3.1/thumb/v7e-m/crtn.o

.comment        0x00000000       0x59
 .comment       0x00000000       0x59 atmel_start.o
                                 0x5a (size before relaxing)
 .comment       0x00000059       0x5a Device_Startup/startup_same53.o
 .comment       0x00000059       0x5a driver_init.o
 .comment       0x00000059       0x5a ethernet_phy/ethernet_phy.o
 .comment       0x00000059       0x5a ethernet_phy_main.o
 .comment       0x00000059       0x5a eth_ipstack_main.o
 .comment       0x00000059       0x5a hal/src/hal_io.o
 .comment       0x00000059       0x5a hal/src/hal_mac_async.o
 .comment       0x00000059       0x5a hal/src/hal_timer.o
 .comment       0x00000059       0x5a hal/src/hal_usart_sync.o
 .comment       0x00000059       0x5a hal/utils/src/utils_list.o
 .comment       0x00000059       0x5a hal/utils/src/utils_syscalls.o
 .comment       0x00000059       0x5a hpl/core/hpl_init.o
 .comment       0x00000059       0x5a hpl/gclk/hpl_gclk.o
 .comment       0x00000059       0x5a hpl/gmac/hpl_gmac.o
 .comment       0x00000059       0x5a hpl/mclk/hpl_mclk.o
 .comment       0x00000059       0x5a hpl/osc32kctrl/hpl_osc32kctrl.o
 .comment       0x00000059       0x5a hpl/oscctrl/hpl_oscctrl.o
 .comment       0x00000059       0x5a hpl/ramecc/hpl_ramecc.o
 .comment       0x00000059       0x5a hpl/rtc/hpl_rtc.o
 .comment       0x00000059       0x5a hpl/sercom/hpl_sercom.o
 .comment       0x00000059       0x5a lwip/lwip-1.4.0/port/ethif_mac.o
 .comment       0x00000059       0x5a lwip/lwip-1.4.0/src/core/def.o
 .comment       0x00000059       0x5a lwip/lwip-1.4.0/src/core/dhcp.o
 .comment       0x00000059       0x5a lwip/lwip-1.4.0/src/core/init.o
 .comment       0x00000059       0x5a lwip/lwip-1.4.0/src/core/ipv4/autoip.o
 .comment       0x00000059       0x5a lwip/lwip-1.4.0/src/core/ipv4/icmp.o
 .comment       0x00000059       0x5a lwip/lwip-1.4.0/src/core/ipv4/inet_chksum.o
 .comment       0x00000059       0x5a lwip/lwip-1.4.0/src/core/ipv4/ip.o
 .comment       0x00000059       0x5a lwip/lwip-1.4.0/src/core/ipv4/ip_addr.o
 .comment       0x00000059       0x5a lwip/lwip-1.4.0/src/core/ipv4/ip_frag.o
 .comment       0x00000059       0x5a lwip/lwip-1.4.0/src/core/mem.o
 .comment       0x00000059       0x5a lwip/lwip-1.4.0/src/core/memp.o
 .comment       0x00000059       0x5a lwip/lwip-1.4.0/src/core/netif.o
 .comment       0x00000059       0x5a lwip/lwip-1.4.0/src/core/pbuf.o
 .comment       0x00000059       0x5a lwip/lwip-1.4.0/src/core/tcp.o
 .comment       0x00000059       0x5a lwip/lwip-1.4.0/src/core/tcp_in.o
 .comment       0x00000059       0x5a lwip/lwip-1.4.0/src/core/tcp_out.o
 .comment       0x00000059       0x5a lwip/lwip-1.4.0/src/core/timers.o
 .comment       0x00000059       0x5a lwip/lwip-1.4.0/src/core/udp.o
 .comment       0x00000059       0x5a lwip/lwip-1.4.0/src/netif/etharp.o
 .comment       0x00000059       0x5a main.o
 .comment       0x00000059       0x5a stdio_redirect/gcc/read.o
 .comment       0x00000059       0x5a stdio_redirect/gcc/write.o
 .comment       0x00000059       0x5a stdio_redirect/stdio_io.o
 .comment       0x00000059       0x5a stdio_start.o

.debug_frame    0x00000000      0x848
 .debug_frame   0x00000000       0x2c c:/program files (x86)/atmel/studio/7.0/toolchain/arm/arm-gnu-toolchain/bin/../lib/gcc/arm-none-eabi/6.3.1/../../../../arm-none-eabi/lib/thumb/v7e-m\libc_nano.a(lib_a-init.o)
 .debug_frame   0x0000002c       0x28 c:/program files (x86)/atmel/studio/7.0/toolchain/arm/arm-gnu-toolchain/bin/../lib/gcc/arm-none-eabi/6.3.1/../../../../arm-none-eabi/lib/thumb/v7e-m\libc_nano.a(lib_a-memcmp.o)
 .debug_frame   0x00000054       0x28 c:/program files (x86)/atmel/studio/7.0/toolchain/arm/arm-gnu-toolchain/bin/../lib/gcc/arm-none-eabi/6.3.1/../../../../arm-none-eabi/lib/thumb/v7e-m\libc_nano.a(lib_a-memcpy-stub.o)
 .debug_frame   0x0000007c       0x20 c:/program files (x86)/atmel/studio/7.0/toolchain/arm/arm-gnu-toolchain/bin/../lib/gcc/arm-none-eabi/6.3.1/../../../../arm-none-eabi/lib/thumb/v7e-m\libc_nano.a(lib_a-memset.o)
 .debug_frame   0x0000009c       0x74 c:/program files (x86)/atmel/studio/7.0/toolchain/arm/arm-gnu-toolchain/bin/../lib/gcc/arm-none-eabi/6.3.1/../../../../arm-none-eabi/lib/thumb/v7e-m\libc_nano.a(lib_a-printf.o)
 .debug_frame   0x00000110       0x3c c:/program files (x86)/atmel/studio/7.0/toolchain/arm/arm-gnu-toolchain/bin/../lib/gcc/arm-none-eabi/6.3.1/../../../../arm-none-eabi/lib/thumb/v7e-m\libc_nano.a(lib_a-puts.o)
 .debug_frame   0x0000014c       0x20 c:/program files (x86)/atmel/studio/7.0/toolchain/arm/arm-gnu-toolchain/bin/../lib/gcc/arm-none-eabi/6.3.1/../../../../arm-none-eabi/lib/thumb/v7e-m\libc_nano.a(lib_a-setbuf.o)
 .debug_frame   0x0000016c       0x38 c:/program files (x86)/atmel/studio/7.0/toolchain/arm/arm-gnu-toolchain/bin/../lib/gcc/arm-none-eabi/6.3.1/../../../../arm-none-eabi/lib/thumb/v7e-m\libc_nano.a(lib_a-setvbuf.o)
 .debug_frame   0x000001a4       0x20 c:/program files (x86)/atmel/studio/7.0/toolchain/arm/arm-gnu-toolchain/bin/../lib/gcc/arm-none-eabi/6.3.1/../../../../arm-none-eabi/lib/thumb/v7e-m\libc_nano.a(lib_a-strcpy.o)
 .debug_frame   0x000001c4       0x40 c:/program files (x86)/atmel/studio/7.0/toolchain/arm/arm-gnu-toolchain/bin/../lib/gcc/arm-none-eabi/6.3.1/../../../../arm-none-eabi/lib/thumb/v7e-m\libc_nano.a(lib_a-wbuf.o)
 .debug_frame   0x00000204       0x2c c:/program files (x86)/atmel/studio/7.0/toolchain/arm/arm-gnu-toolchain/bin/../lib/gcc/arm-none-eabi/6.3.1/../../../../arm-none-eabi/lib/thumb/v7e-m\libc_nano.a(lib_a-wsetup.o)
 .debug_frame   0x00000230       0x68 c:/program files (x86)/atmel/studio/7.0/toolchain/arm/arm-gnu-toolchain/bin/../lib/gcc/arm-none-eabi/6.3.1/../../../../arm-none-eabi/lib/thumb/v7e-m\libc_nano.a(lib_a-fflush.o)
 .debug_frame   0x00000298      0x11c c:/program files (x86)/atmel/studio/7.0/toolchain/arm/arm-gnu-toolchain/bin/../lib/gcc/arm-none-eabi/6.3.1/../../../../arm-none-eabi/lib/thumb/v7e-m\libc_nano.a(lib_a-findfp.o)
 .debug_frame   0x000003b4       0x54 c:/program files (x86)/atmel/studio/7.0/toolchain/arm/arm-gnu-toolchain/bin/../lib/gcc/arm-none-eabi/6.3.1/../../../../arm-none-eabi/lib/thumb/v7e-m\libc_nano.a(lib_a-fwalk.o)
 .debug_frame   0x00000408       0x58 c:/program files (x86)/atmel/studio/7.0/toolchain/arm/arm-gnu-toolchain/bin/../lib/gcc/arm-none-eabi/6.3.1/../../../../arm-none-eabi/lib/thumb/v7e-m\libc_nano.a(lib_a-makebuf.o)
 .debug_frame   0x00000460       0x30 c:/program files (x86)/atmel/studio/7.0/toolchain/arm/arm-gnu-toolchain/bin/../lib/gcc/arm-none-eabi/6.3.1/../../../../arm-none-eabi/lib/thumb/v7e-m\libc_nano.a(lib_a-malloc.o)
 .debug_frame   0x00000490       0x38 c:/program files (x86)/atmel/studio/7.0/toolchain/arm/arm-gnu-toolchain/bin/../lib/gcc/arm-none-eabi/6.3.1/../../../../arm-none-eabi/lib/thumb/v7e-m\libc_nano.a(lib_a-nano-freer.o)
 .debug_frame   0x000004c8       0x2c c:/program files (x86)/atmel/studio/7.0/toolchain/arm/arm-gnu-toolchain/bin/../lib/gcc/arm-none-eabi/6.3.1/../../../../arm-none-eabi/lib/thumb/v7e-m\libc_nano.a(lib_a-nano-mallocr.o)
 .debug_frame   0x000004f4       0xac c:/program files (x86)/atmel/studio/7.0/toolchain/arm/arm-gnu-toolchain/bin/../lib/gcc/arm-none-eabi/6.3.1/../../../../arm-none-eabi/lib/thumb/v7e-m\libc_nano.a(lib_a-nano-vfprintf.o)
 .debug_frame   0x000005a0       0x60 c:/program files (x86)/atmel/studio/7.0/toolchain/arm/arm-gnu-toolchain/bin/../lib/gcc/arm-none-eabi/6.3.1/../../../../arm-none-eabi/lib/thumb/v7e-m\libc_nano.a(lib_a-nano-vfprintf_i.o)
 .debug_frame   0x00000600       0x2c c:/program files (x86)/atmel/studio/7.0/toolchain/arm/arm-gnu-toolchain/bin/../lib/gcc/arm-none-eabi/6.3.1/../../../../arm-none-eabi/lib/thumb/v7e-m\libc_nano.a(lib_a-sbrkr.o)
 .debug_frame   0x0000062c       0x88 c:/program files (x86)/atmel/studio/7.0/toolchain/arm/arm-gnu-toolchain/bin/../lib/gcc/arm-none-eabi/6.3.1/../../../../arm-none-eabi/lib/thumb/v7e-m\libc_nano.a(lib_a-stdio.o)
 .debug_frame   0x000006b4       0x2c c:/program files (x86)/atmel/studio/7.0/toolchain/arm/arm-gnu-toolchain/bin/../lib/gcc/arm-none-eabi/6.3.1/../../../../arm-none-eabi/lib/thumb/v7e-m\libc_nano.a(lib_a-writer.o)
 .debug_frame   0x000006e0       0x2c c:/program files (x86)/atmel/studio/7.0/toolchain/arm/arm-gnu-toolchain/bin/../lib/gcc/arm-none-eabi/6.3.1/../../../../arm-none-eabi/lib/thumb/v7e-m\libc_nano.a(lib_a-closer.o)
 .debug_frame   0x0000070c       0x2c c:/program files (x86)/atmel/studio/7.0/toolchain/arm/arm-gnu-toolchain/bin/../lib/gcc/arm-none-eabi/6.3.1/../../../../arm-none-eabi/lib/thumb/v7e-m\libc_nano.a(lib_a-fstatr.o)
 .debug_frame   0x00000738       0x2c c:/program files (x86)/atmel/studio/7.0/toolchain/arm/arm-gnu-toolchain/bin/../lib/gcc/arm-none-eabi/6.3.1/../../../../arm-none-eabi/lib/thumb/v7e-m\libc_nano.a(lib_a-isattyr.o)
 .debug_frame   0x00000764       0x2c c:/program files (x86)/atmel/studio/7.0/toolchain/arm/arm-gnu-toolchain/bin/../lib/gcc/arm-none-eabi/6.3.1/../../../../arm-none-eabi/lib/thumb/v7e-m\libc_nano.a(lib_a-lseekr.o)
 .debug_frame   0x00000790       0x30 c:/program files (x86)/atmel/studio/7.0/toolchain/arm/arm-gnu-toolchain/bin/../lib/gcc/arm-none-eabi/6.3.1/../../../../arm-none-eabi/lib/thumb/v7e-m\libc_nano.a(lib_a-mlock.o)
 .debug_frame   0x000007c0       0x2c c:/program files (x86)/atmel/studio/7.0/toolchain/arm/arm-gnu-toolchain/bin/../lib/gcc/arm-none-eabi/6.3.1/../../../../arm-none-eabi/lib/thumb/v7e-m\libc_nano.a(lib_a-readr.o)
 .debug_frame   0x000007ec       0x5c c:/program files (x86)/atmel/studio/7.0/toolchain/arm/arm-gnu-toolchain/bin/../lib/gcc/arm-none-eabi/6.3.1/../../../../arm-none-eabi/lib/thumb/v7e-m\libc_nano.a(lib_a-reent.o)